hash_cands n=1000000 d=960 |S|=20000 k=10 j=2 C=8000
  signatures reused from /mnt/raid/fgraft-campaign-2026-09-22/capped/gist_a0.02_sig_k16.npy
  buckets: 6636399 keys from 45000000 memberships (12s); size mean 6.8 median 2 p90 13 p99 86 max 6066; singletons 0.447
  per-object union bound: mean 4278 median 2900 p10 780 p90 9309 max 50026; objects with bound < C: 0.866; sum pairs/2 = 2.14 G (all-pairs cost bound)
  rows 20000/1000000  38s
  rows 40000/1000000  74s
  rows 60000/1000000  112s
  rows 80000/1000000  150s
  rows 100000/1000000  188s
  rows 120000/1000000  227s
  rows 140000/1000000  263s
  rows 160000/1000000  300s
  rows 180000/1000000  337s
  rows 200000/1000000  375s
  rows 220000/1000000  412s
  rows 240000/1000000  449s
  rows 260000/1000000  487s
  rows 280000/1000000  524s
  rows 300000/1000000  562s
  rows 320000/1000000  601s
  rows 340000/1000000  638s
  rows 360000/1000000  677s
  rows 380000/1000000  714s
  rows 400000/1000000  750s
  rows 420000/1000000  787s
  rows 440000/1000000  822s
  rows 460000/1000000  857s
  rows 480000/1000000  896s
  rows 500000/1000000  931s
  rows 520000/1000000  968s
  rows 540000/1000000  1004s
  rows 560000/1000000  1041s
  rows 580000/1000000  1078s
  rows 600000/1000000  1116s
  rows 620000/1000000  1153s
  rows 640000/1000000  1189s
  rows 660000/1000000  1225s
  rows 680000/1000000  1261s
  rows 700000/1000000  1299s
  rows 720000/1000000  1338s
  rows 740000/1000000  1374s
  rows 760000/1000000  1412s
  rows 780000/1000000  1447s
  rows 800000/1000000  1484s
  rows 820000/1000000  1520s
  rows 840000/1000000  1558s
  rows 860000/1000000  1595s
  rows 880000/1000000  1632s
  rows 900000/1000000  1669s
  rows 920000/1000000  1707s
  rows 940000/1000000  1743s
  rows 960000/1000000  1781s
  rows 980000/1000000  1818s
  rows 1000000/1000000  1855s
  done: rows truncated to C 31115 (0.031), rows shorter than C 968870 (0.969); file /mnt/raid/fgraft-campaign-2026-09-22/capped/gist_j2_k10_C8000.i32
