Vary degree = 0
Ground truth: detected 1000 points with num results 100
Data: detected 1000000 points with dimension 960
Data: detected 1000 points with dimension 960
Graph: detected 1000000 points with max degree 1155
Total edges read from file: 19751013
start index = 0
Average visited: 0, Tail visited: 0
Vamana graph built with 1000000 points and parameters R = 64, L = 128
Graph has average degree 19.751 and maximum degree 1155
Graph built in 0 seconds
BUILD_DISTANCES 0
For 10@10 recall = 0.1645, QPS = 48735.3, Q = 10, cut = 1.35, visited limit = 10, degree limit: 50, average visited = 10, average cmps = 327
For 10@10 recall = 0.2141, QPS = 41320.6, Q = 11, cut = 1.35, visited limit = 11, degree limit: 55, average visited = 11, average cmps = 376
For 10@10 recall = 0.303, QPS = 31903, Q = 13, cut = 1.35, visited limit = 13, degree limit: 65, average visited = 13, average cmps = 472
For 10@10 recall = 0.4002, QPS = 24390.2, Q = 16, cut = 1.35, visited limit = 16, degree limit: 80, average visited = 16, average cmps = 601
For 10@10 recall = 0.5312, QPS = 17122.4, Q = 22, cut = 1.35, visited limit = 22, degree limit: 110, average visited = 22, average cmps = 840
For 10@10 recall = 0.6414, QPS = 12315.4, Q = 30, cut = 1.35, visited limit = 30, degree limit: 150, average visited = 30, average cmps = 1145
For 10@10 recall = 0.7077, QPS = 8212.74, Q = 26, cut = 1.35, visited limit = 1000000, degree limit: 1155, average visited = 37, average cmps = 1439
For 10@10 recall = 0.7595, QPS = 7442.53, Q = 34, cut = 1.35, visited limit = 1000000, degree limit: 1155, average visited = 44, average cmps = 1726
For 10@10 recall = 0.8011, QPS = 6154.98, Q = 45, cut = 1.35, visited limit = 1000000, degree limit: 1155, average visited = 55, average cmps = 2104
For 10@10 recall = 0.8579, QPS = 4631.67, Q = 65, cut = 1.35, visited limit = 1000000, degree limit: 1155, average visited = 76, average cmps = 2778
For 10@10 recall = 0.9121, QPS = 3309.82, Q = 100, cut = 1.35, visited limit = 1000000, degree limit: 1155, average visited = 111, average cmps = 3871
For 10@10 recall = 0.9426, QPS = 2535.24, Q = 140, cut = 1.35, visited limit = 1000000, degree limit: 1155, average visited = 153, average cmps = 5033
For 10@10 recall = 0.9518, QPS = 2179.93, Q = 160, cut = 1.35, visited limit = 1000000, degree limit: 1155, average visited = 173, average cmps = 5617
For 10@10 recall = 0.9701, QPS = 1745.07, Q = 225, cut = 1.35, visited limit = 1000000, degree limit: 1155, average visited = 239, average cmps = 7337
For 10@10 recall = 0.9805, QPS = 1384.45, Q = 300, cut = 1.35, visited limit = 1000000, degree limit: 1155, average visited = 316, average cmps = 9168
For 10@10 recall = 0.9931, QPS = 942.489, Q = 500, cut = 1.35, visited limit = 1000000, degree limit: 1155, average visited = 513, average cmps = 13603
For 10@10 recall = 0.9969, QPS = 706.98, Q = 750, cut = 1.35, visited limit = 1000000, degree limit: 1155, average visited = 758, average cmps = 18274

Parlay time: 24.1579
