Vary degree = 0
Ground truth: detected 1000 points with num results 100
Data: detected 1000000 points with dimension 960
Data: detected 1000 points with dimension 960
Graph: detected 1000000 points with max degree 1126
Total edges read from file: 18214882
start index = 0
Average visited: 0, Tail visited: 0
Vamana graph built with 1000000 points and parameters R = 64, L = 128
Graph has average degree 18.2149 and maximum degree 1126
Graph built in 0 seconds
BUILD_DISTANCES 0
For 10@10 recall = 0.206, QPS = 49790.9, Q = 10, cut = 1.35, visited limit = 10, degree limit: 50, average visited = 10, average cmps = 335
For 10@10 recall = 0.3035, QPS = 37718.8, Q = 12, cut = 1.35, visited limit = 12, degree limit: 60, average visited = 12, average cmps = 439
For 10@10 recall = 0.4141, QPS = 27703.9, Q = 15, cut = 1.35, visited limit = 15, degree limit: 75, average visited = 15, average cmps = 577
For 10@10 recall = 0.5161, QPS = 21002.2, Q = 19, cut = 1.35, visited limit = 19, degree limit: 95, average visited = 19, average cmps = 740
For 10@10 recall = 0.6084, QPS = 16179.9, Q = 24, cut = 1.35, visited limit = 24, degree limit: 120, average visited = 24, average cmps = 937
For 10@10 recall = 0.7041, QPS = 11196.2, Q = 22, cut = 1.35, visited limit = 1000000, degree limit: 1126, average visited = 31, average cmps = 1252
For 10@10 recall = 0.7646, QPS = 8405.34, Q = 30, cut = 1.35, visited limit = 1000000, degree limit: 1126, average visited = 39, average cmps = 1558
For 10@10 recall = 0.8204, QPS = 7153.59, Q = 40, cut = 1.35, visited limit = 1000000, degree limit: 1126, average visited = 50, average cmps = 1939
For 10@10 recall = 0.8529, QPS = 6073.53, Q = 50, cut = 1.35, visited limit = 1000000, degree limit: 1126, average visited = 59, average cmps = 2289
For 10@10 recall = 0.9, QPS = 4756.83, Q = 70, cut = 1.35, visited limit = 1000000, degree limit: 1126, average visited = 79, average cmps = 2929
For 10@10 recall = 0.935, QPS = 3594.83, Q = 100, cut = 1.35, visited limit = 1000000, degree limit: 1126, average visited = 110, average cmps = 3868
For 10@10 recall = 0.9604, QPS = 2765.32, Q = 140, cut = 1.35, visited limit = 1000000, degree limit: 1126, average visited = 152, average cmps = 5039
For 10@10 recall = 0.9734, QPS = 2250.2, Q = 180, cut = 1.35, visited limit = 1000000, degree limit: 1126, average visited = 191, average cmps = 6198
For 10@10 recall = 0.9813, QPS = 1889.5, Q = 225, cut = 1.35, visited limit = 1000000, degree limit: 1126, average visited = 238, average cmps = 7338
For 10@10 recall = 0.9915, QPS = 1268.94, Q = 375, cut = 1.35, visited limit = 1000000, degree limit: 1126, average visited = 391, average cmps = 10900
For 10@10 recall = 0.9975, QPS = 749.587, Q = 750, cut = 1.35, visited limit = 1000000, degree limit: 1126, average visited = 755, average cmps = 18402

Parlay time: 23.0567
