Vary degree = 0
Ground truth: detected 1000 points with num results 100
Data: detected 1000000 points with dimension 960
Data: detected 1000 points with dimension 960
Graph: detected 1000000 points with max degree 1129
Total edges read from file: 18019522
start index = 0
Average visited: 0, Tail visited: 0
Vamana graph built with 1000000 points and parameters R = 64, L = 128
Graph has average degree 18.0195 and maximum degree 1129
Graph built in 0 seconds
BUILD_DISTANCES 0
For 10@10 recall = 0.2067, QPS = 35434.6, Q = 10, cut = 1.35, visited limit = 10, degree limit: 50, average visited = 10, average cmps = 336
For 10@10 recall = 0.3134, QPS = 25325.4, Q = 12, cut = 1.35, visited limit = 12, degree limit: 60, average visited = 12, average cmps = 444
For 10@10 recall = 0.4234, QPS = 18535.3, Q = 15, cut = 1.35, visited limit = 15, degree limit: 75, average visited = 15, average cmps = 584
For 10@10 recall = 0.5338, QPS = 19722.3, Q = 10, cut = 1.35, visited limit = 1000000, degree limit: 1129, average visited = 18, average cmps = 773
For 10@10 recall = 0.607, QPS = 15034, Q = 14, cut = 1.35, visited limit = 1000000, degree limit: 1129, average visited = 23, average cmps = 936
For 10@10 recall = 0.7245, QPS = 7470.94, Q = 35, cut = 1.35, visited limit = 35, degree limit: 175, average visited = 35, average cmps = 1364
For 10@10 recall = 0.7629, QPS = 5398.55, Q = 30, cut = 1.35, visited limit = 1000000, degree limit: 1129, average visited = 39, average cmps = 1551
For 10@10 recall = 0.8021, QPS = 4696.14, Q = 38, cut = 1.35, visited limit = 1000000, degree limit: 1129, average visited = 47, average cmps = 1840
For 10@10 recall = 0.8507, QPS = 3778.92, Q = 50, cut = 1.35, visited limit = 1000000, degree limit: 1129, average visited = 59, average cmps = 2290
For 10@10 recall = 0.9136, QPS = 2443.8, Q = 80, cut = 1.35, visited limit = 1000000, degree limit: 1129, average visited = 89, average cmps = 3280
For 10@10 recall = 0.935, QPS = 2115.85, Q = 100, cut = 1.35, visited limit = 1000000, degree limit: 1129, average visited = 110, average cmps = 3865
For 10@10 recall = 0.9592, QPS = 1682.09, Q = 140, cut = 1.35, visited limit = 1000000, degree limit: 1129, average visited = 152, average cmps = 5044
For 10@10 recall = 0.9722, QPS = 1361.64, Q = 180, cut = 1.35, visited limit = 1000000, degree limit: 1129, average visited = 191, average cmps = 6189
For 10@10 recall = 0.9803, QPS = 1112.99, Q = 225, cut = 1.35, visited limit = 1000000, degree limit: 1129, average visited = 238, average cmps = 7346
For 10@10 recall = 0.9914, QPS = 772.87, Q = 375, cut = 1.35, visited limit = 1000000, degree limit: 1129, average visited = 391, average cmps = 10919
For 10@10 recall = 0.9972, QPS = 481.175, Q = 750, cut = 1.35, visited limit = 1000000, degree limit: 1129, average visited = 755, average cmps = 18414

Parlay time: 32.7637
