Vary degree = 0
Ground truth: detected 10000 points with num results 100
Data: detected 6350000 points with dimension 1024
Data: detected 10000 points with dimension 1024
Graph: detected 6350000 points with max degree 246
Total edges read from file: 250004853
start index = 0
Average visited: 0, Tail visited: 0
Vamana graph built with 6350000 points and parameters R = 64, L = 128
Graph has average degree 39.3708 and maximum degree 246
Graph built in 0 seconds
BUILD_DISTANCES 0
For 10@10 recall = 0.32117, QPS = 44877.3, Q = 10, cut = 1.35, visited limit = 10, degree limit: 50, average visited = 10, average cmps = 420
For 10@10 recall = 0.4628, QPS = 34692.3, Q = 12, cut = 1.35, visited limit = 12, degree limit: 60, average visited = 12, average cmps = 526
For 10@10 recall = 0.51314, QPS = 31521, Q = 13, cut = 1.35, visited limit = 13, degree limit: 65, average visited = 13, average cmps = 573
For 10@10 recall = 0.61839, QPS = 25090, Q = 16, cut = 1.35, visited limit = 16, degree limit: 80, average visited = 16, average cmps = 693
For 10@10 recall = 0.70386, QPS = 20071.1, Q = 20, cut = 1.35, visited limit = 20, degree limit: 100, average visited = 20, average cmps = 848
For 10@10 recall = 0.76223, QPS = 18926.4, Q = 12, cut = 1.35, visited limit = 6350000, degree limit: 246, average visited = 21, average cmps = 905
For 10@10 recall = 0.81705, QPS = 14816.2, Q = 17, cut = 1.35, visited limit = 6350000, degree limit: 246, average visited = 27, average cmps = 1117
For 10@10 recall = 0.8565, QPS = 11754.4, Q = 24, cut = 1.35, visited limit = 6350000, degree limit: 246, average visited = 34, average cmps = 1391
For 10@10 recall = 0.90199, QPS = 8084.31, Q = 40, cut = 1.35, visited limit = 6350000, degree limit: 246, average visited = 50, average cmps = 2001
For 10@10 recall = 0.93423, QPS = 5535.6, Q = 65, cut = 1.35, visited limit = 6350000, degree limit: 246, average visited = 76, average cmps = 2865
For 10@10 recall = 0.95192, QPS = 3919.59, Q = 100, cut = 1.35, visited limit = 6350000, degree limit: 246, average visited = 112, average cmps = 3990
For 10@10 recall = 0.97132, QPS = 2187.37, Q = 200, cut = 1.35, visited limit = 6350000, degree limit: 246, average visited = 215, average cmps = 6903
For 10@10 recall = 0.98052, QPS = 1300.43, Q = 375, cut = 1.35, visited limit = 6350000, degree limit: 246, average visited = 393, average cmps = 11371

Parlay time: 220.7192
