Vary degree = 0
Ground truth: detected 10000 points with num results 100
Data: detected 1183514 points with dimension 100
Aligning bytes to 448
Data: detected 10000 points with dimension 100
Aligning bytes to 448
Graph: detected 1183514 points with max degree 479
Total edges read from file: 55397654
start index = 0
Average visited: 0, Tail visited: 0
Vamana graph built with 1183514 points and parameters R = 64, L = 100
Graph has average degree 46.8078 and maximum degree 479
Graph built in 0 seconds
BUILD_DISTANCES 0
For 10@10 recall = 0.24076, QPS = 321058, Q = 10, cut = 1.35, visited limit = 10, degree limit: 50, average visited = 10, average cmps = 410
For 10@10 recall = 0.30336, QPS = 263553, Q = 11, cut = 1.35, visited limit = 11, degree limit: 55, average visited = 11, average cmps = 478
For 10@10 recall = 0.40613, QPS = 203240, Q = 13, cut = 1.35, visited limit = 13, degree limit: 65, average visited = 13, average cmps = 606
For 10@10 recall = 0.59906, QPS = 161163, Q = 10, cut = 1.35, visited limit = 1183514, degree limit: 479, average visited = 19, average cmps = 913
For 10@10 recall = 0.61844, QPS = 151934, Q = 11, cut = 1.35, visited limit = 1183514, degree limit: 479, average visited = 20, average cmps = 964
For 10@10 recall = 0.70552, QPS = 91039.9, Q = 30, cut = 1.35, visited limit = 30, degree limit: 150, average visited = 30, average cmps = 1381
For 10@10 recall = 0.75357, QPS = 61841.4, Q = 24, cut = 1.35, visited limit = 1183514, degree limit: 479, average visited = 34, average cmps = 1625
For 10@10 recall = 0.80393, QPS = 47519.5, Q = 36, cut = 1.35, visited limit = 1183514, degree limit: 479, average visited = 47, average cmps = 2166
For 10@10 recall = 0.8502, QPS = 34867.7, Q = 55, cut = 1.35, visited limit = 1183514, degree limit: 479, average visited = 66, average cmps = 3022
For 10@10 recall = 0.90196, QPS = 21728.2, Q = 100, cut = 1.35, visited limit = 1183514, degree limit: 479, average visited = 112, average cmps = 4798
For 10@10 recall = 0.9328, QPS = 14755.6, Q = 160, cut = 1.35, visited limit = 1183514, degree limit: 479, average visited = 172, average cmps = 7039
For 10@10 recall = 0.95079, QPS = 11213.4, Q = 225, cut = 1.35, visited limit = 1183514, degree limit: 479, average visited = 233, average cmps = 9227
For 10@10 recall = 0.97154, QPS = 7142.41, Q = 375, cut = 1.35, visited limit = 1183514, degree limit: 479, average visited = 369, average cmps = 13785
For 10@10 recall = 0.98051, QPS = 5632.51, Q = 500, cut = 1.35, visited limit = 1183514, degree limit: 479, average visited = 471, average cmps = 17385
For 10@10 recall = 0.99278, QPS = 3078.02, Q = 1000, cut = 1.35, visited limit = 1183514, degree limit: 479, average visited = 842, average cmps = 29276

Parlay time: 40.0239
