Vary degree = 0
Ground truth: detected 10000 points with num results 100
Data: detected 1183514 points with dimension 100
Aligning bytes to 448
Data: detected 10000 points with dimension 100
Aligning bytes to 448
Graph: detected 1183514 points with max degree 64
Total edges read from file: 59667162
start index = 0
Average visited: 0, Tail visited: 0
Vamana graph built with 1183514 points and parameters R = 64, L = 100
Graph has average degree 50.4153 and maximum degree 64
Graph built in 0 seconds
BUILD_DISTANCES 0
For 10@10 recall = 0.21897, QPS = 377060, Q = 10, cut = 1.35, visited limit = 10, degree limit: 50, average visited = 10, average cmps = 473
For 10@10 recall = 0.35526, QPS = 255591, Q = 12, cut = 1.35, visited limit = 12, degree limit: 60, average visited = 12, average cmps = 655
For 10@10 recall = 0.41296, QPS = 221190, Q = 13, cut = 1.35, visited limit = 13, degree limit: 64, average visited = 13, average cmps = 742
For 10@10 recall = 0.50247, QPS = 177778, Q = 16, cut = 1.35, visited limit = 16, degree limit: 64, average visited = 16, average cmps = 897
For 10@10 recall = 0.60113, QPS = 134506, Q = 21, cut = 1.35, visited limit = 21, degree limit: 64, average visited = 21, average cmps = 1152
For 10@10 recall = 0.70875, QPS = 95752.4, Q = 19, cut = 1.35, visited limit = 1183514, degree limit: 64, average visited = 28, average cmps = 1558
For 10@10 recall = 0.76027, QPS = 69423.7, Q = 26, cut = 1.35, visited limit = 1183514, degree limit: 64, average visited = 36, average cmps = 1943
For 10@10 recall = 0.8054, QPS = 56121.1, Q = 36, cut = 1.35, visited limit = 1183514, degree limit: 64, average visited = 46, average cmps = 2458
For 10@10 recall = 0.85244, QPS = 41471.9, Q = 55, cut = 1.35, visited limit = 1183514, degree limit: 64, average visited = 65, average cmps = 3426
For 10@10 recall = 0.90583, QPS = 25614, Q = 100, cut = 1.35, visited limit = 1183514, degree limit: 64, average visited = 112, average cmps = 5450
For 10@10 recall = 0.9363, QPS = 17317.3, Q = 160, cut = 1.35, visited limit = 1183514, degree limit: 64, average visited = 172, average cmps = 7976
For 10@10 recall = 0.95353, QPS = 13090.8, Q = 225, cut = 1.35, visited limit = 1183514, degree limit: 64, average visited = 234, average cmps = 10408
For 10@10 recall = 0.9738, QPS = 8426.55, Q = 375, cut = 1.35, visited limit = 1183514, degree limit: 64, average visited = 368, average cmps = 15305
For 10@10 recall = 0.98143, QPS = 6702.99, Q = 500, cut = 1.35, visited limit = 1183514, degree limit: 64, average visited = 466, average cmps = 19122
For 10@10 recall = 0.99335, QPS = 3640.64, Q = 1000, cut = 1.35, visited limit = 1183514, degree limit: 64, average visited = 835, average cmps = 31809

Parlay time: 37.0871
