Vary degree = 0
Ground truth: detected 10000 points with num results 100
Data: detected 1183514 points with dimension 100
Aligning bytes to 448
Data: detected 10000 points with dimension 100
Aligning bytes to 448
Graph: detected 1183514 points with max degree 300
Total edges read from file: 53687320
start index = 0
Average visited: 0, Tail visited: 0
Vamana graph built with 1183514 points and parameters R = 64, L = 100
Graph has average degree 45.3626 and maximum degree 300
Graph built in 0 seconds
BUILD_DISTANCES 0
For 10@10 recall = 0.24136, QPS = 423729, Q = 10, cut = 1.35, visited limit = 10, degree limit: 50, average visited = 10, average cmps = 405
For 10@10 recall = 0.30239, QPS = 356532, Q = 11, cut = 1.35, visited limit = 11, degree limit: 55, average visited = 11, average cmps = 471
For 10@10 recall = 0.43389, QPS = 255304, Q = 14, cut = 1.35, visited limit = 14, degree limit: 70, average visited = 14, average cmps = 633
For 10@10 recall = 0.51797, QPS = 206249, Q = 17, cut = 1.35, visited limit = 17, degree limit: 85, average visited = 17, average cmps = 764
For 10@10 recall = 0.61129, QPS = 158587, Q = 22, cut = 1.35, visited limit = 22, degree limit: 110, average visited = 22, average cmps = 979
For 10@10 recall = 0.73052, QPS = 100003, Q = 35, cut = 1.35, visited limit = 35, degree limit: 175, average visited = 35, average cmps = 1532
For 10@10 recall = 0.75862, QPS = 75331.3, Q = 26, cut = 1.35, visited limit = 1183514, degree limit: 300, average visited = 37, average cmps = 1647
For 10@10 recall = 0.8002, QPS = 60860.6, Q = 36, cut = 1.35, visited limit = 1183514, degree limit: 300, average visited = 47, average cmps = 2088
For 10@10 recall = 0.85597, QPS = 41579.5, Q = 60, cut = 1.35, visited limit = 1183514, degree limit: 300, average visited = 71, average cmps = 3134
For 10@10 recall = 0.90158, QPS = 26823.1, Q = 100, cut = 1.35, visited limit = 1183514, degree limit: 300, average visited = 113, average cmps = 4622
For 10@10 recall = 0.93165, QPS = 18558.1, Q = 160, cut = 1.35, visited limit = 1183514, degree limit: 300, average visited = 172, average cmps = 6771
For 10@10 recall = 0.95431, QPS = 13277.7, Q = 250, cut = 1.35, visited limit = 1183514, degree limit: 300, average visited = 256, average cmps = 9699
For 10@10 recall = 0.97119, QPS = 9149.13, Q = 375, cut = 1.35, visited limit = 1183514, degree limit: 300, average visited = 370, average cmps = 13300
For 10@10 recall = 0.98833, QPS = 4886.96, Q = 750, cut = 1.35, visited limit = 1183514, degree limit: 300, average visited = 668, average cmps = 22754
For 10@10 recall = 0.99271, QPS = 4135.57, Q = 1000, cut = 1.35, visited limit = 1183514, degree limit: 300, average visited = 841, average cmps = 28208

Parlay time: 35.5172
