Vary degree = 0
Ground truth: detected 10000 points with num results 100
Data: detected 1183514 points with dimension 100
Aligning bytes to 448
Data: detected 10000 points with dimension 100
Aligning bytes to 448
Graph: detected 1183514 points with max degree 80
Total edges read from file: 53700813
start index = 0
Average visited: 0, Tail visited: 0
Vamana graph built with 1183514 points and parameters R = 100, L = 200
Graph has average degree 45.374 and maximum degree 80
Graph built in 0 seconds
BUILD_DISTANCES 0
For 10@10 recall = 0.26552, QPS = 309943, Q = 10, cut = 1.35, visited limit = 10, degree limit: 50, average visited = 10, average cmps = 428
For 10@10 recall = 0.32529, QPS = 261917, Q = 11, cut = 1.35, visited limit = 11, degree limit: 55, average visited = 11, average cmps = 495
For 10@10 recall = 0.41998, QPS = 204132, Q = 13, cut = 1.35, visited limit = 13, degree limit: 65, average visited = 13, average cmps = 616
For 10@10 recall = 0.59151, QPS = 167864, Q = 10, cut = 1.35, visited limit = 1183514, degree limit: 80, average visited = 18, average cmps = 876
For 10@10 recall = 0.60992, QPS = 157488, Q = 11, cut = 1.35, visited limit = 1183514, degree limit: 80, average visited = 19, average cmps = 925
For 10@10 recall = 0.70069, QPS = 86025.2, Q = 30, cut = 1.35, visited limit = 30, degree limit: 80, average visited = 30, average cmps = 1351
For 10@10 recall = 0.7575, QPS = 60935.9, Q = 26, cut = 1.35, visited limit = 1183514, degree limit: 80, average visited = 36, average cmps = 1648
For 10@10 recall = 0.80526, QPS = 47736.8, Q = 38, cut = 1.35, visited limit = 1183514, degree limit: 80, average visited = 48, average cmps = 2167
For 10@10 recall = 0.85541, QPS = 33772.3, Q = 60, cut = 1.35, visited limit = 1183514, degree limit: 80, average visited = 71, average cmps = 3130
For 10@10 recall = 0.90091, QPS = 22488.2, Q = 100, cut = 1.35, visited limit = 1183514, degree limit: 80, average visited = 112, average cmps = 4620
For 10@10 recall = 0.93191, QPS = 15292.5, Q = 160, cut = 1.35, visited limit = 1183514, degree limit: 80, average visited = 171, average cmps = 6765
For 10@10 recall = 0.95414, QPS = 10682.8, Q = 250, cut = 1.35, visited limit = 1183514, degree limit: 80, average visited = 255, average cmps = 9677
For 10@10 recall = 0.97124, QPS = 7417.27, Q = 375, cut = 1.35, visited limit = 1183514, degree limit: 80, average visited = 368, average cmps = 13266
For 10@10 recall = 0.98825, QPS = 3977.48, Q = 750, cut = 1.35, visited limit = 1183514, degree limit: 80, average visited = 664, average cmps = 22681
For 10@10 recall = 0.99269, QPS = 3170.05, Q = 1000, cut = 1.35, visited limit = 1183514, degree limit: 80, average visited = 836, average cmps = 28099

Parlay time: 39.1493
