Vary degree = 0
Ground truth: detected 10000 points with num results 100
Data: detected 1183514 points with dimension 100
Aligning bytes to 448
Data: detected 10000 points with dimension 100
Aligning bytes to 448
Graph: detected 1183514 points with max degree 80
Total edges read from file: 75658507
start index = 0
Average visited: 0, Tail visited: 0
Vamana graph built with 1183514 points and parameters R = 100, L = 200
Graph has average degree 63.927 and maximum degree 80
Graph built in 0 seconds
BUILD_DISTANCES 0
For 10@10 recall = 0.18741, QPS = 508388, Q = 10, cut = 1.35, visited limit = 10, degree limit: 50, average visited = 10, average cmps = 463
For 10@10 recall = 0.25527, QPS = 403861, Q = 11, cut = 1.35, visited limit = 11, degree limit: 55, average visited = 11, average cmps = 555
For 10@10 recall = 0.32568, QPS = 330480, Q = 12, cut = 1.35, visited limit = 12, degree limit: 60, average visited = 12, average cmps = 656
For 10@10 recall = 0.42261, QPS = 248022, Q = 14, cut = 1.35, visited limit = 14, degree limit: 70, average visited = 14, average cmps = 812
For 10@10 recall = 0.50494, QPS = 205107, Q = 17, cut = 1.35, visited limit = 17, degree limit: 80, average visited = 17, average cmps = 981
For 10@10 recall = 0.61095, QPS = 148872, Q = 23, cut = 1.35, visited limit = 23, degree limit: 80, average visited = 23, average cmps = 1281
For 10@10 recall = 0.70071, QPS = 105127, Q = 18, cut = 1.35, visited limit = 1183514, degree limit: 80, average visited = 28, average cmps = 1591
For 10@10 recall = 0.75342, QPS = 85877.5, Q = 26, cut = 1.35, visited limit = 1183514, degree limit: 80, average visited = 37, average cmps = 2031
For 10@10 recall = 0.80486, QPS = 63925.5, Q = 40, cut = 1.35, visited limit = 1183514, degree limit: 80, average visited = 52, average cmps = 2771
For 10@10 recall = 0.85285, QPS = 44742.3, Q = 65, cut = 1.35, visited limit = 1183514, degree limit: 80, average visited = 78, average cmps = 3849
For 10@10 recall = 0.90717, QPS = 24749.9, Q = 140, cut = 1.35, visited limit = 1183514, degree limit: 80, average visited = 155, average cmps = 6552
For 10@10 recall = 0.93286, QPS = 16884.6, Q = 225, cut = 1.35, visited limit = 1183514, degree limit: 80, average visited = 238, average cmps = 9308
For 10@10 recall = 0.95566, QPS = 10829.7, Q = 375, cut = 1.35, visited limit = 1183514, degree limit: 80, average visited = 379, average cmps = 13361
For 10@10 recall = 0.97667, QPS = 5646.41, Q = 750, cut = 1.35, visited limit = 1183514, degree limit: 80, average visited = 692, average cmps = 22382
For 10@10 recall = 0.98236, QPS = 4519.22, Q = 1000, cut = 1.35, visited limit = 1183514, degree limit: 80, average visited = 870, average cmps = 27618

Parlay time: 33.3915
