Vary degree = 0
Ground truth: detected 10000 points with num results 100
Data: detected 1183514 points with dimension 100
Aligning bytes to 448
Data: detected 10000 points with dimension 100
Aligning bytes to 448
Graph: detected 1183514 points with max degree 80
Total edges read from file: 62713984
start index = 0
Average visited: 0, Tail visited: 0
Vamana graph built with 1183514 points and parameters R = 100, L = 200
Graph has average degree 52.9896 and maximum degree 80
Graph built in 0 seconds
BUILD_DISTANCES 0
For 10@10 recall = 0.28131, QPS = 346693, Q = 10, cut = 1.35, visited limit = 10, degree limit: 50, average visited = 10, average cmps = 464
For 10@10 recall = 0.35184, QPS = 298900, Q = 11, cut = 1.35, visited limit = 11, degree limit: 55, average visited = 11, average cmps = 544
For 10@10 recall = 0.4088, QPS = 261390, Q = 12, cut = 1.35, visited limit = 12, degree limit: 60, average visited = 12, average cmps = 618
For 10@10 recall = 0.51221, QPS = 199033, Q = 15, cut = 1.35, visited limit = 15, degree limit: 75, average visited = 15, average cmps = 784
For 10@10 recall = 0.60307, QPS = 154369, Q = 10, cut = 1.35, visited limit = 1183514, degree limit: 80, average visited = 18, average cmps = 949
For 10@10 recall = 0.70282, QPS = 106985, Q = 28, cut = 1.35, visited limit = 28, degree limit: 80, average visited = 28, average cmps = 1406
For 10@10 recall = 0.75346, QPS = 65663.3, Q = 24, cut = 1.35, visited limit = 1183514, degree limit: 80, average visited = 33, average cmps = 1696
For 10@10 recall = 0.80448, QPS = 50126.3, Q = 36, cut = 1.35, visited limit = 1183514, degree limit: 80, average visited = 45, average cmps = 2273
For 10@10 recall = 0.85811, QPS = 33109.4, Q = 60, cut = 1.35, visited limit = 1183514, degree limit: 80, average visited = 69, average cmps = 3430
For 10@10 recall = 0.90453, QPS = 22424.3, Q = 100, cut = 1.35, visited limit = 1183514, degree limit: 80, average visited = 111, average cmps = 5110
For 10@10 recall = 0.93625, QPS = 16245.2, Q = 160, cut = 1.35, visited limit = 1183514, degree limit: 80, average visited = 170, average cmps = 7537
For 10@10 recall = 0.95477, QPS = 12504, Q = 225, cut = 1.35, visited limit = 1183514, degree limit: 80, average visited = 231, average cmps = 9898
For 10@10 recall = 0.97565, QPS = 8192.54, Q = 375, cut = 1.35, visited limit = 1183514, degree limit: 80, average visited = 364, average cmps = 14785
For 10@10 recall = 0.98361, QPS = 6714, Q = 500, cut = 1.35, visited limit = 1183514, degree limit: 80, average visited = 463, average cmps = 18633
For 10@10 recall = 0.99179, QPS = 4537.92, Q = 750, cut = 1.35, visited limit = 1183514, degree limit: 80, average visited = 659, average cmps = 25389
For 10@10 recall = 0.99527, QPS = 3659.38, Q = 1000, cut = 1.35, visited limit = 1183514, degree limit: 80, average visited = 829, average cmps = 31478

Parlay time: 37.7556
