Vary degree = 0
Ground truth: detected 10000 points with num results 100
Data: detected 1183514 points with dimension 100
Aligning bytes to 448
Data: detected 10000 points with dimension 100
Aligning bytes to 448
Graph: detected 1183514 points with max degree 80
Total edges read from file: 75771241
start index = 0
Average visited: 0, Tail visited: 0
Vamana graph built with 1183514 points and parameters R = 100, L = 200
Graph has average degree 64.0223 and maximum degree 80
Graph built in 0 seconds
BUILD_DISTANCES 0
For 10@10 recall = 0.19634, QPS = 491280, Q = 10, cut = 1.35, visited limit = 10, degree limit: 50, average visited = 10, average cmps = 464
For 10@10 recall = 0.26386, QPS = 375912, Q = 11, cut = 1.35, visited limit = 11, degree limit: 55, average visited = 11, average cmps = 557
For 10@10 recall = 0.33621, QPS = 317470, Q = 12, cut = 1.35, visited limit = 12, degree limit: 60, average visited = 12, average cmps = 657
For 10@10 recall = 0.40128, QPS = 275103, Q = 13, cut = 1.35, visited limit = 13, degree limit: 65, average visited = 13, average cmps = 754
For 10@10 recall = 0.51382, QPS = 201373, Q = 17, cut = 1.35, visited limit = 17, degree limit: 80, average visited = 17, average cmps = 982
For 10@10 recall = 0.60085, QPS = 152781, Q = 22, cut = 1.35, visited limit = 22, degree limit: 80, average visited = 22, average cmps = 1234
For 10@10 recall = 0.70771, QPS = 104334, Q = 19, cut = 1.35, visited limit = 1183514, degree limit: 80, average visited = 29, average cmps = 1634
For 10@10 recall = 0.75299, QPS = 83178.1, Q = 26, cut = 1.35, visited limit = 1183514, degree limit: 80, average visited = 37, average cmps = 2026
For 10@10 recall = 0.8056, QPS = 62964.4, Q = 40, cut = 1.35, visited limit = 1183514, degree limit: 80, average visited = 52, average cmps = 2776
For 10@10 recall = 0.8518, QPS = 44353.2, Q = 65, cut = 1.35, visited limit = 1183514, degree limit: 80, average visited = 78, average cmps = 3862
For 10@10 recall = 0.90603, QPS = 24501.8, Q = 140, cut = 1.35, visited limit = 1183514, degree limit: 80, average visited = 155, average cmps = 6592
For 10@10 recall = 0.93267, QPS = 16738.4, Q = 225, cut = 1.35, visited limit = 1183514, degree limit: 80, average visited = 238, average cmps = 9374
For 10@10 recall = 0.95511, QPS = 10701.7, Q = 375, cut = 1.35, visited limit = 1183514, degree limit: 80, average visited = 377, average cmps = 13454
For 10@10 recall = 0.97644, QPS = 5595.61, Q = 750, cut = 1.35, visited limit = 1183514, degree limit: 80, average visited = 688, average cmps = 22558
For 10@10 recall = 0.98211, QPS = 4489, Q = 1000, cut = 1.35, visited limit = 1183514, degree limit: 80, average visited = 864, average cmps = 27820

Parlay time: 33.3798
