Vary degree = 0
Ground truth: detected 10000 points with num results 100
Data: detected 1183514 points with dimension 100
Aligning bytes to 448
Data: detected 10000 points with dimension 100
Aligning bytes to 448
Graph: detected 1183514 points with max degree 80
Total edges read from file: 62665795
start index = 0
Average visited: 0, Tail visited: 0
Vamana graph built with 1183514 points and parameters R = 100, L = 200
Graph has average degree 52.9489 and maximum degree 80
Graph built in 0 seconds
BUILD_DISTANCES 0
For 10@10 recall = 0.28432, QPS = 373413, Q = 10, cut = 1.35, visited limit = 10, degree limit: 50, average visited = 10, average cmps = 464
For 10@10 recall = 0.3494, QPS = 306185, Q = 11, cut = 1.35, visited limit = 11, degree limit: 55, average visited = 11, average cmps = 545
For 10@10 recall = 0.41011, QPS = 268781, Q = 12, cut = 1.35, visited limit = 12, degree limit: 60, average visited = 12, average cmps = 623
For 10@10 recall = 0.51613, QPS = 204897, Q = 15, cut = 1.35, visited limit = 15, degree limit: 75, average visited = 15, average cmps = 794
For 10@10 recall = 0.60379, QPS = 154993, Q = 10, cut = 1.35, visited limit = 1183514, degree limit: 80, average visited = 18, average cmps = 956
For 10@10 recall = 0.70366, QPS = 109337, Q = 28, cut = 1.35, visited limit = 28, degree limit: 80, average visited = 28, average cmps = 1414
For 10@10 recall = 0.75328, QPS = 76681.2, Q = 24, cut = 1.35, visited limit = 1183514, degree limit: 80, average visited = 33, average cmps = 1699
For 10@10 recall = 0.80628, QPS = 58457.3, Q = 36, cut = 1.35, visited limit = 1183514, degree limit: 80, average visited = 45, average cmps = 2275
For 10@10 recall = 0.85152, QPS = 42409.5, Q = 55, cut = 1.35, visited limit = 1183514, degree limit: 80, average visited = 64, average cmps = 3185
For 10@10 recall = 0.90565, QPS = 25943.1, Q = 100, cut = 1.35, visited limit = 1183514, degree limit: 80, average visited = 111, average cmps = 5116
For 10@10 recall = 0.93775, QPS = 17461.6, Q = 160, cut = 1.35, visited limit = 1183514, degree limit: 80, average visited = 170, average cmps = 7548
For 10@10 recall = 0.95035, QPS = 14488.3, Q = 200, cut = 1.35, visited limit = 1183514, degree limit: 80, average visited = 209, average cmps = 8996
For 10@10 recall = 0.97596, QPS = 8379.05, Q = 375, cut = 1.35, visited limit = 1183514, degree limit: 80, average visited = 364, average cmps = 14816
For 10@10 recall = 0.98371, QPS = 6848.84, Q = 500, cut = 1.35, visited limit = 1183514, degree limit: 80, average visited = 464, average cmps = 18661
For 10@10 recall = 0.9919, QPS = 4627.48, Q = 750, cut = 1.35, visited limit = 1183514, degree limit: 80, average visited = 659, average cmps = 25394
For 10@10 recall = 0.99516, QPS = 3713.89, Q = 1000, cut = 1.35, visited limit = 1183514, degree limit: 80, average visited = 830, average cmps = 31490

Parlay time: 36.6184
