Vary degree = 0
Ground truth: detected 10000 points with num results 100
Data: detected 100000000 points with dimension 96
Data: detected 10000 points with dimension 96
Graph: detected 100000000 points with max degree 32
Total edges read from file: 2197416206
start index = 0
Average visited: 0, Tail visited: 0
Vamana graph built with 100000000 points and parameters R = 64, L = 128
Graph has average degree 21.9742 and maximum degree 32
Graph built in 0 seconds
BUILD_DISTANCES 0
For 10@10 recall = 0.10064, QPS = 557134, Q = 11, cut = 1.35, visited limit = 11, degree limit: 32, average visited = 11, average cmps = 277
For 10@10 recall = 0.22136, QPS = 436815, Q = 14, cut = 1.35, visited limit = 14, degree limit: 32, average visited = 14, average cmps = 349
For 10@10 recall = 0.30026, QPS = 361115, Q = 16, cut = 1.35, visited limit = 16, degree limit: 32, average visited = 16, average cmps = 396
For 10@10 recall = 0.42487, QPS = 299186, Q = 20, cut = 1.35, visited limit = 20, degree limit: 32, average visited = 20, average cmps = 487
For 10@10 recall = 0.51439, QPS = 250910, Q = 24, cut = 1.35, visited limit = 24, degree limit: 32, average visited = 24, average cmps = 576
For 10@10 recall = 0.6061, QPS = 193214, Q = 30, cut = 1.35, visited limit = 30, degree limit: 32, average visited = 30, average cmps = 708
For 10@10 recall = 0.70719, QPS = 141107, Q = 24, cut = 1.35, visited limit = 100000000, degree limit: 32, average visited = 39, average cmps = 920
For 10@10 recall = 0.76573, QPS = 115806, Q = 34, cut = 1.35, visited limit = 100000000, degree limit: 32, average visited = 49, average cmps = 1141
For 10@10 recall = 0.80619, QPS = 93528.8, Q = 45, cut = 1.35, visited limit = 100000000, degree limit: 32, average visited = 60, average cmps = 1374
For 10@10 recall = 0.85805, QPS = 76562.1, Q = 65, cut = 1.35, visited limit = 100000000, degree limit: 32, average visited = 82, average cmps = 1793
For 10@10 recall = 0.90268, QPS = 56798.2, Q = 100, cut = 1.35, visited limit = 100000000, degree limit: 32, average visited = 116, average cmps = 2463
For 10@10 recall = 0.9301, QPS = 41983.1, Q = 140, cut = 1.35, visited limit = 100000000, degree limit: 32, average visited = 156, average cmps = 3192
For 10@10 recall = 0.95199, QPS = 31840.1, Q = 200, cut = 1.35, visited limit = 100000000, degree limit: 32, average visited = 212, average cmps = 4227
For 10@10 recall = 0.97629, QPS = 18835.3, Q = 375, cut = 1.35, visited limit = 100000000, degree limit: 32, average visited = 352, average cmps = 6688
For 10@10 recall = 0.98313, QPS = 15258, Q = 500, cut = 1.35, visited limit = 100000000, degree limit: 32, average visited = 430, average cmps = 8089
For 10@10 recall = 0.99199, QPS = 9212.1, Q = 1000, cut = 1.35, visited limit = 100000000, degree limit: 32, average visited = 643, average cmps = 11668

Parlay time: 42.6159
