Vary degree = 0
Ground truth: detected 10000 points with num results 100
Data: detected 100000000 points with dimension 96
Data: detected 10000 points with dimension 96
Graph: detected 100000000 points with max degree 32
Total edges read from file: 2197416206
start index = 0
Average visited: 0, Tail visited: 0
Vamana graph built with 100000000 points and parameters R = 64, L = 128
Graph has average degree 21.9742 and maximum degree 32
Graph built in 0 seconds
BUILD_DISTANCES 0
For 100@100 recall = 0.121298, QPS = 324423, Q = 100, cut = 1.35, visited limit = 14, degree limit: 32, average visited = 14, average cmps = 349
For 100@100 recall = 0.212045, QPS = 260193, Q = 100, cut = 1.35, visited limit = 18, degree limit: 32, average visited = 18, average cmps = 441
For 100@100 recall = 0.323156, QPS = 202922, Q = 100, cut = 1.35, visited limit = 24, degree limit: 32, average visited = 24, average cmps = 574
For 100@100 recall = 0.406539, QPS = 168062, Q = 100, cut = 1.35, visited limit = 30, degree limit: 32, average visited = 30, average cmps = 703
For 100@100 recall = 0.791365, QPS = 2927.22, Q = 100, cut = 1.35, visited limit = 100000000, degree limit: 32, average visited = 118, average cmps = 2484
For 100@100 recall = 0.820051, QPS = 42703.7, Q = 120, cut = 1.35, visited limit = 100000000, degree limit: 32, average visited = 139, average cmps = 2885
For 100@100 recall = 0.859522, QPS = 35433.5, Q = 160, cut = 1.35, visited limit = 100000000, degree limit: 32, average visited = 182, average cmps = 3649
For 100@100 recall = 0.907767, QPS = 25142, Q = 250, cut = 1.35, visited limit = 100000000, degree limit: 32, average visited = 279, average cmps = 5324
For 100@100 recall = 0.939757, QPS = 16683.3, Q = 375, cut = 1.35, visited limit = 100000000, degree limit: 32, average visited = 415, average cmps = 7480
For 100@100 recall = 0.956054, QPS = 12666.8, Q = 500, cut = 1.35, visited limit = 100000000, degree limit: 32, average visited = 546, average cmps = 9565
For 100@100 recall = 0.972731, QPS = 8500.47, Q = 750, cut = 1.35, visited limit = 100000000, degree limit: 32, average visited = 811, average cmps = 13463
For 100@100 recall = 0.98058, QPS = 6655.58, Q = 1000, cut = 1.35, visited limit = 100000000, degree limit: 32, average visited = 1059, average cmps = 17102

Parlay time: 36.1362
