Vary degree = 0
Ground truth: detected 1000 points with num results 100
Data: detected 1000000 points with dimension 960
Data: detected 1000 points with dimension 960
Graph: detected 1000000 points with max degree 64
Total edges read from file: 36097310
start index = 0
Average visited: 0, Tail visited: 0
Vamana graph built with 1000000 points and parameters R = 64, L = 128
Graph has average degree 36.0973 and maximum degree 64
Graph built in 0 seconds
BUILD_DISTANCES 0
For 100@100 recall = 0.21025, QPS = 38568.3, Q = 100, cut = 1.35, visited limit = 10, degree limit: 50, average visited = 10, average cmps = 441
For 100@100 recall = 0.30353, QPS = 26861.5, Q = 100, cut = 1.35, visited limit = 12, degree limit: 60, average visited = 12, average cmps = 601
For 100@100 recall = 0.41611, QPS = 18972.8, Q = 100, cut = 1.35, visited limit = 16, degree limit: 64, average visited = 16, average cmps = 816
For 100@100 recall = 0.50621, QPS = 14849.6, Q = 100, cut = 1.35, visited limit = 21, degree limit: 64, average visited = 21, average cmps = 1036
For 100@100 recall = 0.61454, QPS = 10774.8, Q = 100, cut = 1.35, visited limit = 30, degree limit: 64, average visited = 30, average cmps = 1414
For 100@100 recall = 0.88001, QPS = 3159.67, Q = 100, cut = 1.35, visited limit = 1000000, degree limit: 64, average visited = 107, average cmps = 4412
For 100@100 recall = 0.91371, QPS = 2487.83, Q = 140, cut = 1.35, visited limit = 1000000, degree limit: 64, average visited = 148, average cmps = 5591
For 100@100 recall = 0.93373, QPS = 1970.67, Q = 180, cut = 1.35, visited limit = 1000000, degree limit: 64, average visited = 187, average cmps = 6898
For 100@100 recall = 0.95374, QPS = 1528.86, Q = 250, cut = 1.35, visited limit = 1000000, degree limit: 64, average visited = 259, average cmps = 8645
For 100@100 recall = 0.9718, QPS = 1255.68, Q = 375, cut = 1.35, visited limit = 1000000, degree limit: 64, average visited = 390, average cmps = 11216
For 100@100 recall = 0.98038, QPS = 1005.38, Q = 500, cut = 1.35, visited limit = 1000000, degree limit: 64, average visited = 516, average cmps = 13991
For 100@100 recall = 0.99216, QPS = 648.538, Q = 1000, cut = 10, visited limit = 1000000, degree limit: 64, average visited = 1036, average cmps = 22604

Parlay time: 14.1283
