Vary degree = 0
Ground truth: detected 10000 points with num results 100
Data: detected 1183514 points with dimension 100
Aligning bytes to 448
Data: detected 10000 points with dimension 100
Aligning bytes to 448
Graph: detected 1183514 points with max degree 32
Total edges read from file: 27181356
start index = 0
Average visited: 0, Tail visited: 0
Vamana graph built with 1183514 points and parameters R = 100, L = 200
Graph has average degree 22.9667 and maximum degree 32
Graph built in 0 seconds
BUILD_DISTANCES 0
For 100@100 recall = 0.107691, QPS = 459960, Q = 100, cut = 1.35, visited limit = 11, degree limit: 32, average visited = 11, average cmps = 290
For 100@100 recall = 0.212525, QPS = 303297, Q = 100, cut = 1.35, visited limit = 17, degree limit: 32, average visited = 17, average cmps = 430
For 100@100 recall = 0.310737, QPS = 220731, Q = 100, cut = 1.35, visited limit = 24, degree limit: 32, average visited = 24, average cmps = 586
For 100@100 recall = 0.420123, QPS = 155352, Q = 100, cut = 1.35, visited limit = 35, degree limit: 32, average visited = 35, average cmps = 823
For 100@100 recall = 0.699735, QPS = 51277.8, Q = 100, cut = 1.35, visited limit = 1183514, degree limit: 32, average visited = 122, average cmps = 2582
For 100@100 recall = 0.724359, QPS = 44177.2, Q = 120, cut = 1.35, visited limit = 1183514, degree limit: 32, average visited = 143, average cmps = 2997
For 100@100 recall = 0.760964, QPS = 36562.5, Q = 160, cut = 1.35, visited limit = 1183514, degree limit: 32, average visited = 187, average cmps = 3764
For 100@100 recall = 0.809513, QPS = 22525, Q = 250, cut = 1.35, visited limit = 1183514, degree limit: 32, average visited = 284, average cmps = 5433
For 100@100 recall = 0.871983, QPS = 12109.1, Q = 500, cut = 1.35, visited limit = 1183514, degree limit: 32, average visited = 557, average cmps = 9766
For 100@100 recall = 0.902553, QPS = 7802.89, Q = 750, cut = 1.35, visited limit = 1183514, degree limit: 32, average visited = 833, average cmps = 13839

Parlay time: 19.8264
