Vary degree = 0
Ground truth: detected 10000 points with num results 100
Data: detected 1183514 points with dimension 100
Aligning bytes to 448
Data: detected 10000 points with dimension 100
Aligning bytes to 448
Graph: detected 1183514 points with max degree 80
Total edges read from file: 64792456
start index = 0
Average visited: 0, Tail visited: 0
Vamana graph built with 1183514 points and parameters R = 100, L = 200
Graph has average degree 54.7458 and maximum degree 80
Graph built in 0 seconds
BUILD_DISTANCES 0
For 10@10 recall = 0.26461, QPS = 320000, Q = 10, cut = 1.35, visited limit = 10, degree limit: 50, average visited = 10, average cmps = 468
For 10@10 recall = 0.3413, QPS = 265738, Q = 11, cut = 1.35, visited limit = 11, degree limit: 55, average visited = 11, average cmps = 557
For 10@10 recall = 0.40877, QPS = 229142, Q = 12, cut = 1.35, visited limit = 12, degree limit: 60, average visited = 12, average cmps = 648
For 10@10 recall = 0.52454, QPS = 172747, Q = 15, cut = 1.35, visited limit = 15, degree limit: 75, average visited = 15, average cmps = 838
For 10@10 recall = 0.61462, QPS = 149506, Q = 10, cut = 1.35, visited limit = 1183514, degree limit: 80, average visited = 18, average cmps = 1010
For 10@10 recall = 0.70078, QPS = 92785.9, Q = 28, cut = 1.35, visited limit = 28, degree limit: 80, average visited = 28, average cmps = 1479
For 10@10 recall = 0.75883, QPS = 60712.4, Q = 26, cut = 1.35, visited limit = 1183514, degree limit: 80, average visited = 35, average cmps = 1871
For 10@10 recall = 0.80079, QPS = 47329.4, Q = 38, cut = 1.35, visited limit = 1183514, degree limit: 80, average visited = 47, average cmps = 2472
For 10@10 recall = 0.85551, QPS = 31387.4, Q = 65, cut = 1.35, visited limit = 1183514, degree limit: 80, average visited = 75, average cmps = 3736
For 10@10 recall = 0.90199, QPS = 18982.8, Q = 120, cut = 1.35, visited limit = 1183514, degree limit: 80, average visited = 131, average cmps = 6145
For 10@10 recall = 0.93486, QPS = 12853, Q = 200, cut = 1.35, visited limit = 1183514, degree limit: 80, average visited = 210, average cmps = 9088
For 10@10 recall = 0.95143, QPS = 10206.7, Q = 275, cut = 1.35, visited limit = 1183514, degree limit: 80, average visited = 279, average cmps = 11667
For 10@10 recall = 0.97386, QPS = 6186.73, Q = 500, cut = 1.35, visited limit = 1183514, degree limit: 80, average visited = 467, average cmps = 18753
For 10@10 recall = 0.98552, QPS = 4182.33, Q = 750, cut = 1.35, visited limit = 1183514, degree limit: 80, average visited = 663, average cmps = 25438
For 10@10 recall = 0.99074, QPS = 3359.44, Q = 1000, cut = 1.35, visited limit = 1183514, degree limit: 80, average visited = 833, average cmps = 31515

Parlay time: 38.9088
