Vary degree = 0
Ground truth: detected 10000 points with num results 100
Data: detected 1183514 points with dimension 100
Aligning bytes to 448
Data: detected 10000 points with dimension 100
Aligning bytes to 448
Graph: detected 1183514 points with max degree 80
Total edges read from file: 64792456
start index = 0
Average visited: 0, Tail visited: 0
Vamana graph built with 1183514 points and parameters R = 100, L = 200
Graph has average degree 54.7458 and maximum degree 80
Graph built in 0 seconds
BUILD_DISTANCES 0
For 100@100 recall = 0.154807, QPS = 308280, Q = 100, cut = 1.35, visited limit = 10, degree limit: 50, average visited = 10, average cmps = 467
For 100@100 recall = 0.203074, QPS = 261712, Q = 100, cut = 1.35, visited limit = 11, degree limit: 55, average visited = 11, average cmps = 555
For 100@100 recall = 0.318164, QPS = 189804, Q = 100, cut = 1.35, visited limit = 14, degree limit: 70, average visited = 14, average cmps = 780
For 100@100 recall = 0.400559, QPS = 152499, Q = 100, cut = 1.35, visited limit = 18, degree limit: 80, average visited = 18, average cmps = 978
For 100@100 recall = 0.508189, QPS = 110942, Q = 100, cut = 1.35, visited limit = 26, degree limit: 80, average visited = 26, average cmps = 1352
For 100@100 recall = 0.791798, QPS = 25619.6, Q = 100, cut = 1.35, visited limit = 1183514, degree limit: 80, average visited = 111, average cmps = 5237
For 100@100 recall = 0.830762, QPS = 19778.4, Q = 140, cut = 1.35, visited limit = 1183514, degree limit: 80, average visited = 153, average cmps = 6860
For 100@100 recall = 0.855738, QPS = 16913.1, Q = 180, cut = 1.35, visited limit = 1183514, degree limit: 80, average visited = 193, average cmps = 8567
For 100@100 recall = 0.902293, QPS = 11063.4, Q = 300, cut = 1.35, visited limit = 1183514, degree limit: 80, average visited = 319, average cmps = 12987
For 100@100 recall = 0.938664, QPS = 6776.13, Q = 500, cut = 1.35, visited limit = 1183514, degree limit: 80, average visited = 526, average cmps = 20232
For 100@100 recall = 0.961353, QPS = 4432.29, Q = 750, cut = 1.35, visited limit = 1183514, degree limit: 80, average visited = 795, average cmps = 28610
For 100@100 recall = 0.973038, QPS = 3444.12, Q = 1000, cut = 1.35, visited limit = 1183514, degree limit: 80, average visited = 1042, average cmps = 36627

Parlay time: 28.1384
