Vary degree = 0
Ground truth: detected 10000 points with num results 100
Data: detected 1000000 points with dimension 128
Data: detected 10000 points with dimension 128
Graph: detected 1000000 points with max degree 64
Total edges read from file: 23083439
start index = 0
Average visited: 0, Tail visited: 0
Vamana graph built with 1000000 points and parameters R = 64, L = 128
Graph has average degree 23.0834 and maximum degree 64
Graph built in 0 seconds
BUILD_DISTANCES 0
For 100@100 recall = 0.124629, QPS = 446070, Q = 100, cut = 1.35, visited limit = 10, degree limit: 50, average visited = 10, average cmps = 281
For 100@100 recall = 0.222893, QPS = 338822, Q = 100, cut = 1.35, visited limit = 13, degree limit: 64, average visited = 13, average cmps = 367
For 100@100 recall = 0.316519, QPS = 283246, Q = 100, cut = 1.35, visited limit = 16, degree limit: 64, average visited = 16, average cmps = 441
For 100@100 recall = 0.420822, QPS = 230595, Q = 100, cut = 1.35, visited limit = 20, degree limit: 64, average visited = 20, average cmps = 535
For 100@100 recall = 0.504654, QPS = 196186, Q = 100, cut = 1.35, visited limit = 24, degree limit: 64, average visited = 24, average cmps = 627
For 100@100 recall = 0.660501, QPS = 141505, Q = 100, cut = 1.35, visited limit = 35, degree limit: 64, average visited = 35, average cmps = 868
For 100@100 recall = 0.943072, QPS = 48002.8, Q = 100, cut = 1.35, visited limit = 1000000, degree limit: 64, average visited = 111, average cmps = 2402
For 100@100 recall = 0.959273, QPS = 41411.8, Q = 120, cut = 1.35, visited limit = 1000000, degree limit: 64, average visited = 131, average cmps = 2797
For 100@100 recall = 0.970352, QPS = 37185.2, Q = 140, cut = 1.35, visited limit = 1000000, degree limit: 64, average visited = 152, average cmps = 3104
For 100@100 recall = 0.98254, QPS = 31829, Q = 180, cut = 1.35, visited limit = 1000000, degree limit: 64, average visited = 193, average cmps = 3825
For 100@100 recall = 0.992118, QPS = 23466.1, Q = 250, cut = 1.35, visited limit = 1000000, degree limit: 64, average visited = 266, average cmps = 4926
For 100@100 recall = 0.99524, QPS = 20505.9, Q = 300, cut = 1.35, visited limit = 1000000, degree limit: 64, average visited = 319, average cmps = 5628
For 100@100 recall = 0.999605, QPS = 8884.36, Q = 750, cut = 1.35, visited limit = 1000000, degree limit: 64, average visited = 769, average cmps = 11233

Parlay time: 19.0265
