Vary degree = 0
Ground truth: detected 10000 points with num results 100
Data: detected 10000000 points with dimension 96
Data: detected 10000 points with dimension 96
Graph: detected 10000000 points with max degree 284
Total edges read from file: 322417446
start index = 0
Average visited: 0, Tail visited: 0
Vamana graph built with 10000000 points and parameters R = 64, L = 128
Graph has average degree 32.2417 and maximum degree 284
Graph built in 0 seconds
BUILD_DISTANCES 0
For 100@100 recall = 0.180538, QPS = 314268, Q = 100, cut = 1.35, visited limit = 10, degree limit: 50, average visited = 10, average cmps = 381
For 100@100 recall = 0.226186, QPS = 273284, Q = 100, cut = 1.35, visited limit = 11, degree limit: 55, average visited = 11, average cmps = 425
For 100@100 recall = 0.305791, QPS = 225734, Q = 100, cut = 1.35, visited limit = 13, degree limit: 65, average visited = 13, average cmps = 501
For 100@100 recall = 0.401717, QPS = 185881, Q = 100, cut = 1.35, visited limit = 16, degree limit: 80, average visited = 16, average cmps = 602
For 100@100 recall = 0.518599, QPS = 145601, Q = 100, cut = 1.35, visited limit = 21, degree limit: 105, average visited = 21, average cmps = 763
For 100@100 recall = 0.601562, QPS = 120057, Q = 100, cut = 1.35, visited limit = 26, degree limit: 130, average visited = 26, average cmps = 920
For 100@100 recall = 0.701755, QPS = 91915.1, Q = 100, cut = 1.35, visited limit = 35, degree limit: 175, average visited = 35, average cmps = 1192
For 100@100 recall = 0.927363, QPS = 5605.7, Q = 100, cut = 1.35, visited limit = 10000000, degree limit: 284, average visited = 109, average cmps = 3275
For 100@100 recall = 0.942889, QPS = 27498.9, Q = 120, cut = 1.35, visited limit = 10000000, degree limit: 284, average visited = 128, average cmps = 3817
For 100@100 recall = 0.954247, QPS = 24896.4, Q = 140, cut = 1.35, visited limit = 10000000, degree limit: 284, average visited = 149, average cmps = 4239
For 100@100 recall = 0.97333, QPS = 17316.1, Q = 200, cut = 1.35, visited limit = 10000000, degree limit: 284, average visited = 211, average cmps = 5610
For 100@100 recall = 0.983966, QPS = 14407.1, Q = 275, cut = 1.35, visited limit = 10000000, degree limit: 284, average visited = 288, average cmps = 7207
For 100@100 recall = 0.990496, QPS = 10698.3, Q = 375, cut = 1.35, visited limit = 10000000, degree limit: 284, average visited = 392, average cmps = 9225
For 100@100 recall = 0.997216, QPS = 5489.96, Q = 750, cut = 1.35, visited limit = 10000000, degree limit: 284, average visited = 768, average cmps = 15934

Parlay time: 28.1000
