Vary degree = 0
Ground truth: detected 1000 points with num results 100
Data: detected 1000000 points with dimension 960
Data: detected 1000 points with dimension 960
Graph: detected 1000000 points with max degree 1147
Total edges read from file: 29848923
start index = 0
Average visited: 0, Tail visited: 0
Vamana graph built with 1000000 points and parameters R = 64, L = 128
Graph has average degree 29.8489 and maximum degree 1147
Graph built in 0 seconds
BUILD_DISTANCES 0
For 10@10 recall = 0.1716, QPS = 40350.2, Q = 10, cut = 1.35, visited limit = 10, degree limit: 50, average visited = 10, average cmps = 397
For 10@10 recall = 0.2121, QPS = 34256, Q = 11, cut = 1.35, visited limit = 11, degree limit: 55, average visited = 11, average cmps = 454
For 10@10 recall = 0.332, QPS = 24654.2, Q = 14, cut = 1.35, visited limit = 14, degree limit: 70, average visited = 14, average cmps = 613
For 10@10 recall = 0.4141, QPS = 19504.2, Q = 17, cut = 1.35, visited limit = 17, degree limit: 85, average visited = 17, average cmps = 753
For 10@10 recall = 0.5129, QPS = 14765.4, Q = 22, cut = 1.35, visited limit = 22, degree limit: 110, average visited = 22, average cmps = 977
For 10@10 recall = 0.6163, QPS = 10606.3, Q = 30, cut = 1.35, visited limit = 30, degree limit: 150, average visited = 30, average cmps = 1325
For 10@10 recall = 0.7039, QPS = 6237.41, Q = 30, cut = 1.35, visited limit = 1000000, degree limit: 1147, average visited = 40, average cmps = 1820
For 10@10 recall = 0.7558, QPS = 5209.39, Q = 40, cut = 1.35, visited limit = 1000000, degree limit: 1147, average visited = 50, average cmps = 2258
For 10@10 recall = 0.8073, QPS = 4117.63, Q = 55, cut = 1.35, visited limit = 1000000, degree limit: 1147, average visited = 65, average cmps = 2868
For 10@10 recall = 0.8644, QPS = 3085.58, Q = 80, cut = 1.35, visited limit = 1000000, degree limit: 1147, average visited = 91, average cmps = 3821
For 10@10 recall = 0.9113, QPS = 2312.08, Q = 120, cut = 1.35, visited limit = 1000000, degree limit: 1147, average visited = 131, average cmps = 5243
For 10@10 recall = 0.9394, QPS = 1888.73, Q = 160, cut = 1.35, visited limit = 1000000, degree limit: 1147, average visited = 172, average cmps = 6535
For 10@10 recall = 0.9612, QPS = 1515.26, Q = 225, cut = 1.35, visited limit = 1000000, degree limit: 1147, average visited = 238, average cmps = 8528
For 10@10 recall = 0.9713, QPS = 1287.06, Q = 275, cut = 1.35, visited limit = 1000000, degree limit: 1147, average visited = 290, average cmps = 9934
For 10@10 recall = 0.9837, QPS = 1020.37, Q = 375, cut = 1.35, visited limit = 1000000, degree limit: 1147, average visited = 392, average cmps = 12639
For 10@10 recall = 0.9906, QPS = 815.737, Q = 500, cut = 1.35, visited limit = 1000000, degree limit: 1147, average visited = 511, average cmps = 15825
For 10@10 recall = 0.996, QPS = 612.8, Q = 750, cut = 1.35, visited limit = 1000000, degree limit: 1147, average visited = 754, average cmps = 21225

Parlay time: 27.7640
