Vary degree = 0
Ground truth: detected 1000 points with num results 100
Data: detected 1000000 points with dimension 960
Data: detected 1000 points with dimension 960
Graph: detected 1000000 points with max degree 1146
Total edges read from file: 43197276
start index = 0
Average visited: 0, Tail visited: 0
Vamana graph built with 1000000 points and parameters R = 64, L = 128
Graph has average degree 43.1973 and maximum degree 1146
Graph built in 0 seconds
BUILD_DISTANCES 0
For 10@10 recall = 0.213, QPS = 26707.3, Q = 10, cut = 1.35, visited limit = 10, degree limit: 50, average visited = 10, average cmps = 459
For 10@10 recall = 0.3255, QPS = 18666.5, Q = 12, cut = 1.35, visited limit = 12, degree limit: 60, average visited = 12, average cmps = 611
For 10@10 recall = 0.4079, QPS = 14750.6, Q = 14, cut = 1.35, visited limit = 14, degree limit: 70, average visited = 14, average cmps = 747
For 10@10 recall = 0.5393, QPS = 14626.7, Q = 10, cut = 1.35, visited limit = 1000000, degree limit: 1146, average visited = 18, average cmps = 1041
For 10@10 recall = 0.6082, QPS = 10990.8, Q = 14, cut = 1.35, visited limit = 1000000, degree limit: 1146, average visited = 22, average cmps = 1261
For 10@10 recall = 0.7248, QPS = 5445.05, Q = 35, cut = 1.35, visited limit = 35, degree limit: 175, average visited = 35, average cmps = 1874
For 10@10 recall = 0.7581, QPS = 3916.73, Q = 30, cut = 1.35, visited limit = 1000000, degree limit: 1146, average visited = 38, average cmps = 2110
For 10@10 recall = 0.8008, QPS = 3220.53, Q = 38, cut = 1.35, visited limit = 1000000, degree limit: 1146, average visited = 46, average cmps = 2534
For 10@10 recall = 0.8606, QPS = 2450.21, Q = 55, cut = 1.35, visited limit = 1000000, degree limit: 1146, average visited = 63, average cmps = 3417
For 10@10 recall = 0.9066, QPS = 1809.12, Q = 80, cut = 1.35, visited limit = 1000000, degree limit: 1146, average visited = 88, average cmps = 4577
For 10@10 recall = 0.9308, QPS = 1551.78, Q = 100, cut = 1.35, visited limit = 1000000, degree limit: 1146, average visited = 109, average cmps = 5388
For 10@10 recall = 0.956, QPS = 1196.77, Q = 140, cut = 1.35, visited limit = 1000000, degree limit: 1146, average visited = 149, average cmps = 6999
For 10@10 recall = 0.9746, QPS = 955.18, Q = 200, cut = 1.35, visited limit = 1000000, degree limit: 1146, average visited = 209, average cmps = 9277
For 10@10 recall = 0.9823, QPS = 810.921, Q = 250, cut = 1.35, visited limit = 1000000, degree limit: 1146, average visited = 258, average cmps = 11177
For 10@10 recall = 0.9926, QPS = 623.878, Q = 375, cut = 1.35, visited limit = 1000000, degree limit: 1146, average visited = 384, average cmps = 15037
For 10@10 recall = 0.9965, QPS = 498.02, Q = 500, cut = 1.35, visited limit = 1000000, degree limit: 1146, average visited = 503, average cmps = 18938
For 10@10 recall = 0.9994, QPS = 306.038, Q = 1000, cut = 1.35, visited limit = 1000000, degree limit: 1146, average visited = 962, average cmps = 31014

Parlay time: 41.3368
