Vary degree = 0
Ground truth: detected 1000 points with num results 100
Data: detected 1000000 points with dimension 960
Data: detected 1000 points with dimension 960
Graph: detected 1000000 points with max degree 1147
Total edges read from file: 31539906
start index = 0
Average visited: 0, Tail visited: 0
Vamana graph built with 1000000 points and parameters R = 64, L = 128
Graph has average degree 31.5399 and maximum degree 1147
Graph built in 0 seconds
BUILD_DISTANCES 0
For 10@10 recall = 0.1875, QPS = 31520.9, Q = 10, cut = 1.35, visited limit = 10, degree limit: 50, average visited = 10, average cmps = 406
For 10@10 recall = 0.2372, QPS = 27106.9, Q = 11, cut = 1.35, visited limit = 11, degree limit: 55, average visited = 11, average cmps = 469
For 10@10 recall = 0.3363, QPS = 21254, Q = 13, cut = 1.35, visited limit = 13, degree limit: 65, average visited = 13, average cmps = 590
For 10@10 recall = 0.4085, QPS = 17737.1, Q = 15, cut = 1.35, visited limit = 15, degree limit: 75, average visited = 15, average cmps = 689
For 10@10 recall = 0.5299, QPS = 16419, Q = 10, cut = 1.35, visited limit = 1000000, degree limit: 1147, average visited = 19, average cmps = 924
For 10@10 recall = 0.6155, QPS = 10895.5, Q = 15, cut = 1.35, visited limit = 1000000, degree limit: 1147, average visited = 24, average cmps = 1159
For 10@10 recall = 0.7141, QPS = 7674.66, Q = 35, cut = 1.35, visited limit = 35, degree limit: 175, average visited = 35, average cmps = 1600
For 10@10 recall = 0.7529, QPS = 5491.34, Q = 30, cut = 1.35, visited limit = 1000000, degree limit: 1147, average visited = 39, average cmps = 1839
For 10@10 recall = 0.8052, QPS = 4447.69, Q = 40, cut = 1.35, visited limit = 1000000, degree limit: 1147, average visited = 50, average cmps = 2297
For 10@10 recall = 0.8514, QPS = 3484.98, Q = 55, cut = 1.35, visited limit = 1000000, degree limit: 1147, average visited = 64, average cmps = 2921
For 10@10 recall = 0.9022, QPS = 2606.8, Q = 80, cut = 1.35, visited limit = 1000000, degree limit: 1147, average visited = 89, average cmps = 3909
For 10@10 recall = 0.9425, QPS = 1900.24, Q = 120, cut = 1.35, visited limit = 1000000, degree limit: 1147, average visited = 130, average cmps = 5352
For 10@10 recall = 0.9531, QPS = 1690.89, Q = 140, cut = 1.35, visited limit = 1000000, degree limit: 1147, average visited = 150, average cmps = 5951
For 10@10 recall = 0.9719, QPS = 1282.88, Q = 200, cut = 1.35, visited limit = 1000000, degree limit: 1147, average visited = 211, average cmps = 7869
For 10@10 recall = 0.9806, QPS = 1063.26, Q = 250, cut = 1.35, visited limit = 1000000, degree limit: 1147, average visited = 260, average cmps = 9484
For 10@10 recall = 0.9914, QPS = 798.431, Q = 375, cut = 1.35, visited limit = 1000000, degree limit: 1147, average visited = 388, average cmps = 12809
For 10@10 recall = 0.9955, QPS = 643.816, Q = 500, cut = 1.35, visited limit = 1000000, degree limit: 1147, average visited = 507, average cmps = 16063
For 10@10 recall = 0.9992, QPS = 414.413, Q = 1000, cut = 10, visited limit = 1000000, degree limit: 1147, average visited = 1046, average cmps = 27315

Parlay time: 32.6975
