Vary degree = 0
Ground truth: detected 10000 points with num results 100
Data: detected 1183514 points with dimension 100
Aligning bytes to 448
Data: detected 10000 points with dimension 100
Aligning bytes to 448
Parlay time: SketchHash construction time: 0.0297
Size of SketchHash (bytes): 56813472
Allocate = 0
Set MSTDeg to: 2 fanout: 1
Sizeof indexType = 4
Fanout scheme: 10 3 1 
Allocating: 1524366032 bytes of space for the candidates lists.
Sizeof T = 8
Cleared degree
FANOUT = 1 FANOUT_PER_LEVEL = 0
number of levels to fanout: 1
fanout per level: 1
total fanout: 1
total fanout allowance: 1
leader method: random
Parlay time: first level assign time: 0.3074
Parlay time: buckets time: 1.8497
buckets size (bytes): 143673648
Total buckets: 103469
Total points: 35504536
Computed buckets!
Building leaves:
Parlay time: build leaf time: 7.2798
Built cluster 0 of 1
Leaf count: 103469
# of comparisons during clustering: 3210336828
Allocating graph, prune_degree = 64
Average table size: 66
Parlay time: Final prune time: 1.1775
Average distance traversed: 65
LEAF_POINTS 35504536 leaves 103469
BUILD_DISTANCES_PIPNN clustering=3210336828 leaf=8492050375 prune=858371533 total=12560758736
PiPNN graph built with 1183514 points and parameters Trees = 1
Graph has average degree 30.73 and maximum degree 64
Graph built in 10.6 seconds
For 10@10 recall = 0.1969, QPS = 4.782e+05, Q = 10, cut = 1.35, visited limit = 10, degree limit: 50, average visited = 10, average cmps = 370
For 10@10 recall = 0.2397, QPS = 4.148e+05, Q = 11, cut = 1.35, visited limit = 11, degree limit: 55, average visited = 11, average cmps = 420
For 10@10 recall = 0.3141, QPS = 3.311e+05, Q = 13, cut = 1.35, visited limit = 13, degree limit: 64, average visited = 13, average cmps = 513
For 10@10 recall = 0.4012, QPS = 2.667e+05, Q = 16, cut = 1.35, visited limit = 16, degree limit: 64, average visited = 16, average cmps = 623
For 10@10 recall = 0.5004, QPS = 2.034e+05, Q = 21, cut = 1.35, visited limit = 21, degree limit: 64, average visited = 21, average cmps = 803
For 10@10 recall = 0.6035, QPS = 1.411e+05, Q = 30, cut = 1.35, visited limit = 30, degree limit: 64, average visited = 30, average cmps = 1122
For 10@10 recall = 0.704, QPS = 9.029e+04, Q = 32, cut = 1.35, visited limit = 1183514, degree limit: 64, average visited = 44, average cmps = 1664
For 10@10 recall = 0.7655, QPS = 6.501e+04, Q = 50, cut = 1.35, visited limit = 1183514, degree limit: 64, average visited = 63, average cmps = 2338
For 10@10 recall = 0.806, QPS = 4.85e+04, Q = 70, cut = 1.35, visited limit = 1183514, degree limit: 64, average visited = 84, average cmps = 3036
For 10@10 recall = 0.8631, QPS = 3.124e+04, Q = 120, cut = 1.35, visited limit = 1183514, degree limit: 64, average visited = 136, average cmps = 4765
For 10@10 recall = 0.9056, QPS = 2.019e+04, Q = 200, cut = 1.35, visited limit = 1183514, degree limit: 64, average visited = 217, average cmps = 7244
For 10@10 recall = 0.933, QPS = 1.433e+04, Q = 300, cut = 1.35, visited limit = 1183514, degree limit: 64, average visited = 308, average cmps = 10088
For 10@10 recall = 0.9599, QPS = 9186, Q = 500, cut = 1.35, visited limit = 1183514, degree limit: 64, average visited = 475, average cmps = 15175
For 10@10 recall = 0.9759, QPS = 6018, Q = 750, cut = 1.35, visited limit = 1183514, degree limit: 64, average visited = 670, average cmps = 20768
For 10@10 recall = 0.9838, QPS = 4849, Q = 1000, cut = 1.35, visited limit = 1183514, degree limit: 64, average visited = 842, average cmps = 25765

Parlay time: 41.5049
