Vary degree = 0
Ground truth: detected 10000 points with num results 100
Data: detected 1183514 points with dimension 100
Aligning bytes to 448
Data: detected 10000 points with dimension 100
Aligning bytes to 448
Parlay time: SketchHash construction time: 0.0313
Size of SketchHash (bytes): 56813472
Allocate = 0
Set MSTDeg to: 2 fanout: 1
Sizeof indexType = 4
Fanout scheme: 10 3 1 
Allocating: 1524366032 bytes of space for the candidates lists.
Sizeof T = 8
Cleared degree
FANOUT = 1 FANOUT_PER_LEVEL = 0
number of levels to fanout: 1
fanout per level: 1
total fanout: 1
total fanout allowance: 1
leader method: random
Parlay time: first level assign time: 0.2988
Parlay time: buckets time: 1.7798
buckets size (bytes): 143673648
Total buckets: 103469
Total points: 35504536
Computed buckets!
Building leaves:
Parlay time: build leaf time: 7.2824
Built cluster 0 of 1
Leaf count: 103469
# of comparisons during clustering: 3210336828
Allocating graph, prune_degree = 64
Average table size: 66
Parlay time: Final prune time: 1.1767
Average distance traversed: 65
LEAF_POINTS 35504536 leaves 103469
BUILD_DISTANCES_PIPNN clustering=3210336828 leaf=8492050375 prune=861359800 total=12563747003
PiPNN graph built with 1183514 points and parameters Trees = 1
Graph has average degree 30.78 and maximum degree 64
Graph built in 10.54 seconds
For 10@10 recall = 0.1916, QPS = 4.519e+05, Q = 10, cut = 1.35, visited limit = 10, degree limit: 50, average visited = 10, average cmps = 367
For 10@10 recall = 0.2343, QPS = 3.954e+05, Q = 11, cut = 1.35, visited limit = 11, degree limit: 55, average visited = 11, average cmps = 416
For 10@10 recall = 0.3105, QPS = 3.262e+05, Q = 13, cut = 1.35, visited limit = 13, degree limit: 64, average visited = 13, average cmps = 509
For 10@10 recall = 0.4236, QPS = 2.478e+05, Q = 17, cut = 1.35, visited limit = 17, degree limit: 64, average visited = 17, average cmps = 656
For 10@10 recall = 0.5147, QPS = 1.909e+05, Q = 22, cut = 1.35, visited limit = 22, degree limit: 64, average visited = 22, average cmps = 836
For 10@10 recall = 0.6051, QPS = 1.408e+05, Q = 30, cut = 1.35, visited limit = 30, degree limit: 64, average visited = 30, average cmps = 1120
For 10@10 recall = 0.7061, QPS = 9.02e+04, Q = 32, cut = 1.35, visited limit = 1183514, degree limit: 64, average visited = 45, average cmps = 1668
For 10@10 recall = 0.7519, QPS = 7.133e+04, Q = 45, cut = 1.35, visited limit = 1183514, degree limit: 64, average visited = 58, average cmps = 2138
For 10@10 recall = 0.8006, QPS = 5.31e+04, Q = 65, cut = 1.35, visited limit = 1183514, degree limit: 64, average visited = 80, average cmps = 2875
For 10@10 recall = 0.8632, QPS = 3.199e+04, Q = 120, cut = 1.35, visited limit = 1183514, degree limit: 64, average visited = 136, average cmps = 4771
For 10@10 recall = 0.9056, QPS = 2.002e+04, Q = 200, cut = 1.35, visited limit = 1183514, degree limit: 64, average visited = 217, average cmps = 7257
For 10@10 recall = 0.9336, QPS = 1.432e+04, Q = 300, cut = 1.35, visited limit = 1183514, degree limit: 64, average visited = 309, average cmps = 10114
For 10@10 recall = 0.9596, QPS = 9030, Q = 500, cut = 1.35, visited limit = 1183514, degree limit: 64, average visited = 475, average cmps = 15214
For 10@10 recall = 0.9751, QPS = 5982, Q = 750, cut = 1.35, visited limit = 1183514, degree limit: 64, average visited = 670, average cmps = 20815
For 10@10 recall = 0.9834, QPS = 4657, Q = 1000, cut = 1.35, visited limit = 1183514, degree limit: 64, average visited = 843, average cmps = 25833

Parlay time: 41.4464
