Vary degree = 0
Ground truth: detected 10000 points with num results 100
Data: detected 1183514 points with dimension 100
Aligning bytes to 448
Data: detected 10000 points with dimension 100
Aligning bytes to 448
Parlay time: SketchHash construction time: 0.0270
Size of SketchHash (bytes): 56813472
Allocate = 0
Set MSTDeg to: 2 fanout: 1
Sizeof indexType = 4
Fanout scheme: 10 3 1 
Allocating: 1524366032 bytes of space for the candidates lists.
Sizeof T = 8
Cleared degree
FANOUT = 1 FANOUT_PER_LEVEL = 0
number of levels to fanout: 1
fanout per level: 1
total fanout: 1
total fanout allowance: 1
leader method: random
Parlay time: first level assign time: 0.3030
Parlay time: buckets time: 1.7849
buckets size (bytes): 143673648
Total buckets: 103469
Total points: 35504536
Computed buckets!
Building leaves:
Parlay time: build leaf time: 7.2165
Built cluster 0 of 1
Leaf count: 103469
# of comparisons during clustering: 3210336828
Allocating graph, prune_degree = 64
Average table size: 65
Parlay time: Final prune time: 1.1807
Average distance traversed: 65
LEAF_POINTS 35504536 leaves 103469
BUILD_DISTANCES_PIPNN clustering=3210336828 leaf=8492050375 prune=853917053 total=12556304256
PiPNN graph built with 1183514 points and parameters Trees = 1
Graph has average degree 30.64 and maximum degree 64
Graph built in 10.49 seconds
For 10@10 recall = 0.1962, QPS = 4.654e+05, Q = 10, cut = 1.35, visited limit = 10, degree limit: 50, average visited = 10, average cmps = 369
For 10@10 recall = 0.2388, QPS = 4.011e+05, Q = 11, cut = 1.35, visited limit = 11, degree limit: 55, average visited = 11, average cmps = 418
For 10@10 recall = 0.3143, QPS = 3.197e+05, Q = 13, cut = 1.35, visited limit = 13, degree limit: 64, average visited = 13, average cmps = 511
For 10@10 recall = 0.4251, QPS = 2.431e+05, Q = 17, cut = 1.35, visited limit = 17, degree limit: 64, average visited = 17, average cmps = 657
For 10@10 recall = 0.5159, QPS = 1.877e+05, Q = 22, cut = 1.35, visited limit = 22, degree limit: 64, average visited = 22, average cmps = 836
For 10@10 recall = 0.6058, QPS = 1.376e+05, Q = 30, cut = 1.35, visited limit = 30, degree limit: 64, average visited = 30, average cmps = 1120
For 10@10 recall = 0.7056, QPS = 8.541e+04, Q = 32, cut = 1.35, visited limit = 1183514, degree limit: 64, average visited = 44, average cmps = 1664
For 10@10 recall = 0.7514, QPS = 6.728e+04, Q = 45, cut = 1.35, visited limit = 1183514, degree limit: 64, average visited = 58, average cmps = 2137
For 10@10 recall = 0.8069, QPS = 4.758e+04, Q = 70, cut = 1.35, visited limit = 1183514, degree limit: 64, average visited = 84, average cmps = 3032
For 10@10 recall = 0.8632, QPS = 3.016e+04, Q = 120, cut = 1.35, visited limit = 1183514, degree limit: 64, average visited = 137, average cmps = 4766
For 10@10 recall = 0.9056, QPS = 1.943e+04, Q = 200, cut = 1.35, visited limit = 1183514, degree limit: 64, average visited = 217, average cmps = 7231
For 10@10 recall = 0.9329, QPS = 1.373e+04, Q = 300, cut = 1.35, visited limit = 1183514, degree limit: 64, average visited = 308, average cmps = 10080
For 10@10 recall = 0.9602, QPS = 8768, Q = 500, cut = 1.35, visited limit = 1183514, degree limit: 64, average visited = 475, average cmps = 15174
For 10@10 recall = 0.9758, QPS = 5818, Q = 750, cut = 1.35, visited limit = 1183514, degree limit: 64, average visited = 670, average cmps = 20750
For 10@10 recall = 0.9841, QPS = 4686, Q = 1000, cut = 1.35, visited limit = 1183514, degree limit: 64, average visited = 842, average cmps = 25749

Parlay time: 41.5568
