Vary degree = 0
Ground truth: detected 10000 points with num results 100
Data: detected 1183514 points with dimension 100
Aligning bytes to 448
Data: detected 10000 points with dimension 100
Aligning bytes to 448
Parlay time: SketchHash construction time: 0.0298
Size of SketchHash (bytes): 56813472
Allocate = 0
Set MSTDeg to: 2 fanout: 1
Sizeof indexType = 4
Fanout scheme: 10 3 1 
Allocating: 1524366032 bytes of space for the candidates lists.
Sizeof T = 8
Cleared degree
FANOUT = 1 FANOUT_PER_LEVEL = 0
number of levels to fanout: 1
fanout per level: 1
total fanout: 1
total fanout allowance: 1
leader method: random
Parlay time: first level assign time: 0.3229
Parlay time: buckets time: 1.8171
buckets size (bytes): 143673648
Total buckets: 103469
Total points: 35504536
Computed buckets!
Building leaves:
Parlay time: build leaf time: 6.9859
Built cluster 0 of 1
Leaf count: 103469
# of comparisons during clustering: 3210336828
Allocating graph, prune_degree = 64
Average table size: 66
Parlay time: Final prune time: 1.1962
Average distance traversed: 65
LEAF_POINTS 35504536 leaves 103469
BUILD_DISTANCES_PIPNN clustering=3210336828 leaf=8492050375 prune=858789325 total=12561176528
PiPNN graph built with 1183514 points and parameters Trees = 1
Graph has average degree 30.73 and maximum degree 64
Graph built in 10.14 seconds
For 10@10 recall = 0.1955, QPS = 4.482e+05, Q = 10, cut = 1.35, visited limit = 10, degree limit: 50, average visited = 10, average cmps = 370
For 10@10 recall = 0.2385, QPS = 4.015e+05, Q = 11, cut = 1.35, visited limit = 11, degree limit: 55, average visited = 11, average cmps = 419
For 10@10 recall = 0.3158, QPS = 3.217e+05, Q = 13, cut = 1.35, visited limit = 13, degree limit: 64, average visited = 13, average cmps = 512
For 10@10 recall = 0.4022, QPS = 2.587e+05, Q = 16, cut = 1.35, visited limit = 16, degree limit: 64, average visited = 16, average cmps = 622
For 10@10 recall = 0.5034, QPS = 1.97e+05, Q = 21, cut = 1.35, visited limit = 21, degree limit: 64, average visited = 21, average cmps = 802
For 10@10 recall = 0.6087, QPS = 1.384e+05, Q = 30, cut = 1.35, visited limit = 30, degree limit: 64, average visited = 30, average cmps = 1122
For 10@10 recall = 0.7071, QPS = 8.058e+04, Q = 32, cut = 1.35, visited limit = 1183514, degree limit: 64, average visited = 44, average cmps = 1661
For 10@10 recall = 0.7533, QPS = 5.861e+04, Q = 45, cut = 1.35, visited limit = 1183514, degree limit: 64, average visited = 58, average cmps = 2137
For 10@10 recall = 0.8078, QPS = 4.351e+04, Q = 70, cut = 1.35, visited limit = 1183514, degree limit: 64, average visited = 84, average cmps = 3032
For 10@10 recall = 0.8631, QPS = 2.768e+04, Q = 120, cut = 1.35, visited limit = 1183514, degree limit: 64, average visited = 136, average cmps = 4764
For 10@10 recall = 0.9062, QPS = 1.916e+04, Q = 200, cut = 1.35, visited limit = 1183514, degree limit: 64, average visited = 217, average cmps = 7243
For 10@10 recall = 0.9336, QPS = 1.38e+04, Q = 300, cut = 1.35, visited limit = 1183514, degree limit: 64, average visited = 309, average cmps = 10098
For 10@10 recall = 0.9597, QPS = 8812, Q = 500, cut = 1.35, visited limit = 1183514, degree limit: 64, average visited = 475, average cmps = 15194
For 10@10 recall = 0.9756, QPS = 5784, Q = 750, cut = 1.35, visited limit = 1183514, degree limit: 64, average visited = 670, average cmps = 20779
For 10@10 recall = 0.9839, QPS = 4646, Q = 1000, cut = 1.35, visited limit = 1183514, degree limit: 64, average visited = 843, average cmps = 25799

Parlay time: 41.9483
