Vary degree = 0
Ground truth: detected 10000 points with num results 100
Data: detected 1183514 points with dimension 100
Aligning bytes to 448
Data: detected 10000 points with dimension 100
Aligning bytes to 448
Parlay time: SketchHash construction time: 0.0290
Size of SketchHash (bytes): 56813472
Allocate = 0
Set MSTDeg to: 2 fanout: 1
Sizeof indexType = 4
Fanout scheme: 10 3 1 
Allocating: 1524366032 bytes of space for the candidates lists.
Sizeof T = 8
Cleared degree
FANOUT = 1 FANOUT_PER_LEVEL = 0
number of levels to fanout: 1
fanout per level: 1
total fanout: 1
total fanout allowance: 1
leader method: random
Parlay time: first level assign time: 0.3015
Parlay time: buckets time: 1.8039
buckets size (bytes): 143673648
Total buckets: 103469
Total points: 35504536
Computed buckets!
Building leaves:
Parlay time: build leaf time: 7.2334
Built cluster 0 of 1
Leaf count: 103469
# of comparisons during clustering: 3210336828
Allocating graph, prune_degree = 64
Average table size: 66
Parlay time: Final prune time: 1.2045
Average distance traversed: 65
LEAF_POINTS 35504536 leaves 103469
BUILD_DISTANCES_PIPNN clustering=3210336828 leaf=8492050375 prune=859689659 total=12562076862
PiPNN graph built with 1183514 points and parameters Trees = 1
Graph has average degree 30.74 and maximum degree 64
Graph built in 10.57 seconds
For 10@10 recall = 0.1949, QPS = 4.779e+05, Q = 10, cut = 1.35, visited limit = 10, degree limit: 50, average visited = 10, average cmps = 366
For 10@10 recall = 0.2385, QPS = 4.144e+05, Q = 11, cut = 1.35, visited limit = 11, degree limit: 55, average visited = 11, average cmps = 416
For 10@10 recall = 0.3157, QPS = 3.312e+05, Q = 13, cut = 1.35, visited limit = 13, degree limit: 64, average visited = 13, average cmps = 509
For 10@10 recall = 0.4016, QPS = 2.661e+05, Q = 16, cut = 1.35, visited limit = 16, degree limit: 64, average visited = 16, average cmps = 619
For 10@10 recall = 0.5003, QPS = 1.905e+05, Q = 21, cut = 1.35, visited limit = 21, degree limit: 64, average visited = 21, average cmps = 799
For 10@10 recall = 0.6015, QPS = 1.385e+05, Q = 17, cut = 1.35, visited limit = 1183514, degree limit: 64, average visited = 28, average cmps = 1058
For 10@10 recall = 0.7057, QPS = 9.075e+04, Q = 32, cut = 1.35, visited limit = 1183514, degree limit: 64, average visited = 44, average cmps = 1661
For 10@10 recall = 0.7519, QPS = 6.978e+04, Q = 45, cut = 1.35, visited limit = 1183514, degree limit: 64, average visited = 58, average cmps = 2135
For 10@10 recall = 0.8069, QPS = 4.852e+04, Q = 70, cut = 1.35, visited limit = 1183514, degree limit: 64, average visited = 84, average cmps = 3032
For 10@10 recall = 0.8629, QPS = 3.106e+04, Q = 120, cut = 1.35, visited limit = 1183514, degree limit: 64, average visited = 136, average cmps = 4760
For 10@10 recall = 0.9062, QPS = 2.011e+04, Q = 200, cut = 1.35, visited limit = 1183514, degree limit: 64, average visited = 216, average cmps = 7242
For 10@10 recall = 0.9331, QPS = 1.417e+04, Q = 300, cut = 1.35, visited limit = 1183514, degree limit: 64, average visited = 308, average cmps = 10091
For 10@10 recall = 0.9597, QPS = 9159, Q = 500, cut = 1.35, visited limit = 1183514, degree limit: 64, average visited = 475, average cmps = 15191
For 10@10 recall = 0.9755, QPS = 5982, Q = 750, cut = 1.35, visited limit = 1183514, degree limit: 64, average visited = 670, average cmps = 20793
For 10@10 recall = 0.9833, QPS = 4757, Q = 1000, cut = 1.35, visited limit = 1183514, degree limit: 64, average visited = 842, average cmps = 25793

Parlay time: 41.5534
