Vary degree = 0
Ground truth: detected 10000 points with num results 100
Data: detected 1183514 points with dimension 100
Aligning bytes to 448
Data: detected 10000 points with dimension 100
Aligning bytes to 448
Parlay time: SketchHash construction time: 0.0267
Size of SketchHash (bytes): 56813472
Allocate = 0
Set MSTDeg to: 2 fanout: 1
Sizeof indexType = 4
Fanout scheme: 10 3 1 
Allocating: 1524366032 bytes of space for the candidates lists.
Sizeof T = 8
Cleared degree
FANOUT = 1 FANOUT_PER_LEVEL = 0
number of levels to fanout: 1
fanout per level: 1
total fanout: 1
total fanout allowance: 1
leader method: random
Parlay time: first level assign time: 0.3140
Parlay time: buckets time: 1.8154
buckets size (bytes): 143673648
Total buckets: 103469
Total points: 35504536
Computed buckets!
Building leaves:
Parlay time: build leaf time: 7.2890
Built cluster 0 of 1
Leaf count: 103469
# of comparisons during clustering: 3210336828
Allocating graph, prune_degree = 64
Average table size: 66
Parlay time: Final prune time: 1.1867
Average distance traversed: 65
LEAF_POINTS 35504536 leaves 103469
BUILD_DISTANCES_PIPNN clustering=3210336828 leaf=8492050375 prune=858947807 total=12561335010
PiPNN graph built with 1183514 points and parameters Trees = 1
Graph has average degree 30.73 and maximum degree 64
Graph built in 10.56 seconds
For 10@10 recall = 0.1967, QPS = 4.787e+05, Q = 10, cut = 1.35, visited limit = 10, degree limit: 50, average visited = 10, average cmps = 368
For 10@10 recall = 0.2396, QPS = 4.159e+05, Q = 11, cut = 1.35, visited limit = 11, degree limit: 55, average visited = 11, average cmps = 417
For 10@10 recall = 0.3144, QPS = 3.262e+05, Q = 13, cut = 1.35, visited limit = 13, degree limit: 64, average visited = 13, average cmps = 509
For 10@10 recall = 0.4008, QPS = 2.657e+05, Q = 16, cut = 1.35, visited limit = 16, degree limit: 64, average visited = 16, average cmps = 620
For 10@10 recall = 0.5154, QPS = 1.934e+05, Q = 22, cut = 1.35, visited limit = 22, degree limit: 64, average visited = 22, average cmps = 836
For 10@10 recall = 0.6011, QPS = 1.404e+05, Q = 17, cut = 1.35, visited limit = 1183514, degree limit: 64, average visited = 28, average cmps = 1059
For 10@10 recall = 0.7136, QPS = 8.671e+04, Q = 34, cut = 1.35, visited limit = 1183514, degree limit: 64, average visited = 46, average cmps = 1733
For 10@10 recall = 0.7518, QPS = 7.114e+04, Q = 45, cut = 1.35, visited limit = 1183514, degree limit: 64, average visited = 58, average cmps = 2138
For 10@10 recall = 0.8074, QPS = 4.881e+04, Q = 70, cut = 1.35, visited limit = 1183514, degree limit: 64, average visited = 84, average cmps = 3034
For 10@10 recall = 0.8634, QPS = 3.129e+04, Q = 120, cut = 1.35, visited limit = 1183514, degree limit: 64, average visited = 136, average cmps = 4761
For 10@10 recall = 0.9063, QPS = 2.032e+04, Q = 200, cut = 1.35, visited limit = 1183514, degree limit: 64, average visited = 217, average cmps = 7244
For 10@10 recall = 0.9337, QPS = 1.4e+04, Q = 300, cut = 1.35, visited limit = 1183514, degree limit: 64, average visited = 308, average cmps = 10093
For 10@10 recall = 0.9599, QPS = 9215, Q = 500, cut = 1.35, visited limit = 1183514, degree limit: 64, average visited = 475, average cmps = 15199
For 10@10 recall = 0.9758, QPS = 5874, Q = 750, cut = 1.35, visited limit = 1183514, degree limit: 64, average visited = 670, average cmps = 20790
For 10@10 recall = 0.9838, QPS = 4725, Q = 1000, cut = 1.35, visited limit = 1183514, degree limit: 64, average visited = 843, average cmps = 25801

Parlay time: 41.7946
