Vary degree = 0
Ground truth: detected 10000 points with num results 100
Data: detected 1183514 points with dimension 100
Aligning bytes to 448
Data: detected 10000 points with dimension 100
Aligning bytes to 448
Parlay time: SketchHash construction time: 0.0274
Size of SketchHash (bytes): 56813472
Allocate = 0
Set MSTDeg to: 2 fanout: 1
Sizeof indexType = 4
Fanout scheme: 10 3 1 
Allocating: 1524366032 bytes of space for the candidates lists.
Sizeof T = 8
Cleared degree
FANOUT = 1 FANOUT_PER_LEVEL = 0
number of levels to fanout: 1
fanout per level: 1
total fanout: 1
total fanout allowance: 1
leader method: random
Parlay time: first level assign time: 0.3142
Parlay time: buckets time: 1.8296
buckets size (bytes): 143673648
Total buckets: 103469
Total points: 35504536
Computed buckets!
Building leaves:
Parlay time: build leaf time: 7.0593
Built cluster 0 of 1
Leaf count: 103469
# of comparisons during clustering: 3210336828
Allocating graph, prune_degree = 64
Average table size: 66
Parlay time: Final prune time: 1.2039
Average distance traversed: 65
LEAF_POINTS 35504536 leaves 103469
BUILD_DISTANCES_PIPNN clustering=3210336828 leaf=8492050375 prune=858613675 total=12561000878
PiPNN graph built with 1183514 points and parameters Trees = 1
Graph has average degree 30.72 and maximum degree 64
Graph built in 10.23 seconds
For 10@10 recall = 0.1958, QPS = 4.59e+05, Q = 10, cut = 1.35, visited limit = 10, degree limit: 50, average visited = 10, average cmps = 368
For 10@10 recall = 0.2385, QPS = 4.113e+05, Q = 11, cut = 1.35, visited limit = 11, degree limit: 55, average visited = 11, average cmps = 417
For 10@10 recall = 0.3142, QPS = 3.291e+05, Q = 13, cut = 1.35, visited limit = 13, degree limit: 64, average visited = 13, average cmps = 510
For 10@10 recall = 0.4005, QPS = 2.557e+05, Q = 16, cut = 1.35, visited limit = 16, degree limit: 64, average visited = 16, average cmps = 620
For 10@10 recall = 0.5145, QPS = 1.804e+05, Q = 11, cut = 1.35, visited limit = 1183514, degree limit: 64, average visited = 20, average cmps = 790
For 10@10 recall = 0.6082, QPS = 1.297e+05, Q = 30, cut = 1.35, visited limit = 30, degree limit: 64, average visited = 30, average cmps = 1120
For 10@10 recall = 0.7064, QPS = 7.565e+04, Q = 32, cut = 1.35, visited limit = 1183514, degree limit: 64, average visited = 44, average cmps = 1664
For 10@10 recall = 0.7518, QPS = 6.033e+04, Q = 45, cut = 1.35, visited limit = 1183514, degree limit: 64, average visited = 58, average cmps = 2136
For 10@10 recall = 0.8004, QPS = 4.356e+04, Q = 65, cut = 1.35, visited limit = 1183514, degree limit: 64, average visited = 79, average cmps = 2869
For 10@10 recall = 0.8634, QPS = 2.729e+04, Q = 120, cut = 1.35, visited limit = 1183514, degree limit: 64, average visited = 136, average cmps = 4760
For 10@10 recall = 0.906, QPS = 1.909e+04, Q = 200, cut = 1.35, visited limit = 1183514, degree limit: 64, average visited = 217, average cmps = 7250
For 10@10 recall = 0.9333, QPS = 1.329e+04, Q = 300, cut = 1.35, visited limit = 1183514, degree limit: 64, average visited = 308, average cmps = 10099
For 10@10 recall = 0.9601, QPS = 8965, Q = 500, cut = 1.35, visited limit = 1183514, degree limit: 64, average visited = 475, average cmps = 15198
For 10@10 recall = 0.9757, QPS = 5914, Q = 750, cut = 1.35, visited limit = 1183514, degree limit: 64, average visited = 671, average cmps = 20794
For 10@10 recall = 0.9836, QPS = 4768, Q = 1000, cut = 1.35, visited limit = 1183514, degree limit: 64, average visited = 843, average cmps = 25805

Parlay time: 42.1909
