Vary degree = 0
Ground truth: detected 10000 points with num results 100
Data: detected 1183514 points with dimension 100
Aligning bytes to 448
Data: detected 10000 points with dimension 100
Aligning bytes to 448
Parlay time: SketchHash construction time: 0.0267
Size of SketchHash (bytes): 56813472
Allocate = 0
Set MSTDeg to: 2 fanout: 1
Sizeof indexType = 4
Fanout scheme: 10 3 1 
Allocating: 1524366032 bytes of space for the candidates lists.
Sizeof T = 8
Cleared degree
FANOUT = 1 FANOUT_PER_LEVEL = 0
number of levels to fanout: 1
fanout per level: 1
total fanout: 1
total fanout allowance: 1
leader method: random
Parlay time: first level assign time: 0.2990
Parlay time: buckets time: 1.7729
buckets size (bytes): 143673648
Total buckets: 103469
Total points: 35504536
Computed buckets!
Building leaves:
Parlay time: build leaf time: 7.3276
Built cluster 0 of 1
Leaf count: 103469
# of comparisons during clustering: 3210336828
Allocating graph, prune_degree = 64
Average table size: 66
Parlay time: Final prune time: 1.1748
Average distance traversed: 65
LEAF_POINTS 35504536 leaves 103469
BUILD_DISTANCES_PIPNN clustering=3210336828 leaf=8492050375 prune=857087030 total=12559474233
PiPNN graph built with 1183514 points and parameters Trees = 1
Graph has average degree 30.71 and maximum degree 64
Graph built in 10.53 seconds
For 10@10 recall = 0.196, QPS = 4.699e+05, Q = 10, cut = 1.35, visited limit = 10, degree limit: 50, average visited = 10, average cmps = 371
For 10@10 recall = 0.2387, QPS = 3.981e+05, Q = 11, cut = 1.35, visited limit = 11, degree limit: 55, average visited = 11, average cmps = 420
For 10@10 recall = 0.3138, QPS = 3.272e+05, Q = 13, cut = 1.35, visited limit = 13, degree limit: 64, average visited = 13, average cmps = 512
For 10@10 recall = 0.4002, QPS = 2.633e+05, Q = 16, cut = 1.35, visited limit = 16, degree limit: 64, average visited = 16, average cmps = 622
For 10@10 recall = 0.5013, QPS = 2.007e+05, Q = 21, cut = 1.35, visited limit = 21, degree limit: 64, average visited = 21, average cmps = 802
For 10@10 recall = 0.6071, QPS = 1.414e+05, Q = 30, cut = 1.35, visited limit = 30, degree limit: 64, average visited = 30, average cmps = 1121
For 10@10 recall = 0.7121, QPS = 8.752e+04, Q = 34, cut = 1.35, visited limit = 1183514, degree limit: 64, average visited = 46, average cmps = 1725
For 10@10 recall = 0.7514, QPS = 7.15e+04, Q = 45, cut = 1.35, visited limit = 1183514, degree limit: 64, average visited = 58, average cmps = 2133
For 10@10 recall = 0.8, QPS = 4.985e+04, Q = 65, cut = 1.35, visited limit = 1183514, degree limit: 64, average visited = 79, average cmps = 2866
For 10@10 recall = 0.863, QPS = 3.077e+04, Q = 120, cut = 1.35, visited limit = 1183514, degree limit: 64, average visited = 136, average cmps = 4757
For 10@10 recall = 0.9056, QPS = 1.996e+04, Q = 200, cut = 1.35, visited limit = 1183514, degree limit: 64, average visited = 216, average cmps = 7236
For 10@10 recall = 0.9331, QPS = 1.434e+04, Q = 300, cut = 1.35, visited limit = 1183514, degree limit: 64, average visited = 308, average cmps = 10086
For 10@10 recall = 0.9601, QPS = 9138, Q = 500, cut = 1.35, visited limit = 1183514, degree limit: 64, average visited = 475, average cmps = 15176
For 10@10 recall = 0.9758, QPS = 5958, Q = 750, cut = 1.35, visited limit = 1183514, degree limit: 64, average visited = 670, average cmps = 20765
For 10@10 recall = 0.9839, QPS = 4802, Q = 1000, cut = 1.35, visited limit = 1183514, degree limit: 64, average visited = 842, average cmps = 25752

Parlay time: 41.3784
