Vary degree = 0
Ground truth: detected 1000 points with num results 100
Data: detected 1000000 points with dimension 960
Data: detected 1000 points with dimension 960
Graph: detected 1000000 points with max degree 1155
Total edges read from file: 48514564
start index = 0
Average visited: 0, Tail visited: 0
Vamana graph built with 1000000 points and parameters R = 64, L = 128
Graph has average degree 48.5146 and maximum degree 1155
Graph built in 0 seconds
BUILD_DISTANCES 0
For 10@10 recall = 0.2059, QPS = 30430.3, Q = 10, cut = 1.35, visited limit = 10, degree limit: 50, average visited = 10, average cmps = 458
For 10@10 recall = 0.3093, QPS = 22127.8, Q = 12, cut = 1.35, visited limit = 12, degree limit: 60, average visited = 12, average cmps = 619
For 10@10 recall = 0.4183, QPS = 16180.7, Q = 15, cut = 1.35, visited limit = 15, degree limit: 75, average visited = 15, average cmps = 820
For 10@10 recall = 0.5218, QPS = 14088.1, Q = 10, cut = 1.35, visited limit = 1000000, degree limit: 1155, average visited = 18, average cmps = 1072
For 10@10 recall = 0.6102, QPS = 9194.3, Q = 25, cut = 1.35, visited limit = 25, degree limit: 125, average visited = 25, average cmps = 1381
For 10@10 recall = 0.706, QPS = 6472.41, Q = 35, cut = 1.35, visited limit = 35, degree limit: 175, average visited = 35, average cmps = 1933
For 10@10 recall = 0.7587, QPS = 4921.45, Q = 32, cut = 1.35, visited limit = 1000000, degree limit: 1155, average visited = 41, average cmps = 2349
For 10@10 recall = 0.8156, QPS = 3813.05, Q = 45, cut = 1.35, visited limit = 1000000, degree limit: 1155, average visited = 54, average cmps = 3028
For 10@10 recall = 0.857, QPS = 3016.64, Q = 60, cut = 1.35, visited limit = 1000000, degree limit: 1155, average visited = 69, average cmps = 3832
For 10@10 recall = 0.9123, QPS = 2175.36, Q = 90, cut = 1.35, visited limit = 1000000, degree limit: 1155, average visited = 99, average cmps = 5297
For 10@10 recall = 0.9384, QPS = 1726.59, Q = 120, cut = 1.35, visited limit = 1000000, degree limit: 1155, average visited = 129, average cmps = 6630
For 10@10 recall = 0.9519, QPS = 1545.33, Q = 140, cut = 1.35, visited limit = 1000000, degree limit: 1155, average visited = 150, average cmps = 7395
For 10@10 recall = 0.9732, QPS = 1159.3, Q = 200, cut = 1.35, visited limit = 1000000, degree limit: 1155, average visited = 210, average cmps = 9824
For 10@10 recall = 0.9819, QPS = 964.602, Q = 250, cut = 1.35, visited limit = 1000000, degree limit: 1155, average visited = 258, average cmps = 11849
For 10@10 recall = 0.9919, QPS = 716.608, Q = 375, cut = 1.35, visited limit = 1000000, degree limit: 1155, average visited = 385, average cmps = 16035
For 10@10 recall = 0.9963, QPS = 565.214, Q = 500, cut = 1.35, visited limit = 1000000, degree limit: 1155, average visited = 504, average cmps = 20237
For 10@10 recall = 0.9994, QPS = 343.918, Q = 1000, cut = 1.35, visited limit = 1000000, degree limit: 1155, average visited = 962, average cmps = 33380

Parlay time: 35.4996
