GloVe n=1183514 nq=1000 x=50; K=[200, 500, 1000]
     L  m    leaf    pool  ceiling  ft@200  ff@200  ft@500  ff@500 ft@1000 ff@1000
   240  1    4931   10302    0.261   0.258   0.261   0.261   0.261   0.261   0.261   [5s]
   240  2    9863   38616    0.508   0.493   0.508   0.506   0.508   0.508   0.508   [16s]
   240  3   14794   82433    0.674   0.646   0.674   0.667   0.674   0.672   0.674   [40s]
   240  5   24657  203704    0.856   0.801   0.856   0.839   0.856   0.851   0.856   [92s]
   700  1    1691    3625    0.236   0.235   0.236   0.236   0.236   0.236   0.236   [7s]
   700  2    3381   13714    0.450   0.443   0.450   0.449   0.450   0.449   0.450   [11s]
   700  3    5072   29376    0.602   0.585   0.602   0.599   0.602   0.601   0.602   [20s]
   700  5    8454   74034    0.776   0.740   0.776   0.767   0.776   0.774   0.776   [43s]
  1400  1     845    1843    0.200   0.199   0.200   0.200   0.200   0.200   0.200   [12s]
  1400  2    1691    6990    0.404   0.400   0.404   0.404   0.404   0.404   0.404   [14s]
  1400  3    2536   15256    0.554   0.545   0.554   0.553   0.554   0.554   0.554   [19s]
  1400  5    4227   39401    0.740   0.712   0.740   0.734   0.740   0.738   0.740   [31s]
=== random leaders, PiPNN-like: small leaves, many memberships
GloVe n=1183514 nq=500 x=50; K=[500, 1000]
     L  m    leaf    pool  ceiling  ft@500  ff@500 ft@1000 ff@1000
  3450 10    3430   62417    0.864   0.852   0.864   0.860   0.864   [37s]
  3450 20    6861  196912    0.974   0.945   0.974   0.963   0.974   [64s]
  3450 30   10291  356799    0.996   0.959   0.996   0.982   0.996   [104s]
=== k-means leaders (10 Lloyd iterations on 200k sample)
GloVe n=1183514 nq=500 x=50; K=[500, 1000]
     L  m    leaf    pool  ceiling  ft@500  ff@500 ft@1000 ff@1000
   240  3   14794   43516    0.854   0.846   0.854   0.852   0.854   [9s]
   240  5   24657  105831    0.932   0.915   0.932   0.928   0.932   [24s]
   700  3    5072   15902    0.788   0.784   0.788   0.787   0.788   [9s]
   700  5    8454   38912    0.880   0.872   0.880   0.878   0.880   [15s]
