Vary degree = 0
Ground truth: detected 10000 points with num results 100
Data: detected 100000000 points with dimension 96
Data: detected 10000 points with dimension 96
Graph: detected 100000000 points with max degree 64
Total edges read from file: 6349431185
start index = 0
Average visited: 0, Tail visited: 0
Vamana graph built with 100000000 points and parameters R = 64, L = 128
Graph has average degree 63.4943 and maximum degree 64
Graph built in 0 seconds
BUILD_DISTANCES 0
For 100@100 recall = 0.108004, QPS = 248182, Q = 100, cut = 1.35, visited limit = 10, degree limit: 50, average visited = 10, average cmps = 481
For 100@100 recall = 0.236304, QPS = 168515, Q = 100, cut = 1.35, visited limit = 12, degree limit: 60, average visited = 12, average cmps = 683
For 100@100 recall = 0.335858, QPS = 151236, Q = 100, cut = 1.35, visited limit = 14, degree limit: 64, average visited = 14, average cmps = 837
For 100@100 recall = 0.433255, QPS = 127600, Q = 100, cut = 1.35, visited limit = 17, degree limit: 64, average visited = 17, average cmps = 995
For 100@100 recall = 0.506886, QPS = 111021, Q = 100, cut = 1.35, visited limit = 20, degree limit: 64, average visited = 20, average cmps = 1149
For 100@100 recall = 0.61068, QPS = 89003.6, Q = 100, cut = 1.35, visited limit = 26, degree limit: 64, average visited = 26, average cmps = 1448
For 100@100 recall = 0.707326, QPS = 64690.6, Q = 100, cut = 1.35, visited limit = 35, degree limit: 64, average visited = 35, average cmps = 1882
For 100@100 recall = 0.916498, QPS = 1689.23, Q = 100, cut = 1.35, visited limit = 100000000, degree limit: 64, average visited = 109, average cmps = 5351
For 100@100 recall = 0.930802, QPS = 20743.7, Q = 120, cut = 1.35, visited limit = 100000000, degree limit: 64, average visited = 129, average cmps = 6263
For 100@100 recall = 0.955114, QPS = 15537.8, Q = 180, cut = 1.35, visited limit = 100000000, degree limit: 64, average visited = 190, average cmps = 8520
For 100@100 recall = 0.972388, QPS = 10827.8, Q = 275, cut = 1.35, visited limit = 100000000, degree limit: 64, average visited = 287, average cmps = 11438
For 100@100 recall = 0.980645, QPS = 8290.51, Q = 375, cut = 1.35, visited limit = 100000000, degree limit: 64, average visited = 388, average cmps = 14515
For 100@100 recall = 0.991268, QPS = 4365.01, Q = 750, cut = 1.35, visited limit = 100000000, degree limit: 64, average visited = 768, average cmps = 25153

Parlay time: 66.9190
