Vary degree = 0
Ground truth: detected 10000 points with num results 100
Data: detected 6350000 points with dimension 1024
Data: detected 10000 points with dimension 1024
Graph: detected 6350000 points with max degree 80
Total edges read from file: 286841325
start index = 0
Average visited: 0, Tail visited: 0
Vamana graph built with 6350000 points and parameters R = 64, L = 128
Graph has average degree 45.1719 and maximum degree 80
Graph built in 0 seconds
BUILD_DISTANCES 0
For 100@100 recall = 0.206664, QPS = 39024.5, Q = 100, cut = 1.35, visited limit = 10, degree limit: 50, average visited = 10, average cmps = 451
For 100@100 recall = 0.312084, QPS = 29823.2, Q = 100, cut = 1.35, visited limit = 12, degree limit: 60, average visited = 12, average cmps = 582
For 100@100 recall = 0.406615, QPS = 23381, Q = 100, cut = 1.35, visited limit = 15, degree limit: 75, average visited = 15, average cmps = 733
For 100@100 recall = 0.51128, QPS = 17657.2, Q = 100, cut = 1.35, visited limit = 20, degree limit: 80, average visited = 20, average cmps = 942
For 100@100 recall = 0.619751, QPS = 12877.8, Q = 100, cut = 1.35, visited limit = 28, degree limit: 80, average visited = 28, average cmps = 1266
For 100@100 recall = 0.894852, QPS = 2979.62, Q = 100, cut = 1.35, visited limit = 6350000, degree limit: 80, average visited = 108, average cmps = 4370
For 100@100 recall = 0.91274, QPS = 3106.07, Q = 120, cut = 1.35, visited limit = 6350000, degree limit: 80, average visited = 128, average cmps = 5128
For 100@100 recall = 0.935752, QPS = 2439.61, Q = 160, cut = 1.35, visited limit = 6350000, degree limit: 80, average visited = 169, average cmps = 6445
For 100@100 recall = 0.950138, QPS = 2031.99, Q = 200, cut = 1.35, visited limit = 6350000, degree limit: 80, average visited = 211, average cmps = 7693
For 100@100 recall = 0.976011, QPS = 1192.88, Q = 375, cut = 1.35, visited limit = 6350000, degree limit: 80, average visited = 394, average cmps = 12965
For 100@100 recall = 0.982409, QPS = 915.786, Q = 500, cut = 1.35, visited limit = 6350000, degree limit: 80, average visited = 521, average cmps = 16582
For 100@100 recall = 0.991166, QPS = 510.986, Q = 1000, cut = 1.35, visited limit = 6350000, degree limit: 80, average visited = 1047, average cmps = 29358

Parlay time: 144.7679
