Vary degree = 0
Ground truth: detected 10000 points with num results 100
Data: detected 6350000 points with dimension 1024
Data: detected 10000 points with dimension 1024
Graph: detected 6350000 points with max degree 64
Total edges read from file: 406072857
start index = 0
Average visited: 0, Tail visited: 0
Vamana graph built with 6350000 points and parameters R = 64, L = 128
Graph has average degree 63.9485 and maximum degree 64
Graph built in 0 seconds
BUILD_DISTANCES 0
For 100@100 recall = 0.218705, QPS = 38599, Q = 100, cut = 1.35, visited limit = 10, degree limit: 50, average visited = 10, average cmps = 453
For 100@100 recall = 0.34779, QPS = 26671.1, Q = 100, cut = 1.35, visited limit = 12, degree limit: 60, average visited = 12, average cmps = 639
For 100@100 recall = 0.400443, QPS = 23008.4, Q = 100, cut = 1.35, visited limit = 13, degree limit: 64, average visited = 13, average cmps = 731
For 100@100 recall = 0.504025, QPS = 17769, Q = 100, cut = 1.35, visited limit = 17, degree limit: 64, average visited = 17, average cmps = 922
For 100@100 recall = 0.606628, QPS = 13467.1, Q = 100, cut = 1.35, visited limit = 23, degree limit: 64, average visited = 23, average cmps = 1194
For 100@100 recall = 0.719941, QPS = 9259.9, Q = 100, cut = 1.35, visited limit = 35, degree limit: 64, average visited = 35, average cmps = 1710
For 100@100 recall = 0.917631, QPS = 2645.55, Q = 120, cut = 1.35, visited limit = 6350000, degree limit: 64, average visited = 130, average cmps = 5590
For 100@100 recall = 0.936588, QPS = 2286.62, Q = 160, cut = 1.35, visited limit = 6350000, degree limit: 64, average visited = 171, average cmps = 6787
For 100@100 recall = 0.953484, QPS = 1773.37, Q = 225, cut = 1.35, visited limit = 6350000, degree limit: 64, average visited = 237, average cmps = 8687
For 100@100 recall = 0.97195, QPS = 1212.55, Q = 375, cut = 1.35, visited limit = 6350000, degree limit: 64, average visited = 395, average cmps = 12613
For 100@100 recall = 0.985267, QPS = 700.939, Q = 750, cut = 1.35, visited limit = 6350000, degree limit: 64, average visited = 791, average cmps = 21758

Parlay time: 145.9050
