[glove-100] n=1183514 d=100 nq=200 |S|=23670 (alpha=2.000%) b=8
  proxies built 2.1s (bytes/vector: exact 400, sq8 100, sq4 50, evp 25)
  assignment 174.2s; lists mean 400 max 9251

(B) ROUTER: coverage of the true 10-NN by the ks routed lists
    ks   scanned     float       sq8    evp_ft    evp_tt
     8   0.554%    0.7065    0.7085    0.6085    0.5335
    16   1.033%    0.7965    0.7965    0.7130    0.6335
    32   1.924%    0.8615    0.8620    0.7970    0.7255
    64   3.502%    0.9180    0.9180    0.8635    0.8145
   128   6.439%    0.9615    0.9625    0.9235    0.8800

(A) SCREEN at ks=8: recall@10 after exact re-rank of the proxy's top-K
      K       sq8       sq4    evp_ft    evp_tt   ceiling
     10    0.6995    0.5570    0.3880    0.2795    0.7065
     20    0.7065    0.6555    0.5090    0.3960    0.7065
     50    0.7065    0.7000    0.6185    0.5190    0.7065
    100    0.7065    0.7065    0.6730    0.5955    0.7065
    200    0.7065    0.7065    0.6975    0.6495    0.7065
    500    0.7065    0.7065    0.7060    0.6915    0.7065
   1000    0.7065    0.7065    0.7065    0.7040    0.7065
   2000    0.7065    0.7065    0.7065    0.7065    0.7065

(A) SCREEN at ks=16: recall@10 after exact re-rank of the proxy's top-K
      K       sq8       sq4    evp_ft    evp_tt   ceiling
     10    0.7855    0.5985    0.4045    0.2905    0.7965
     20    0.7965    0.7335    0.5380    0.3975    0.7965
     50    0.7965    0.7895    0.6720    0.5375    0.7965
    100    0.7965    0.7960    0.7400    0.6320    0.7965
    200    0.7965    0.7965    0.7765    0.7060    0.7965
    500    0.7965    0.7965    0.7945    0.7670    0.7965
   1000    0.7965    0.7965    0.7965    0.7870    0.7965
   2000    0.7965    0.7965    0.7965    0.7965    0.7965

(A) SCREEN at ks=32: recall@10 after exact re-rank of the proxy's top-K
      K       sq8       sq4    evp_ft    evp_tt   ceiling
     10    0.8490    0.6330    0.4185    0.2915    0.8615
     20    0.8615    0.7790    0.5555    0.3995    0.8615
     50    0.8615    0.8480    0.7005    0.5470    0.8615
    100    0.8615    0.8600    0.7840    0.6500    0.8615
    200    0.8615    0.8615    0.8275    0.7290    0.8615
    500    0.8615    0.8615    0.8560    0.8030    0.8615
   1000    0.8615    0.8615    0.8600    0.8380    0.8615
   2000    0.8615    0.8615    0.8615    0.8545    0.8615
   5000    0.8615    0.8615    0.8615    0.8610    0.8615

(A) SCREEN at ks=64: recall@10 after exact re-rank of the proxy's top-K
      K       sq8       sq4    evp_ft    evp_tt   ceiling
     10    0.9010    0.6550    0.4240    0.2865    0.9180
     20    0.9180    0.8205    0.5685    0.3930    0.9180
     50    0.9180    0.9000    0.7195    0.5460    0.9180
    100    0.9180    0.9155    0.8115    0.6475    0.9180
    200    0.9180    0.9180    0.8675    0.7395    0.9180
    500    0.9180    0.9180    0.9050    0.8320    0.9180
   1000    0.9180    0.9180    0.9140    0.8800    0.9180
   2000    0.9180    0.9180    0.9180    0.9030    0.9180
   5000    0.9180    0.9180    0.9180    0.9155    0.9180

(A) SCREEN at ks=128: recall@10 after exact re-rank of the proxy's top-K
      K       sq8       sq4    evp_ft    evp_tt   ceiling
     10    0.9420    0.6690    0.4290    0.2840    0.9615
     20    0.9615    0.8500    0.5725    0.3965    0.9615
     50    0.9615    0.9405    0.7345    0.5355    0.9615
    100    0.9615    0.9580    0.8250    0.6520    0.9615
    200    0.9615    0.9615    0.8890    0.7455    0.9615
    500    0.9615    0.9615    0.9430    0.8490    0.9615
   1000    0.9615    0.9615    0.9565    0.9025    0.9615
   2000    0.9615    0.9615    0.9605    0.9355    0.9615
   5000    0.9615    0.9615    0.9615    0.9550    0.9615
