[wiki-1024] n=200000 d=1024 nq=200 |S|=4000 (alpha=2.000%) b=8
  proxies built 5.3s (bytes/vector: exact 4096, sq8 1024, sq4 512, evp 256)
  assignment 6.8s; lists mean 400 max 2192

(B) ROUTER: coverage of the true 10-NN by the ks routed lists
    ks   scanned     float       sq8    evp_ft    evp_tt
     8   1.634%    0.8735    0.8735    0.8665    0.8555
    16   2.944%    0.9440    0.9455    0.9375    0.9285
    32   5.218%    0.9795    0.9795    0.9750    0.9715
    64   8.995%    0.9950    0.9950    0.9920    0.9905

(A) SCREEN at ks=8: recall@10 after exact re-rank of the proxy's top-K
      K       sq8       sq4    evp_ft    evp_tt   ceiling
     10    0.8695    0.8210    0.6900    0.6175    0.8735
     20    0.8735    0.8735    0.8310    0.7785    0.8735
     50    0.8735    0.8735    0.8700    0.8630    0.8735
    100    0.8735    0.8735    0.8730    0.8715    0.8735
    200    0.8735    0.8735    0.8735    0.8730    0.8735
    500    0.8735    0.8735    0.8735    0.8735    0.8735

(A) SCREEN at ks=16: recall@10 after exact re-rank of the proxy's top-K
      K       sq8       sq4    evp_ft    evp_tt   ceiling
     10    0.9385    0.8735    0.7230    0.6455    0.9440
     20    0.9440    0.9435    0.8865    0.8195    0.9440
     50    0.9440    0.9440    0.9400    0.9275    0.9440
    100    0.9440    0.9440    0.9430    0.9410    0.9440
    200    0.9440    0.9440    0.9440    0.9430    0.9440
    500    0.9440    0.9440    0.9440    0.9440    0.9440

(A) SCREEN at ks=32: recall@10 after exact re-rank of the proxy's top-K
      K       sq8       sq4    evp_ft    evp_tt   ceiling
     10    0.9725    0.8925    0.7365    0.6580    0.9795
     20    0.9795    0.9780    0.9110    0.8380    0.9795
     50    0.9795    0.9795    0.9725    0.9570    0.9795
    100    0.9795    0.9795    0.9785    0.9735    0.9795
    200    0.9795    0.9795    0.9795    0.9780    0.9795
    500    0.9795    0.9795    0.9795    0.9795    0.9795

(A) SCREEN at ks=64: recall@10 after exact re-rank of the proxy's top-K
      K       sq8       sq4    evp_ft    evp_tt   ceiling
     10    0.9875    0.9000    0.7430    0.6605    0.9950
     20    0.9950    0.9930    0.9190    0.8455    0.9950
     50    0.9950    0.9950    0.9870    0.9675    0.9950
    100    0.9950    0.9950    0.9940    0.9880    0.9950
    200    0.9950    0.9950    0.9950    0.9925    0.9950
    500    0.9950    0.9950    0.9950    0.9950    0.9950
