Vary degree = 0
Ground truth: detected 10000 points with num results 100
Data: detected 200000 points with dimension 100
Aligning bytes to 448
Data: detected 10000 points with dimension 100
Aligning bytes to 448
Building graph...
number of passes = 2
Pass 10% complete
Pass 20% complete
Pass 30% complete
Pass 40% complete
Pass 50% complete
Pass 60% complete
Pass 70% complete
Pass 80% complete
Pass 90% complete
Pass 100% complete
beam search time: total: 6.7060
bidirect time: total: 0.1820
prune time: total: 0.4064
Pass 10% complete
Pass 20% complete
Pass 30% complete
Pass 40% complete
Pass 50% complete
Pass 60% complete
Pass 70% complete
Pass 80% complete
Pass 90% complete
Pass 100% complete
beam search time: total: 9.4681
bidirect time: total: 0.2533
prune time: total: 0.7390
start index = 0
Average visited: 417, Tail visited: 455
Vamana graph built with 200000 points and parameters R = 100, L = 200
Graph has average degree 50.64 and maximum degree 100
Graph built in 17.99 seconds
BUILD_DISTANCES 4288312678
For 10@10 recall = 0.3968, QPS = 5.626e+05, Q = 10, cut = 1.35, visited limit = 10, degree limit: 50, average visited = 10, average cmps = 439
For 10@10 recall = 0.4544, QPS = 4.587e+05, Q = 11, cut = 1.35, visited limit = 11, degree limit: 55, average visited = 11, average cmps = 513
For 10@10 recall = 0.5018, QPS = 4.029e+05, Q = 12, cut = 1.35, visited limit = 12, degree limit: 60, average visited = 12, average cmps = 587
For 10@10 recall = 0.621, QPS = 2.64e+05, Q = 16, cut = 1.35, visited limit = 16, degree limit: 80, average visited = 16, average cmps = 855
For 10@10 recall = 0.7102, QPS = 1.934e+05, Q = 15, cut = 1.35, visited limit = 200000, degree limit: 100, average visited = 21, average cmps = 1150
For 10@10 recall = 0.7538, QPS = 1.605e+05, Q = 19, cut = 1.35, visited limit = 200000, degree limit: 100, average visited = 25, average cmps = 1373
For 10@10 recall = 0.8013, QPS = 1.264e+05, Q = 26, cut = 1.35, visited limit = 200000, degree limit: 100, average visited = 32, average cmps = 1734
For 10@10 recall = 0.8511, QPS = 9.446e+04, Q = 38, cut = 1.35, visited limit = 200000, degree limit: 100, average visited = 44, average cmps = 2322
For 10@10 recall = 0.9014, QPS = 6.407e+04, Q = 60, cut = 1.35, visited limit = 200000, degree limit: 100, average visited = 66, average cmps = 3427
For 10@10 recall = 0.9362, QPS = 4.537e+04, Q = 90, cut = 1.35, visited limit = 200000, degree limit: 100, average visited = 96, average cmps = 4782
For 10@10 recall = 0.9558, QPS = 3.499e+04, Q = 120, cut = 1.35, visited limit = 200000, degree limit: 100, average visited = 126, average cmps = 6016
For 10@10 recall = 0.9705, QPS = 2.702e+04, Q = 160, cut = 1.35, visited limit = 200000, degree limit: 100, average visited = 165, average cmps = 7559
For 10@10 recall = 0.9835, QPS = 1.985e+04, Q = 225, cut = 1.35, visited limit = 200000, degree limit: 100, average visited = 225, average cmps = 9898
For 10@10 recall = 0.9905, QPS = 1.519e+04, Q = 300, cut = 1.35, visited limit = 200000, degree limit: 100, average visited = 292, average cmps = 12330
For 10@10 recall = 0.9969, QPS = 9514, Q = 500, cut = 1.35, visited limit = 200000, degree limit: 100, average visited = 455, average cmps = 18067
For 10@10 recall = 0.999, QPS = 6219, Q = 750, cut = 1.35, visited limit = 200000, degree limit: 100, average visited = 649, average cmps = 23762
For 10@10 recall = 0.9995, QPS = 5054, Q = 1000, cut = 1.35, visited limit = 200000, degree limit: 100, average visited = 818, average cmps = 28743

Parlay time: 44.6734
