Vary degree = 0
Ground truth: detected 10000 points with num results 100
Data: detected 10000000 points with dimension 96
Data: detected 10000 points with dimension 96
Graph: detected 10000000 points with max degree 80
Total edges read from file: 426313007
start index = 0
Average visited: 0, Tail visited: 0
Vamana graph built with 10000000 points and parameters R = 64, L = 128
Graph has average degree 42.6313 and maximum degree 80
Graph built in 0 seconds
BUILD_DISTANCES 0
For 10@10 recall = 0.3554, QPS = 309024, Q = 10, cut = 1.35, visited limit = 10, degree limit: 50, average visited = 10, average cmps = 434
For 10@10 recall = 0.43665, QPS = 264718, Q = 11, cut = 1.35, visited limit = 11, degree limit: 55, average visited = 11, average cmps = 491
For 10@10 recall = 0.50371, QPS = 231241, Q = 12, cut = 1.35, visited limit = 12, degree limit: 60, average visited = 12, average cmps = 542
For 10@10 recall = 0.63598, QPS = 194765, Q = 15, cut = 1.35, visited limit = 15, degree limit: 75, average visited = 15, average cmps = 671
For 10@10 recall = 0.71759, QPS = 163588, Q = 18, cut = 1.35, visited limit = 18, degree limit: 80, average visited = 18, average cmps = 791
For 10@10 recall = 0.75863, QPS = 175319, Q = 11, cut = 1.35, visited limit = 10000000, degree limit: 80, average visited = 19, average cmps = 848
For 10@10 recall = 0.80267, QPS = 135000, Q = 14, cut = 1.35, visited limit = 10000000, degree limit: 80, average visited = 22, average cmps = 959
For 10@10 recall = 0.85647, QPS = 111169, Q = 19, cut = 1.35, visited limit = 10000000, degree limit: 80, average visited = 27, average cmps = 1158
For 10@10 recall = 0.90678, QPS = 75987.3, Q = 28, cut = 1.35, visited limit = 10000000, degree limit: 80, average visited = 36, average cmps = 1493
For 10@10 recall = 0.93292, QPS = 71294.6, Q = 36, cut = 1.35, visited limit = 10000000, degree limit: 80, average visited = 43, average cmps = 1790
For 10@10 recall = 0.95729, QPS = 50138.1, Q = 50, cut = 1.35, visited limit = 10000000, degree limit: 80, average visited = 57, average cmps = 2314
For 10@10 recall = 0.97166, QPS = 42280.3, Q = 65, cut = 1.35, visited limit = 10000000, degree limit: 80, average visited = 72, average cmps = 2786
For 10@10 recall = 0.98313, QPS = 32690.3, Q = 90, cut = 1.35, visited limit = 10000000, degree limit: 80, average visited = 96, average cmps = 3650
For 10@10 recall = 0.9925, QPS = 22929.5, Q = 140, cut = 1.35, visited limit = 10000000, degree limit: 80, average visited = 141, average cmps = 4927
For 10@10 recall = 0.99538, QPS = 18750, Q = 180, cut = 1.35, visited limit = 10000000, degree limit: 80, average visited = 174, average cmps = 6002
For 10@10 recall = 0.99911, QPS = 10947, Q = 375, cut = 1.35, visited limit = 10000000, degree limit: 80, average visited = 309, average cmps = 9509
For 10@10 recall = 0.99953, QPS = 9038.6, Q = 500, cut = 1.35, visited limit = 10000000, degree limit: 80, average visited = 372, average cmps = 11272
For 10@10 recall = 0.99992, QPS = 6039.67, Q = 1000, cut = 1.35, visited limit = 10000000, degree limit: 80, average visited = 524, average cmps = 15003

Parlay time: 36.6634
