Vary degree = 0
Ground truth: detected 10000 points with num results 100
Data: detected 10000000 points with dimension 96
Data: detected 10000 points with dimension 96
Graph: detected 10000000 points with max degree 64
Total edges read from file: 625315572
start index = 0
Average visited: 0, Tail visited: 0
Vamana graph built with 10000000 points and parameters R = 64, L = 128
Graph has average degree 62.5316 and maximum degree 64
Graph built in 0 seconds
BUILD_DISTANCES 0
For 100@100 recall = 0.23022, QPS = 247249, Q = 100, cut = 1.35, visited limit = 10, degree limit: 50, average visited = 10, average cmps = 473
For 100@100 recall = 0.30971, QPS = 196804, Q = 100, cut = 1.35, visited limit = 11, degree limit: 55, average visited = 11, average cmps = 565
For 100@100 recall = 0.432605, QPS = 150494, Q = 100, cut = 1.35, visited limit = 13, degree limit: 64, average visited = 13, average cmps = 758
For 100@100 recall = 0.504049, QPS = 132308, Q = 100, cut = 1.35, visited limit = 15, degree limit: 64, average visited = 15, average cmps = 859
For 100@100 recall = 0.606857, QPS = 103878, Q = 100, cut = 1.35, visited limit = 19, degree limit: 64, average visited = 19, average cmps = 1055
For 100@100 recall = 0.70606, QPS = 85215.2, Q = 100, cut = 1.35, visited limit = 25, degree limit: 64, average visited = 25, average cmps = 1336
For 100@100 recall = 0.761209, QPS = 71018.7, Q = 100, cut = 1.35, visited limit = 30, degree limit: 64, average visited = 30, average cmps = 1564
For 100@100 recall = 0.800578, QPS = 63344.9, Q = 100, cut = 1.35, visited limit = 35, degree limit: 64, average visited = 35, average cmps = 1787
For 100@100 recall = 0.96675, QPS = 17987.6, Q = 120, cut = 1.35, visited limit = 10000000, degree limit: 64, average visited = 126, average cmps = 5681
For 100@100 recall = 0.973296, QPS = 16436.7, Q = 140, cut = 1.35, visited limit = 10000000, degree limit: 64, average visited = 147, average cmps = 6136
For 100@100 recall = 0.981428, QPS = 13220.4, Q = 180, cut = 1.35, visited limit = 10000000, degree limit: 64, average visited = 186, average cmps = 7626
For 100@100 recall = 0.99024, QPS = 10753.3, Q = 275, cut = 1.35, visited limit = 10000000, degree limit: 64, average visited = 282, average cmps = 9964
For 100@100 recall = 0.995843, QPS = 6530.49, Q = 500, cut = 1.35, visited limit = 10000000, degree limit: 64, average visited = 505, average cmps = 15762

Parlay time: 34.2538
