Vary degree = 0
Ground truth: detected 1000 points with num results 100
Data: detected 1000000 points with dimension 960
Data: detected 1000 points with dimension 960
Graph: detected 1000000 points with max degree 80
Total edges read from file: 29377078
start index = 0
Average visited: 0, Tail visited: 0
Vamana graph built with 1000000 points and parameters R = 64, L = 128
Graph has average degree 29.3771 and maximum degree 80
Graph built in 0 seconds
BUILD_DISTANCES 0
For 100@100 recall = 0.16175, QPS = 37103, Q = 100, cut = 1.35, visited limit = 10, degree limit: 50, average visited = 10, average cmps = 409
For 100@100 recall = 0.20087, QPS = 31657.6, Q = 100, cut = 1.35, visited limit = 11, degree limit: 55, average visited = 11, average cmps = 470
For 100@100 recall = 0.30985, QPS = 21220.2, Q = 100, cut = 1.35, visited limit = 15, degree limit: 75, average visited = 15, average cmps = 667
For 100@100 recall = 0.4085, QPS = 15809.3, Q = 100, cut = 1.35, visited limit = 20, degree limit: 80, average visited = 20, average cmps = 875
For 100@100 recall = 0.52238, QPS = 11461.1, Q = 100, cut = 1.35, visited limit = 28, degree limit: 80, average visited = 28, average cmps = 1196
For 100@100 recall = 0.87436, QPS = 3254.59, Q = 100, cut = 1.35, visited limit = 1000000, degree limit: 80, average visited = 108, average cmps = 4199
For 100@100 recall = 0.91899, QPS = 1561.8, Q = 140, cut = 1.35, visited limit = 1000000, degree limit: 80, average visited = 149, average cmps = 5479
For 100@100 recall = 0.93282, QPS = 1939.86, Q = 160, cut = 1.35, visited limit = 1000000, degree limit: 80, average visited = 169, average cmps = 6142
For 100@100 recall = 0.95304, QPS = 1764.1, Q = 200, cut = 1.35, visited limit = 1000000, degree limit: 80, average visited = 211, average cmps = 7282
For 100@100 recall = 0.97192, QPS = 1391.75, Q = 275, cut = 1.35, visited limit = 1000000, degree limit: 80, average visited = 288, average cmps = 9359
For 100@100 recall = 0.98414, QPS = 1095.85, Q = 375, cut = 1.35, visited limit = 1000000, degree limit: 80, average visited = 393, average cmps = 11943
For 100@100 recall = 0.99111, QPS = 859.734, Q = 500, cut = 1.35, visited limit = 1000000, degree limit: 80, average visited = 519, average cmps = 15050
For 100@100 recall = 0.99645, QPS = 645.019, Q = 750, cut = 1.35, visited limit = 1000000, degree limit: 80, average visited = 785, average cmps = 20377

Parlay time: 15.9645
