Vary degree = 0
Ground truth: detected 1000 points with num results 100
Data: detected 1000000 points with dimension 960
Data: detected 1000 points with dimension 960
Graph: detected 1000000 points with max degree 64
Total edges read from file: 57445218
start index = 0
Average visited: 0, Tail visited: 0
Vamana graph built with 1000000 points and parameters R = 64, L = 128
Graph has average degree 57.4452 and maximum degree 64
Graph built in 0 seconds
BUILD_DISTANCES 0
For 100@100 recall = 0.19853, QPS = 37313.4, Q = 100, cut = 1.35, visited limit = 10, degree limit: 50, average visited = 10, average cmps = 460
For 100@100 recall = 0.24432, QPS = 30583.8, Q = 100, cut = 1.35, visited limit = 11, degree limit: 55, average visited = 11, average cmps = 545
For 100@100 recall = 0.32943, QPS = 21897.2, Q = 100, cut = 1.35, visited limit = 13, degree limit: 64, average visited = 13, average cmps = 726
For 100@100 recall = 0.41962, QPS = 16894.5, Q = 100, cut = 1.35, visited limit = 17, degree limit: 64, average visited = 17, average cmps = 921
For 100@100 recall = 0.50697, QPS = 13238.9, Q = 100, cut = 1.35, visited limit = 22, degree limit: 64, average visited = 22, average cmps = 1157
For 100@100 recall = 0.60524, QPS = 10040, Q = 100, cut = 1.35, visited limit = 30, degree limit: 64, average visited = 30, average cmps = 1520
For 100@100 recall = 0.87859, QPS = 2870.82, Q = 100, cut = 1.35, visited limit = 1000000, degree limit: 64, average visited = 108, average cmps = 4810
For 100@100 recall = 0.91291, QPS = 2279.5, Q = 140, cut = 1.35, visited limit = 1000000, degree limit: 64, average visited = 148, average cmps = 6075
For 100@100 recall = 0.93267, QPS = 1880.11, Q = 180, cut = 1.35, visited limit = 1000000, degree limit: 64, average visited = 188, average cmps = 7506
For 100@100 recall = 0.95247, QPS = 1398.58, Q = 250, cut = 1.35, visited limit = 1000000, degree limit: 64, average visited = 259, average cmps = 9362
For 100@100 recall = 0.9703, QPS = 1145.36, Q = 375, cut = 1.35, visited limit = 1000000, degree limit: 64, average visited = 391, average cmps = 12062
For 100@100 recall = 0.98709, QPS = 719.992, Q = 750, cut = 1.35, visited limit = 1000000, degree limit: 64, average visited = 785, average cmps = 19604
For 100@100 recall = 0.99077, QPS = 599.367, Q = 1000, cut = 10, visited limit = 1000000, degree limit: 64, average visited = 1037, average cmps = 24021

Parlay time: 15.4247
