Vary degree = 0
Ground truth: detected 1000 points with num results 100
Data: detected 1000000 points with dimension 960
Data: detected 1000 points with dimension 960
Graph: detected 1000000 points with max degree 1137
Total edges read from file: 18508826
start index = 0
Average visited: 0, Tail visited: 0
Vamana graph built with 1000000 points and parameters R = 64, L = 128
Graph has average degree 18.5088 and maximum degree 1137
Graph built in 0 seconds
BUILD_DISTANCES 0
For 10@10 recall = 0.2045, QPS = 47074.3, Q = 10, cut = 1.35, visited limit = 10, degree limit: 50, average visited = 10, average cmps = 337
For 10@10 recall = 0.3043, QPS = 34623.6, Q = 12, cut = 1.35, visited limit = 12, degree limit: 60, average visited = 12, average cmps = 446
For 10@10 recall = 0.414, QPS = 25255.1, Q = 15, cut = 1.35, visited limit = 15, degree limit: 75, average visited = 15, average cmps = 586
For 10@10 recall = 0.521, QPS = 19164.1, Q = 19, cut = 1.35, visited limit = 19, degree limit: 95, average visited = 19, average cmps = 751
For 10@10 recall = 0.6149, QPS = 14974.3, Q = 24, cut = 1.35, visited limit = 24, degree limit: 120, average visited = 24, average cmps = 948
For 10@10 recall = 0.7279, QPS = 10158.6, Q = 35, cut = 1.35, visited limit = 35, degree limit: 175, average visited = 35, average cmps = 1368
For 10@10 recall = 0.7546, QPS = 7882.21, Q = 28, cut = 1.35, visited limit = 1000000, degree limit: 1137, average visited = 38, average cmps = 1505
For 10@10 recall = 0.809, QPS = 6631.48, Q = 38, cut = 1.35, visited limit = 1000000, degree limit: 1137, average visited = 47, average cmps = 1858
For 10@10 recall = 0.854, QPS = 5313.47, Q = 50, cut = 1.35, visited limit = 1000000, degree limit: 1137, average visited = 59, average cmps = 2302
For 10@10 recall = 0.9121, QPS = 3746.4, Q = 80, cut = 1.35, visited limit = 1000000, degree limit: 1137, average visited = 89, average cmps = 3289
For 10@10 recall = 0.9343, QPS = 3161.74, Q = 100, cut = 1.35, visited limit = 1000000, degree limit: 1137, average visited = 110, average cmps = 3877
For 10@10 recall = 0.9588, QPS = 2423.78, Q = 140, cut = 1.35, visited limit = 1000000, degree limit: 1137, average visited = 152, average cmps = 5055
For 10@10 recall = 0.9724, QPS = 1985.23, Q = 180, cut = 1.35, visited limit = 1000000, degree limit: 1137, average visited = 191, average cmps = 6197
For 10@10 recall = 0.9802, QPS = 1661.17, Q = 225, cut = 1.35, visited limit = 1000000, degree limit: 1137, average visited = 238, average cmps = 7354
For 10@10 recall = 0.9927, QPS = 1113.41, Q = 375, cut = 1.35, visited limit = 1000000, degree limit: 1137, average visited = 391, average cmps = 10892
For 10@10 recall = 0.9959, QPS = 903.452, Q = 500, cut = 1.35, visited limit = 1000000, degree limit: 1137, average visited = 511, average cmps = 13626

Parlay time: 24.9770
