Vary degree = 0
Ground truth: detected 1000 points with num results 100
Data: detected 1000000 points with dimension 960
Data: detected 1000 points with dimension 960
Graph: detected 1000000 points with max degree 1133
Total edges read from file: 18413444
start index = 0
Average visited: 0, Tail visited: 0
Vamana graph built with 1000000 points and parameters R = 64, L = 128
Graph has average degree 18.4134 and maximum degree 1133
Graph built in 0 seconds
BUILD_DISTANCES 0
For 10@10 recall = 0.2052, QPS = 48619.2, Q = 10, cut = 1.35, visited limit = 10, degree limit: 50, average visited = 10, average cmps = 336
For 10@10 recall = 0.3904, QPS = 28749.7, Q = 14, cut = 1.35, visited limit = 14, degree limit: 70, average visited = 14, average cmps = 538
For 10@10 recall = 0.4256, QPS = 26194.5, Q = 15, cut = 1.35, visited limit = 15, degree limit: 75, average visited = 15, average cmps = 581
For 10@10 recall = 0.5032, QPS = 21162.2, Q = 18, cut = 1.35, visited limit = 18, degree limit: 90, average visited = 18, average cmps = 705
For 10@10 recall = 0.6091, QPS = 15606.5, Q = 24, cut = 1.35, visited limit = 24, degree limit: 120, average visited = 24, average cmps = 940
For 10@10 recall = 0.7265, QPS = 10361.1, Q = 35, cut = 1.35, visited limit = 35, degree limit: 175, average visited = 35, average cmps = 1360
For 10@10 recall = 0.7809, QPS = 7902.2, Q = 32, cut = 1.35, visited limit = 1000000, degree limit: 1133, average visited = 42, average cmps = 1643
For 10@10 recall = 0.8065, QPS = 7103.23, Q = 38, cut = 1.35, visited limit = 1000000, degree limit: 1133, average visited = 47, average cmps = 1839
For 10@10 recall = 0.8503, QPS = 5764.92, Q = 50, cut = 1.35, visited limit = 1000000, degree limit: 1133, average visited = 59, average cmps = 2277
For 10@10 recall = 0.9131, QPS = 4005.51, Q = 80, cut = 1.35, visited limit = 1000000, degree limit: 1133, average visited = 89, average cmps = 3273
For 10@10 recall = 0.9354, QPS = 3133.4, Q = 100, cut = 1.35, visited limit = 1000000, degree limit: 1133, average visited = 110, average cmps = 3863
For 10@10 recall = 0.959, QPS = 2591.09, Q = 140, cut = 1.35, visited limit = 1000000, degree limit: 1133, average visited = 152, average cmps = 5039
For 10@10 recall = 0.9722, QPS = 2050.29, Q = 180, cut = 1.35, visited limit = 1000000, degree limit: 1133, average visited = 191, average cmps = 6194
For 10@10 recall = 0.9824, QPS = 1644.67, Q = 250, cut = 1.35, visited limit = 1000000, degree limit: 1133, average visited = 263, average cmps = 8005
For 10@10 recall = 0.9916, QPS = 1213.1, Q = 375, cut = 1.35, visited limit = 1000000, degree limit: 1133, average visited = 391, average cmps = 10872
For 10@10 recall = 0.9968, QPS = 720.337, Q = 750, cut = 1.35, visited limit = 1000000, degree limit: 1133, average visited = 757, average cmps = 18354

Parlay time: 23.8131
