Vary degree = 0
Ground truth: detected 1000 points with num results 100
Data: detected 1000000 points with dimension 960
Data: detected 1000 points with dimension 960
Graph: detected 1000000 points with max degree 1132
Total edges read from file: 18329629
start index = 0
Average visited: 0, Tail visited: 0
Vamana graph built with 1000000 points and parameters R = 64, L = 128
Graph has average degree 18.3296 and maximum degree 1132
Graph built in 0 seconds
BUILD_DISTANCES 0
For 10@10 recall = 0.2008, QPS = 34615.2, Q = 10, cut = 1.35, visited limit = 10, degree limit: 50, average visited = 10, average cmps = 329
For 10@10 recall = 0.3015, QPS = 25097.3, Q = 12, cut = 1.35, visited limit = 12, degree limit: 60, average visited = 12, average cmps = 434
For 10@10 recall = 0.4129, QPS = 17955.3, Q = 15, cut = 1.35, visited limit = 15, degree limit: 75, average visited = 15, average cmps = 571
For 10@10 recall = 0.533, QPS = 19424.6, Q = 10, cut = 1.35, visited limit = 1000000, degree limit: 1132, average visited = 19, average cmps = 777
For 10@10 recall = 0.6073, QPS = 14535.9, Q = 14, cut = 1.35, visited limit = 1000000, degree limit: 1132, average visited = 23, average cmps = 938
For 10@10 recall = 0.724, QPS = 7804.21, Q = 35, cut = 1.35, visited limit = 35, degree limit: 175, average visited = 35, average cmps = 1348
For 10@10 recall = 0.7554, QPS = 5171.03, Q = 28, cut = 1.35, visited limit = 1000000, degree limit: 1132, average visited = 38, average cmps = 1490
For 10@10 recall = 0.8068, QPS = 4296.58, Q = 38, cut = 1.35, visited limit = 1000000, degree limit: 1132, average visited = 47, average cmps = 1852
For 10@10 recall = 0.8505, QPS = 3522.35, Q = 50, cut = 1.35, visited limit = 1000000, degree limit: 1132, average visited = 60, average cmps = 2296
For 10@10 recall = 0.9135, QPS = 2514.47, Q = 80, cut = 1.35, visited limit = 1000000, degree limit: 1132, average visited = 90, average cmps = 3281
For 10@10 recall = 0.935, QPS = 2183.48, Q = 100, cut = 1.35, visited limit = 1000000, degree limit: 1132, average visited = 110, average cmps = 3870
For 10@10 recall = 0.9605, QPS = 1675.85, Q = 140, cut = 1.35, visited limit = 1000000, degree limit: 1132, average visited = 152, average cmps = 5041
For 10@10 recall = 0.9733, QPS = 1374.81, Q = 180, cut = 1.35, visited limit = 1000000, degree limit: 1132, average visited = 191, average cmps = 6190
For 10@10 recall = 0.9802, QPS = 1144.55, Q = 225, cut = 1.35, visited limit = 1000000, degree limit: 1132, average visited = 238, average cmps = 7338
For 10@10 recall = 0.9908, QPS = 778.717, Q = 375, cut = 1.35, visited limit = 1000000, degree limit: 1132, average visited = 391, average cmps = 10898
For 10@10 recall = 0.9978, QPS = 445.602, Q = 750, cut = 1.35, visited limit = 1000000, degree limit: 1132, average visited = 756, average cmps = 18357

Parlay time: 33.1746
