Vary degree = 0
Ground truth: detected 1000 points with num results 100
Data: detected 1000000 points with dimension 960
Data: detected 1000 points with dimension 960
Graph: detected 1000000 points with max degree 1133
Total edges read from file: 18484911
start index = 0
Average visited: 0, Tail visited: 0
Vamana graph built with 1000000 points and parameters R = 64, L = 128
Graph has average degree 18.4849 and maximum degree 1133
Graph built in 0 seconds
BUILD_DISTANCES 0
For 10@10 recall = 0.1956, QPS = 50449, Q = 10, cut = 1.35, visited limit = 10, degree limit: 50, average visited = 10, average cmps = 332
For 10@10 recall = 0.2521, QPS = 42689.4, Q = 11, cut = 1.35, visited limit = 11, degree limit: 55, average visited = 11, average cmps = 385
For 10@10 recall = 0.3002, QPS = 36835.1, Q = 12, cut = 1.35, visited limit = 12, degree limit: 60, average visited = 12, average cmps = 436
For 10@10 recall = 0.4137, QPS = 27390.5, Q = 15, cut = 1.35, visited limit = 15, degree limit: 75, average visited = 15, average cmps = 572
For 10@10 recall = 0.522, QPS = 20573.2, Q = 19, cut = 1.35, visited limit = 19, degree limit: 95, average visited = 19, average cmps = 735
For 10@10 recall = 0.6084, QPS = 15920.3, Q = 24, cut = 1.35, visited limit = 24, degree limit: 120, average visited = 24, average cmps = 932
For 10@10 recall = 0.704, QPS = 10935.7, Q = 22, cut = 1.35, visited limit = 1000000, degree limit: 1133, average visited = 31, average cmps = 1247
For 10@10 recall = 0.7501, QPS = 9229.18, Q = 28, cut = 1.35, visited limit = 1000000, degree limit: 1133, average visited = 37, average cmps = 1481
For 10@10 recall = 0.8051, QPS = 7294.16, Q = 38, cut = 1.35, visited limit = 1000000, degree limit: 1133, average visited = 47, average cmps = 1844
For 10@10 recall = 0.8502, QPS = 5926.38, Q = 50, cut = 1.35, visited limit = 1000000, degree limit: 1133, average visited = 59, average cmps = 2287
For 10@10 recall = 0.9117, QPS = 4078, Q = 80, cut = 1.35, visited limit = 1000000, degree limit: 1133, average visited = 89, average cmps = 3280
For 10@10 recall = 0.9355, QPS = 3448.64, Q = 100, cut = 1.35, visited limit = 1000000, degree limit: 1133, average visited = 110, average cmps = 3863
For 10@10 recall = 0.9581, QPS = 2655.52, Q = 140, cut = 1.35, visited limit = 1000000, degree limit: 1133, average visited = 152, average cmps = 5035
For 10@10 recall = 0.9701, QPS = 2162.29, Q = 180, cut = 1.35, visited limit = 1000000, degree limit: 1133, average visited = 191, average cmps = 6193
For 10@10 recall = 0.9817, QPS = 1675.01, Q = 250, cut = 1.35, visited limit = 1000000, degree limit: 1133, average visited = 263, average cmps = 8003
For 10@10 recall = 0.9912, QPS = 1221.52, Q = 375, cut = 1.35, visited limit = 1000000, degree limit: 1133, average visited = 391, average cmps = 10879
For 10@10 recall = 0.9973, QPS = 721.927, Q = 750, cut = 1.35, visited limit = 1000000, degree limit: 1133, average visited = 756, average cmps = 18347

Parlay time: 23.8005
