Vary degree = 0
Ground truth: detected 10000 points with num results 100
Data: detected 1183514 points with dimension 100
Aligning bytes to 448
Data: detected 10000 points with dimension 100
Aligning bytes to 448
Graph: detected 1183514 points with max degree 483
Total edges read from file: 55470038
start index = 0
Average visited: 0, Tail visited: 0
Vamana graph built with 1183514 points and parameters R = 100, L = 200
Graph has average degree 46.8689 and maximum degree 483
Graph built in 0 seconds
BUILD_DISTANCES 0
For 10@10 recall = 0.24162, QPS = 399090, Q = 10, cut = 1.35, visited limit = 10, degree limit: 50, average visited = 10, average cmps = 413
For 10@10 recall = 0.3042, QPS = 314228, Q = 11, cut = 1.35, visited limit = 11, degree limit: 55, average visited = 11, average cmps = 480
For 10@10 recall = 0.40386, QPS = 240685, Q = 13, cut = 1.35, visited limit = 13, degree limit: 65, average visited = 13, average cmps = 609
For 10@10 recall = 0.5239, QPS = 175855, Q = 17, cut = 1.35, visited limit = 17, degree limit: 85, average visited = 17, average cmps = 800
For 10@10 recall = 0.61627, QPS = 149678, Q = 11, cut = 1.35, visited limit = 1183514, degree limit: 483, average visited = 20, average cmps = 966
For 10@10 recall = 0.72344, QPS = 104180, Q = 20, cut = 1.35, visited limit = 1183514, degree limit: 483, average visited = 30, average cmps = 1420
For 10@10 recall = 0.75216, QPS = 92917.8, Q = 24, cut = 1.35, visited limit = 1183514, degree limit: 483, average visited = 34, average cmps = 1627
For 10@10 recall = 0.8017, QPS = 71034.8, Q = 36, cut = 1.35, visited limit = 1183514, degree limit: 483, average visited = 47, average cmps = 2171
For 10@10 recall = 0.85499, QPS = 48246, Q = 60, cut = 1.35, visited limit = 1183514, degree limit: 483, average visited = 71, average cmps = 3255
For 10@10 recall = 0.91188, QPS = 27440.8, Q = 120, cut = 1.35, visited limit = 1183514, degree limit: 483, average visited = 132, average cmps = 5612
For 10@10 recall = 0.93127, QPS = 21494.8, Q = 160, cut = 1.35, visited limit = 1183514, degree limit: 483, average visited = 172, average cmps = 7046
For 10@10 recall = 0.95426, QPS = 13922.5, Q = 250, cut = 1.35, visited limit = 1183514, degree limit: 483, average visited = 256, average cmps = 10082
For 10@10 recall = 0.97081, QPS = 9545.69, Q = 375, cut = 1.35, visited limit = 1183514, degree limit: 483, average visited = 369, average cmps = 13817
For 10@10 recall = 0.98894, QPS = 4845.92, Q = 750, cut = 1.35, visited limit = 1183514, degree limit: 483, average visited = 668, average cmps = 23691
For 10@10 recall = 0.99345, QPS = 3912.77, Q = 1000, cut = 1.35, visited limit = 1183514, degree limit: 483, average visited = 841, average cmps = 29365

Parlay time: 35.5318
