Vary degree = 0
Ground truth: detected 10000 points with num results 100
Data: detected 1000000 points with dimension 128
Data: detected 10000 points with dimension 128
Graph: detected 1000000 points with max degree 111
Total edges read from file: 26921681
start index = 0
Average visited: 0, Tail visited: 0
Vamana graph built with 1000000 points and parameters R = 64, L = 128
Graph has average degree 26.9217 and maximum degree 111
Graph built in 0 seconds
BUILD_DISTANCES 0
For 10@10 recall = 0.2934, QPS = 459095, Q = 10, cut = 1.35, visited limit = 10, degree limit: 50, average visited = 10, average cmps = 313
For 10@10 recall = 0.35825, QPS = 401703, Q = 11, cut = 1.35, visited limit = 11, degree limit: 55, average visited = 11, average cmps = 344
For 10@10 recall = 0.4197, QPS = 362043, Q = 12, cut = 1.35, visited limit = 12, degree limit: 60, average visited = 12, average cmps = 373
For 10@10 recall = 0.53043, QPS = 298570, Q = 14, cut = 1.35, visited limit = 14, degree limit: 70, average visited = 14, average cmps = 429
For 10@10 recall = 0.61716, QPS = 260234, Q = 16, cut = 1.35, visited limit = 16, degree limit: 80, average visited = 16, average cmps = 483
For 10@10 recall = 0.71129, QPS = 217075, Q = 19, cut = 1.35, visited limit = 19, degree limit: 95, average visited = 19, average cmps = 562
For 10@10 recall = 0.77361, QPS = 224548, Q = 10, cut = 1.35, visited limit = 1000000, degree limit: 111, average visited = 19, average cmps = 583
For 10@10 recall = 0.81023, QPS = 185881, Q = 12, cut = 1.35, visited limit = 1000000, degree limit: 111, average visited = 21, average cmps = 634
For 10@10 recall = 0.85063, QPS = 185247, Q = 15, cut = 1.35, visited limit = 1000000, degree limit: 111, average visited = 24, average cmps = 707
For 10@10 recall = 0.91579, QPS = 118975, Q = 35, cut = 1.35, visited limit = 35, degree limit: 111, average visited = 35, average cmps = 968
For 10@10 recall = 0.93014, QPS = 92435.1, Q = 26, cut = 1.35, visited limit = 1000000, degree limit: 111, average visited = 35, average cmps = 989
For 10@10 recall = 0.95312, QPS = 78712.9, Q = 34, cut = 1.35, visited limit = 1000000, degree limit: 111, average visited = 43, average cmps = 1182
For 10@10 recall = 0.97105, QPS = 65397.1, Q = 45, cut = 1.35, visited limit = 1000000, degree limit: 111, average visited = 54, average cmps = 1444
For 10@10 recall = 0.98006, QPS = 56707.7, Q = 55, cut = 1.35, visited limit = 1000000, degree limit: 111, average visited = 64, average cmps = 1684
For 10@10 recall = 0.99102, QPS = 43412.6, Q = 80, cut = 1.35, visited limit = 1000000, degree limit: 111, average visited = 88, average cmps = 2203
For 10@10 recall = 0.99631, QPS = 32310, Q = 120, cut = 1.35, visited limit = 1000000, degree limit: 111, average visited = 125, average cmps = 2944
For 10@10 recall = 0.9992, QPS = 20965.6, Q = 225, cut = 1.35, visited limit = 1000000, degree limit: 111, average visited = 209, average cmps = 4448
For 10@10 recall = 0.99959, QPS = 18436.8, Q = 275, cut = 1.35, visited limit = 1000000, degree limit: 111, average visited = 240, average cmps = 4959
For 10@10 recall = 0.9999, QPS = 13879.4, Q = 500, cut = 1.35, visited limit = 1000000, degree limit: 111, average visited = 327, average cmps = 6484
For 10@10 recall = 0.99996, QPS = 11702.1, Q = 750, cut = 1.35, visited limit = 1000000, degree limit: 111, average visited = 379, average cmps = 7246
For 10@10 recall = 1, QPS = 6002.04, Q = 1000, cut = 10, visited limit = 1000000, degree limit: 111, average visited = 1048, average cmps = 15012

Parlay time: 27.4637
