Vary degree = 0
Ground truth: detected 1000 points with num results 100
Data: detected 1000000 points with dimension 960
Data: detected 1000 points with dimension 960
Graph: detected 1000000 points with max degree 1100
Total edges read from file: 20761185
start index = 0
Average visited: 0, Tail visited: 0
Vamana graph built with 1000000 points and parameters R = 64, L = 128
Graph has average degree 20.7612 and maximum degree 1100
Graph built in 0 seconds
BUILD_DISTANCES 0
For 10@10 recall = 0.2044, QPS = 45639.2, Q = 10, cut = 1.35, visited limit = 10, degree limit: 50, average visited = 10, average cmps = 366
For 10@10 recall = 0.3036, QPS = 33562.7, Q = 12, cut = 1.35, visited limit = 12, degree limit: 60, average visited = 12, average cmps = 476
For 10@10 recall = 0.4163, QPS = 24803.4, Q = 15, cut = 1.35, visited limit = 15, degree limit: 75, average visited = 15, average cmps = 625
For 10@10 recall = 0.5147, QPS = 18229.5, Q = 19, cut = 1.35, visited limit = 19, degree limit: 95, average visited = 19, average cmps = 820
For 10@10 recall = 0.6056, QPS = 13932.2, Q = 24, cut = 1.35, visited limit = 24, degree limit: 120, average visited = 24, average cmps = 1069
For 10@10 recall = 0.7304, QPS = 8993.37, Q = 35, cut = 1.35, visited limit = 35, degree limit: 175, average visited = 35, average cmps = 1588
For 10@10 recall = 0.7583, QPS = 6124.41, Q = 28, cut = 1.35, visited limit = 1000000, degree limit: 1100, average visited = 37, average cmps = 1813
For 10@10 recall = 0.8036, QPS = 5315.98, Q = 36, cut = 1.35, visited limit = 1000000, degree limit: 1100, average visited = 45, average cmps = 2144
For 10@10 recall = 0.8692, QPS = 4220.12, Q = 55, cut = 1.35, visited limit = 1000000, degree limit: 1100, average visited = 63, average cmps = 2926
For 10@10 recall = 0.9015, QPS = 3559.72, Q = 70, cut = 1.35, visited limit = 1000000, degree limit: 1100, average visited = 79, average cmps = 3482
For 10@10 recall = 0.9371, QPS = 2754.75, Q = 100, cut = 1.35, visited limit = 1000000, degree limit: 1100, average visited = 109, average cmps = 4558
For 10@10 recall = 0.9591, QPS = 2149.52, Q = 140, cut = 1.35, visited limit = 1000000, degree limit: 1100, average visited = 150, average cmps = 5907
For 10@10 recall = 0.9701, QPS = 1776.58, Q = 180, cut = 1.35, visited limit = 1000000, degree limit: 1100, average visited = 189, average cmps = 7244
For 10@10 recall = 0.9808, QPS = 1372.44, Q = 250, cut = 1.35, visited limit = 1000000, degree limit: 1100, average visited = 260, average cmps = 9298
For 10@10 recall = 0.9901, QPS = 1010.91, Q = 375, cut = 1.35, visited limit = 1000000, degree limit: 1100, average visited = 388, average cmps = 12537
For 10@10 recall = 0.9965, QPS = 622.19, Q = 750, cut = 1.35, visited limit = 1000000, degree limit: 1100, average visited = 748, average cmps = 20847

Parlay time: 27.9876
