Vary degree = 0
Ground truth: detected 1000 points with num results 100
Data: detected 1000000 points with dimension 960
Data: detected 1000 points with dimension 960
Graph: detected 1000000 points with max degree 72
Total edges read from file: 16789545
start index = 0
Average visited: 0, Tail visited: 0
Vamana graph built with 1000000 points and parameters R = 64, L = 128
Graph has average degree 16.7895 and maximum degree 72
Graph built in 0 seconds
BUILD_DISTANCES 0
For 10@10 recall = 0.2629, QPS = 38913.5, Q = 11, cut = 1.35, visited limit = 11, degree limit: 55, average visited = 11, average cmps = 389
For 10@10 recall = 0.3095, QPS = 33607.8, Q = 12, cut = 1.35, visited limit = 12, degree limit: 60, average visited = 12, average cmps = 437
For 10@10 recall = 0.4142, QPS = 26329, Q = 15, cut = 1.35, visited limit = 15, degree limit: 72, average visited = 15, average cmps = 551
For 10@10 recall = 0.5245, QPS = 23161, Q = 10, cut = 1.35, visited limit = 1000000, degree limit: 72, average visited = 18, average cmps = 688
For 10@10 recall = 0.6017, QPS = 15898.8, Q = 24, cut = 1.35, visited limit = 24, degree limit: 72, average visited = 24, average cmps = 861
For 10@10 recall = 0.7159, QPS = 10941.8, Q = 35, cut = 1.35, visited limit = 35, degree limit: 72, average visited = 35, average cmps = 1228
For 10@10 recall = 0.7557, QPS = 8763.55, Q = 30, cut = 1.35, visited limit = 1000000, degree limit: 72, average visited = 39, average cmps = 1386
For 10@10 recall = 0.8126, QPS = 7092.7, Q = 40, cut = 1.35, visited limit = 1000000, degree limit: 72, average visited = 50, average cmps = 1730
For 10@10 recall = 0.8585, QPS = 5643.85, Q = 55, cut = 1.35, visited limit = 1000000, degree limit: 72, average visited = 64, average cmps = 2191
For 10@10 recall = 0.9078, QPS = 4191.48, Q = 80, cut = 1.35, visited limit = 1000000, degree limit: 72, average visited = 90, average cmps = 2935
For 10@10 recall = 0.9301, QPS = 3510.98, Q = 100, cut = 1.35, visited limit = 1000000, degree limit: 72, average visited = 110, average cmps = 3469
For 10@10 recall = 0.9554, QPS = 2695.75, Q = 140, cut = 1.35, visited limit = 1000000, degree limit: 72, average visited = 152, average cmps = 4526
For 10@10 recall = 0.9713, QPS = 2016.93, Q = 200, cut = 1.35, visited limit = 1000000, degree limit: 72, average visited = 214, average cmps = 6009
For 10@10 recall = 0.9826, QPS = 1563.01, Q = 275, cut = 1.35, visited limit = 1000000, degree limit: 72, average visited = 290, average cmps = 7723
For 10@10 recall = 0.9928, QPS = 987.804, Q = 500, cut = 1.35, visited limit = 1000000, degree limit: 72, average visited = 511, average cmps = 12298
For 10@10 recall = 0.9962, QPS = 718.956, Q = 750, cut = 1.35, visited limit = 1000000, degree limit: 72, average visited = 755, average cmps = 16582

Parlay time: 23.3671
