Vary degree = 0
Ground truth: detected 10000 points with num results 100
Data: detected 1183514 points with dimension 100
Aligning bytes to 448
Data: detected 10000 points with dimension 100
Aligning bytes to 448
Graph: detected 1183514 points with max degree 96
Total edges read from file: 53703918
start index = 0
Average visited: 0, Tail visited: 0
Vamana graph built with 1183514 points and parameters R = 100, L = 200
Graph has average degree 45.3767 and maximum degree 96
Graph built in 0 seconds
BUILD_DISTANCES 0
For 10@10 recall = 0.28376, QPS = 382702, Q = 10, cut = 1.35, visited limit = 10, degree limit: 50, average visited = 10, average cmps = 439
For 10@10 recall = 0.34483, QPS = 327161, Q = 11, cut = 1.35, visited limit = 11, degree limit: 55, average visited = 11, average cmps = 509
For 10@10 recall = 0.43665, QPS = 255324, Q = 13, cut = 1.35, visited limit = 13, degree limit: 65, average visited = 13, average cmps = 630
For 10@10 recall = 0.52377, QPS = 203310, Q = 16, cut = 1.35, visited limit = 16, degree limit: 80, average visited = 16, average cmps = 768
For 10@10 recall = 0.60084, QPS = 165172, Q = 20, cut = 1.35, visited limit = 20, degree limit: 96, average visited = 20, average cmps = 944
For 10@10 recall = 0.70816, QPS = 110557, Q = 30, cut = 1.35, visited limit = 30, degree limit: 96, average visited = 30, average cmps = 1369
For 10@10 recall = 0.75841, QPS = 79443.3, Q = 26, cut = 1.35, visited limit = 1183514, degree limit: 96, average visited = 35, average cmps = 1642
For 10@10 recall = 0.8005, QPS = 63773.9, Q = 36, cut = 1.35, visited limit = 1183514, degree limit: 96, average visited = 46, average cmps = 2083
For 10@10 recall = 0.85595, QPS = 43626.2, Q = 60, cut = 1.35, visited limit = 1183514, degree limit: 96, average visited = 70, average cmps = 3128
For 10@10 recall = 0.90072, QPS = 28992.7, Q = 100, cut = 1.35, visited limit = 1183514, degree limit: 96, average visited = 112, average cmps = 4617
For 10@10 recall = 0.93146, QPS = 19589.7, Q = 160, cut = 1.35, visited limit = 1183514, degree limit: 96, average visited = 171, average cmps = 6758
For 10@10 recall = 0.95415, QPS = 13637.5, Q = 250, cut = 1.35, visited limit = 1183514, degree limit: 96, average visited = 254, average cmps = 9668
For 10@10 recall = 0.97118, QPS = 9442.8, Q = 375, cut = 1.35, visited limit = 1183514, degree limit: 96, average visited = 367, average cmps = 13245
For 10@10 recall = 0.9883, QPS = 5079.79, Q = 750, cut = 1.35, visited limit = 1183514, degree limit: 96, average visited = 661, average cmps = 22615
For 10@10 recall = 0.99264, QPS = 4085.89, Q = 1000, cut = 1.35, visited limit = 1183514, degree limit: 96, average visited = 831, average cmps = 27995

Parlay time: 34.4316
