Vary degree = 0
Ground truth: detected 10000 points with num results 100
Data: detected 1183514 points with dimension 100
Aligning bytes to 448
Data: detected 10000 points with dimension 100
Aligning bytes to 448
Graph: detected 1183514 points with max degree 80
Total edges read from file: 53699381
start index = 0
Average visited: 0, Tail visited: 0
Vamana graph built with 1183514 points and parameters R = 100, L = 200
Graph has average degree 45.3728 and maximum degree 80
Graph built in 0 seconds
BUILD_DISTANCES 0
For 10@10 recall = 0.26624, QPS = 386488, Q = 10, cut = 1.35, visited limit = 10, degree limit: 50, average visited = 10, average cmps = 423
For 10@10 recall = 0.32429, QPS = 332369, Q = 11, cut = 1.35, visited limit = 11, degree limit: 55, average visited = 11, average cmps = 488
For 10@10 recall = 0.41858, QPS = 262226, Q = 13, cut = 1.35, visited limit = 13, degree limit: 65, average visited = 13, average cmps = 608
For 10@10 recall = 0.50603, QPS = 208969, Q = 16, cut = 1.35, visited limit = 16, degree limit: 80, average visited = 16, average cmps = 742
For 10@10 recall = 0.6104, QPS = 159727, Q = 11, cut = 1.35, visited limit = 1183514, degree limit: 80, average visited = 19, average cmps = 921
For 10@10 recall = 0.70023, QPS = 102643, Q = 30, cut = 1.35, visited limit = 30, degree limit: 80, average visited = 30, average cmps = 1341
For 10@10 recall = 0.75666, QPS = 80640, Q = 26, cut = 1.35, visited limit = 1183514, degree limit: 80, average visited = 36, average cmps = 1642
For 10@10 recall = 0.80512, QPS = 62199.9, Q = 38, cut = 1.35, visited limit = 1183514, degree limit: 80, average visited = 48, average cmps = 2164
For 10@10 recall = 0.85549, QPS = 44608.6, Q = 60, cut = 1.35, visited limit = 1183514, degree limit: 80, average visited = 71, average cmps = 3128
For 10@10 recall = 0.90092, QPS = 29504.9, Q = 100, cut = 1.35, visited limit = 1183514, degree limit: 80, average visited = 112, average cmps = 4617
For 10@10 recall = 0.93182, QPS = 20017.3, Q = 160, cut = 1.35, visited limit = 1183514, degree limit: 80, average visited = 171, average cmps = 6758
For 10@10 recall = 0.9542, QPS = 13893.7, Q = 250, cut = 1.35, visited limit = 1183514, degree limit: 80, average visited = 255, average cmps = 9667
For 10@10 recall = 0.97128, QPS = 9642.98, Q = 375, cut = 1.35, visited limit = 1183514, degree limit: 80, average visited = 368, average cmps = 13265
For 10@10 recall = 0.98835, QPS = 5048.14, Q = 750, cut = 1.35, visited limit = 1183514, degree limit: 80, average visited = 663, average cmps = 22651
For 10@10 recall = 0.99271, QPS = 4051.34, Q = 1000, cut = 1.35, visited limit = 1183514, degree limit: 80, average visited = 834, average cmps = 28070

Parlay time: 34.3643
