Vary degree = 0
Ground truth: detected 10000 points with num results 100
Data: detected 1183514 points with dimension 100
Aligning bytes to 448
Data: detected 10000 points with dimension 100
Aligning bytes to 448
Graph: detected 1183514 points with max degree 80
Total edges read from file: 53731576
start index = 0
Average visited: 0, Tail visited: 0
Vamana graph built with 1183514 points and parameters R = 100, L = 200
Graph has average degree 45.4 and maximum degree 80
Graph built in 0 seconds
BUILD_DISTANCES 0
For 10@10 recall = 0.25833, QPS = 412184, Q = 10, cut = 1.35, visited limit = 10, degree limit: 50, average visited = 10, average cmps = 427
For 10@10 recall = 0.31879, QPS = 349516, Q = 11, cut = 1.35, visited limit = 11, degree limit: 55, average visited = 11, average cmps = 494
For 10@10 recall = 0.4141, QPS = 272993, Q = 13, cut = 1.35, visited limit = 13, degree limit: 65, average visited = 13, average cmps = 616
For 10@10 recall = 0.50272, QPS = 218041, Q = 16, cut = 1.35, visited limit = 16, degree limit: 80, average visited = 16, average cmps = 752
For 10@10 recall = 0.60254, QPS = 162782, Q = 21, cut = 1.35, visited limit = 21, degree limit: 80, average visited = 21, average cmps = 968
For 10@10 recall = 0.70116, QPS = 116117, Q = 30, cut = 1.35, visited limit = 30, degree limit: 80, average visited = 30, average cmps = 1351
For 10@10 recall = 0.75842, QPS = 79759.4, Q = 26, cut = 1.35, visited limit = 1183514, degree limit: 80, average visited = 36, average cmps = 1654
For 10@10 recall = 0.80575, QPS = 61468.5, Q = 38, cut = 1.35, visited limit = 1183514, degree limit: 80, average visited = 48, average cmps = 2175
For 10@10 recall = 0.85458, QPS = 43465.4, Q = 60, cut = 1.35, visited limit = 1183514, degree limit: 80, average visited = 71, average cmps = 3138
For 10@10 recall = 0.90022, QPS = 28967.7, Q = 100, cut = 1.35, visited limit = 1183514, degree limit: 80, average visited = 112, average cmps = 4630
For 10@10 recall = 0.93106, QPS = 19612.4, Q = 160, cut = 1.35, visited limit = 1183514, degree limit: 80, average visited = 172, average cmps = 6780
For 10@10 recall = 0.95414, QPS = 13523.5, Q = 250, cut = 1.35, visited limit = 1183514, degree limit: 80, average visited = 256, average cmps = 9709
For 10@10 recall = 0.97126, QPS = 9799.22, Q = 375, cut = 1.35, visited limit = 1183514, degree limit: 80, average visited = 369, average cmps = 13307
For 10@10 recall = 0.98844, QPS = 5246.25, Q = 750, cut = 1.35, visited limit = 1183514, degree limit: 80, average visited = 667, average cmps = 22747
For 10@10 recall = 0.99277, QPS = 4219.33, Q = 1000, cut = 1.35, visited limit = 1183514, degree limit: 80, average visited = 838, average cmps = 28157

Parlay time: 34.1248
