Vary degree = 0
Ground truth: detected 10000 points with num results 100
Data: detected 1183514 points with dimension 100
Aligning bytes to 448
Data: detected 10000 points with dimension 100
Aligning bytes to 448
Graph: detected 1183514 points with max degree 439
Total edges read from file: 61879620
start index = 0
Average visited: 0, Tail visited: 0
Vamana graph built with 1183514 points and parameters R = 100, L = 200
Graph has average degree 52.2847 and maximum degree 439
Graph built in 0 seconds
BUILD_DISTANCES 0
For 10@10 recall = 0.28108, QPS = 368786, Q = 10, cut = 1.35, visited limit = 10, degree limit: 50, average visited = 10, average cmps = 451
For 10@10 recall = 0.34506, QPS = 309435, Q = 11, cut = 1.35, visited limit = 11, degree limit: 55, average visited = 11, average cmps = 528
For 10@10 recall = 0.44382, QPS = 237857, Q = 13, cut = 1.35, visited limit = 13, degree limit: 65, average visited = 13, average cmps = 677
For 10@10 recall = 0.50983, QPS = 198641, Q = 15, cut = 1.35, visited limit = 15, degree limit: 75, average visited = 15, average cmps = 804
For 10@10 recall = 0.60359, QPS = 148863, Q = 19, cut = 1.35, visited limit = 19, degree limit: 95, average visited = 19, average cmps = 1067
For 10@10 recall = 0.70266, QPS = 102540, Q = 16, cut = 1.35, visited limit = 1183514, degree limit: 439, average visited = 23, average cmps = 1641
For 10@10 recall = 0.76323, QPS = 69298.1, Q = 35, cut = 1.35, visited limit = 35, degree limit: 175, average visited = 35, average cmps = 2143
For 10@10 recall = 0.80367, QPS = 54203.5, Q = 34, cut = 1.35, visited limit = 1183514, degree limit: 439, average visited = 41, average cmps = 2609
For 10@10 recall = 0.85413, QPS = 38017.5, Q = 55, cut = 1.35, visited limit = 1183514, degree limit: 439, average visited = 62, average cmps = 3700
For 10@10 recall = 0.90555, QPS = 24357.3, Q = 100, cut = 1.35, visited limit = 1183514, degree limit: 439, average visited = 109, average cmps = 5798
For 10@10 recall = 0.935, QPS = 16253.6, Q = 160, cut = 1.35, visited limit = 1183514, degree limit: 439, average visited = 170, average cmps = 8489
For 10@10 recall = 0.95272, QPS = 12180.2, Q = 225, cut = 1.35, visited limit = 1183514, degree limit: 439, average visited = 234, average cmps = 11152
For 10@10 recall = 0.97342, QPS = 7667.65, Q = 375, cut = 1.35, visited limit = 1183514, degree limit: 439, average visited = 370, average cmps = 16525
For 10@10 recall = 0.98088, QPS = 6080.13, Q = 500, cut = 1.35, visited limit = 1183514, degree limit: 439, average visited = 467, average cmps = 20610
For 10@10 recall = 0.99325, QPS = 3354.56, Q = 1000, cut = 1.35, visited limit = 1183514, degree limit: 439, average visited = 824, average cmps = 33982

Parlay time: 39.2089
