Vary degree = 0
Ground truth: detected 10000 points with num results 100
Data: detected 1183514 points with dimension 100
Aligning bytes to 448
Data: detected 10000 points with dimension 100
Aligning bytes to 448
Graph: detected 1183514 points with max degree 72
Total edges read from file: 53692113
start index = 0
Average visited: 0, Tail visited: 0
Vamana graph built with 1183514 points and parameters R = 100, L = 200
Graph has average degree 45.3667 and maximum degree 72
Graph built in 0 seconds
BUILD_DISTANCES 0
For 10@10 recall = 0.24839, QPS = 403551, Q = 10, cut = 1.35, visited limit = 10, degree limit: 50, average visited = 10, average cmps = 416
For 10@10 recall = 0.31033, QPS = 329881, Q = 11, cut = 1.35, visited limit = 11, degree limit: 55, average visited = 11, average cmps = 482
For 10@10 recall = 0.40633, QPS = 252972, Q = 13, cut = 1.35, visited limit = 13, degree limit: 65, average visited = 13, average cmps = 599
For 10@10 recall = 0.52096, QPS = 193626, Q = 17, cut = 1.35, visited limit = 17, degree limit: 72, average visited = 17, average cmps = 775
For 10@10 recall = 0.61019, QPS = 156642, Q = 11, cut = 1.35, visited limit = 1183514, degree limit: 72, average visited = 20, average cmps = 926
For 10@10 recall = 0.70023, QPS = 97764.1, Q = 18, cut = 1.35, visited limit = 1183514, degree limit: 72, average visited = 28, average cmps = 1277
For 10@10 recall = 0.75804, QPS = 78542.2, Q = 26, cut = 1.35, visited limit = 1183514, degree limit: 72, average visited = 37, average cmps = 1651
For 10@10 recall = 0.80024, QPS = 62139.6, Q = 36, cut = 1.35, visited limit = 1183514, degree limit: 72, average visited = 47, average cmps = 2089
For 10@10 recall = 0.85552, QPS = 42985.4, Q = 60, cut = 1.35, visited limit = 1183514, degree limit: 72, average visited = 71, average cmps = 3133
For 10@10 recall = 0.9011, QPS = 28885.5, Q = 100, cut = 1.35, visited limit = 1183514, degree limit: 72, average visited = 113, average cmps = 4623
For 10@10 recall = 0.9318, QPS = 19526.2, Q = 160, cut = 1.35, visited limit = 1183514, degree limit: 72, average visited = 172, average cmps = 6769
For 10@10 recall = 0.95421, QPS = 13457.1, Q = 250, cut = 1.35, visited limit = 1183514, degree limit: 72, average visited = 256, average cmps = 9689
For 10@10 recall = 0.97124, QPS = 9331.23, Q = 375, cut = 1.35, visited limit = 1183514, degree limit: 72, average visited = 369, average cmps = 13290
For 10@10 recall = 0.9883, QPS = 4975.46, Q = 750, cut = 1.35, visited limit = 1183514, degree limit: 72, average visited = 667, average cmps = 22715
For 10@10 recall = 0.99272, QPS = 3991.51, Q = 1000, cut = 1.35, visited limit = 1183514, degree limit: 72, average visited = 840, average cmps = 28177

Parlay time: 34.5334
