Vary degree = 0
Ground truth: detected 10000 points with num results 100
Data: detected 1183514 points with dimension 100
Aligning bytes to 448
Data: detected 10000 points with dimension 100
Aligning bytes to 448
Graph: detected 1183514 points with max degree 80
Total edges read from file: 54132844
start index = 0
Average visited: 0, Tail visited: 0
Vamana graph built with 1183514 points and parameters R = 100, L = 200
Graph has average degree 45.7391 and maximum degree 80
Graph built in 0 seconds
BUILD_DISTANCES 0
For 10@10 recall = 0.24447, QPS = 428394, Q = 10, cut = 1.35, visited limit = 10, degree limit: 50, average visited = 10, average cmps = 427
For 10@10 recall = 0.30547, QPS = 364418, Q = 11, cut = 1.35, visited limit = 11, degree limit: 55, average visited = 11, average cmps = 494
For 10@10 recall = 0.40205, QPS = 285339, Q = 13, cut = 1.35, visited limit = 13, degree limit: 65, average visited = 13, average cmps = 616
For 10@10 recall = 0.51922, QPS = 214353, Q = 17, cut = 1.35, visited limit = 17, degree limit: 80, average visited = 17, average cmps = 798
For 10@10 recall = 0.61148, QPS = 164929, Q = 22, cut = 1.35, visited limit = 22, degree limit: 80, average visited = 22, average cmps = 1014
For 10@10 recall = 0.70079, QPS = 115044, Q = 18, cut = 1.35, visited limit = 1183514, degree limit: 80, average visited = 28, average cmps = 1304
For 10@10 recall = 0.75911, QPS = 89969.3, Q = 26, cut = 1.35, visited limit = 1183514, degree limit: 80, average visited = 37, average cmps = 1681
For 10@10 recall = 0.80059, QPS = 71983.9, Q = 36, cut = 1.35, visited limit = 1183514, degree limit: 80, average visited = 47, average cmps = 2123
For 10@10 recall = 0.85605, QPS = 49192.7, Q = 60, cut = 1.35, visited limit = 1183514, degree limit: 80, average visited = 71, average cmps = 3175
For 10@10 recall = 0.90109, QPS = 32724.3, Q = 100, cut = 1.35, visited limit = 1183514, degree limit: 80, average visited = 113, average cmps = 4674
For 10@10 recall = 0.93149, QPS = 22030.1, Q = 160, cut = 1.35, visited limit = 1183514, degree limit: 80, average visited = 172, average cmps = 6843
For 10@10 recall = 0.95014, QPS = 16540.8, Q = 225, cut = 1.35, visited limit = 1183514, degree limit: 80, average visited = 234, average cmps = 8977
For 10@10 recall = 0.97141, QPS = 10353.3, Q = 375, cut = 1.35, visited limit = 1183514, degree limit: 80, average visited = 370, average cmps = 13411
For 10@10 recall = 0.98851, QPS = 5387, Q = 750, cut = 1.35, visited limit = 1183514, degree limit: 80, average visited = 669, average cmps = 22933
For 10@10 recall = 0.99287, QPS = 4076, Q = 1000, cut = 1.35, visited limit = 1183514, degree limit: 80, average visited = 842, average cmps = 28415

Parlay time: 33.8089
