Vary degree = 0
Ground truth: detected 10000 points with num results 100
Data: detected 10000000 points with dimension 96
Data: detected 10000 points with dimension 96
Graph: detected 10000000 points with max degree 203
Total edges read from file: 336803561
start index = 0
Average visited: 0, Tail visited: 0
Vamana graph built with 10000000 points and parameters R = 64, L = 100
Graph has average degree 33.6804 and maximum degree 203
Graph built in 0 seconds
BUILD_DISTANCES 0
For 10@10 recall = 0.23327, QPS = 411997, Q = 10, cut = 1.35, visited limit = 10, degree limit: 50, average visited = 10, average cmps = 360
For 10@10 recall = 0.3104, QPS = 336462, Q = 11, cut = 1.35, visited limit = 11, degree limit: 55, average visited = 11, average cmps = 404
For 10@10 recall = 0.44401, QPS = 288800, Q = 13, cut = 1.35, visited limit = 13, degree limit: 65, average visited = 13, average cmps = 485
For 10@10 recall = 0.54505, QPS = 245809, Q = 15, cut = 1.35, visited limit = 15, degree limit: 75, average visited = 15, average cmps = 558
For 10@10 recall = 0.61972, QPS = 213831, Q = 17, cut = 1.35, visited limit = 17, degree limit: 85, average visited = 17, average cmps = 629
For 10@10 recall = 0.70191, QPS = 173844, Q = 20, cut = 1.35, visited limit = 20, degree limit: 100, average visited = 20, average cmps = 733
For 10@10 recall = 0.75608, QPS = 176373, Q = 12, cut = 1.35, visited limit = 10000000, degree limit: 203, average visited = 22, average cmps = 804
For 10@10 recall = 0.81282, QPS = 135820, Q = 16, cut = 1.35, visited limit = 10000000, degree limit: 203, average visited = 26, average cmps = 951
For 10@10 recall = 0.85827, QPS = 113299, Q = 22, cut = 1.35, visited limit = 10000000, degree limit: 203, average visited = 31, average cmps = 1136
For 10@10 recall = 0.91272, QPS = 85923.2, Q = 34, cut = 1.35, visited limit = 10000000, degree limit: 203, average visited = 43, average cmps = 1533
For 10@10 recall = 0.93673, QPS = 71290.1, Q = 45, cut = 1.35, visited limit = 10000000, degree limit: 203, average visited = 54, average cmps = 1883
For 10@10 recall = 0.95097, QPS = 58108.8, Q = 55, cut = 1.35, visited limit = 10000000, degree limit: 203, average visited = 64, average cmps = 2202
For 10@10 recall = 0.97163, QPS = 48355.9, Q = 80, cut = 1.35, visited limit = 10000000, degree limit: 203, average visited = 89, average cmps = 2910
For 10@10 recall = 0.98553, QPS = 33644.9, Q = 120, cut = 1.35, visited limit = 10000000, degree limit: 203, average visited = 126, average cmps = 3935
For 10@10 recall = 0.99239, QPS = 23535.1, Q = 180, cut = 1.35, visited limit = 10000000, degree limit: 203, average visited = 178, average cmps = 5279
For 10@10 recall = 0.99597, QPS = 17991.7, Q = 250, cut = 1.35, visited limit = 10000000, degree limit: 203, average visited = 234, average cmps = 6612
For 10@10 recall = 0.99945, QPS = 8335.73, Q = 750, cut = 1.35, visited limit = 10000000, degree limit: 203, average visited = 478, average cmps = 12063
For 10@10 recall = 0.99961, QPS = 7362.37, Q = 1000, cut = 1.35, visited limit = 10000000, degree limit: 203, average visited = 541, average cmps = 13459

Parlay time: 33.3409
