Vary degree = 0
Ground truth: detected 10000 points with num results 100
Data: detected 1183514 points with dimension 100
Aligning bytes to 448
Data: detected 10000 points with dimension 100
Aligning bytes to 448
Parlay time: SketchHash construction time: 0.0273
Size of SketchHash (bytes): 56813472
Allocate = 0
Set MSTDeg to: 2 fanout: 1
Sizeof indexType = 4
Fanout scheme: 10 3 1 
Allocating: 1524366032 bytes of space for the candidates lists.
Sizeof T = 8
Cleared degree
FANOUT = 1 FANOUT_PER_LEVEL = 0
number of levels to fanout: 1
fanout per level: 1
total fanout: 1
total fanout allowance: 1
leader method: random
Parlay time: first level assign time: 0.3163
Parlay time: buckets time: 1.8103
buckets size (bytes): 143673648
Total buckets: 103469
Total points: 35504536
Computed buckets!
Building leaves:
Parlay time: build leaf time: 7.1076
Built cluster 0 of 1
Leaf count: 103469
# of comparisons during clustering: 3210336828
Allocating graph, prune_degree = 64
Average table size: 66
Parlay time: Final prune time: 1.2049
Average distance traversed: 65
PiPNN graph built with 1183514 points and parameters Trees = 1
Graph has average degree 30.73 and maximum degree 64
Graph built in 10.29 seconds
For 10@10 recall = 0.1982, QPS = 4.049e+05, Q = 10, cut = 1.35, visited limit = 10, degree limit: 50, average visited = 10, average cmps = 369
For 10@10 recall = 0.2403, QPS = 3.601e+05, Q = 11, cut = 1.35, visited limit = 11, degree limit: 55, average visited = 11, average cmps = 418
For 10@10 recall = 0.3163, QPS = 2.883e+05, Q = 13, cut = 1.35, visited limit = 13, degree limit: 64, average visited = 13, average cmps = 510
For 10@10 recall = 0.4022, QPS = 2.315e+05, Q = 16, cut = 1.35, visited limit = 16, degree limit: 64, average visited = 16, average cmps = 620
For 10@10 recall = 0.5158, QPS = 1.827e+05, Q = 11, cut = 1.35, visited limit = 1183514, degree limit: 64, average visited = 20, average cmps = 789
For 10@10 recall = 0.6013, QPS = 1.384e+05, Q = 17, cut = 1.35, visited limit = 1183514, degree limit: 64, average visited = 28, average cmps = 1059
For 10@10 recall = 0.7056, QPS = 8.931e+04, Q = 32, cut = 1.35, visited limit = 1183514, degree limit: 64, average visited = 44, average cmps = 1661
For 10@10 recall = 0.7666, QPS = 6.293e+04, Q = 50, cut = 1.35, visited limit = 1183514, degree limit: 64, average visited = 63, average cmps = 2333
For 10@10 recall = 0.8073, QPS = 4.84e+04, Q = 70, cut = 1.35, visited limit = 1183514, degree limit: 64, average visited = 84, average cmps = 3034
For 10@10 recall = 0.8636, QPS = 3.085e+04, Q = 120, cut = 1.35, visited limit = 1183514, degree limit: 64, average visited = 136, average cmps = 4762
For 10@10 recall = 0.907, QPS = 2e+04, Q = 200, cut = 1.35, visited limit = 1183514, degree limit: 64, average visited = 216, average cmps = 7241
For 10@10 recall = 0.9339, QPS = 1.425e+04, Q = 300, cut = 1.35, visited limit = 1183514, degree limit: 64, average visited = 308, average cmps = 10096
For 10@10 recall = 0.9603, QPS = 9090, Q = 500, cut = 1.35, visited limit = 1183514, degree limit: 64, average visited = 475, average cmps = 15187
For 10@10 recall = 0.9754, QPS = 5944, Q = 750, cut = 1.35, visited limit = 1183514, degree limit: 64, average visited = 670, average cmps = 20791
For 10@10 recall = 0.9837, QPS = 4006, Q = 1000, cut = 1.35, visited limit = 1183514, degree limit: 64, average visited = 842, average cmps = 25809

Parlay time: 41.9263
