Vary degree = 0
Ground truth: detected 10000 points with num results 100
Data: detected 1183514 points with dimension 100
Aligning bytes to 448
Data: detected 10000 points with dimension 100
Aligning bytes to 448
Parlay time: SketchHash construction time: 0.0265
Size of SketchHash (bytes): 56813472
Allocate = 0
Set MSTDeg to: 2 fanout: 1
Sizeof indexType = 4
Fanout scheme: 10 3 1 
Allocating: 1524366032 bytes of space for the candidates lists.
Sizeof T = 8
Cleared degree
FANOUT = 1 FANOUT_PER_LEVEL = 0
number of levels to fanout: 1
fanout per level: 1
total fanout: 1
total fanout allowance: 1
leader method: random
Parlay time: first level assign time: 0.3082
Parlay time: buckets time: 1.8163
buckets size (bytes): 143673648
Total buckets: 103469
Total points: 35504536
Computed buckets!
Building leaves:
Parlay time: build leaf time: 7.1518
Built cluster 0 of 1
Leaf count: 103469
# of comparisons during clustering: 3210336828
Allocating graph, prune_degree = 64
Average table size: 66
Parlay time: Final prune time: 1.1749
Average distance traversed: 65
PiPNN graph built with 1183514 points and parameters Trees = 1
Graph has average degree 30.71 and maximum degree 64
Graph built in 10.47 seconds
For 10@10 recall = 0.1956, QPS = 4.763e+05, Q = 10, cut = 1.35, visited limit = 10, degree limit: 50, average visited = 10, average cmps = 368
For 10@10 recall = 0.2391, QPS = 4.144e+05, Q = 11, cut = 1.35, visited limit = 11, degree limit: 55, average visited = 11, average cmps = 416
For 10@10 recall = 0.3162, QPS = 3.33e+05, Q = 13, cut = 1.35, visited limit = 13, degree limit: 64, average visited = 13, average cmps = 509
For 10@10 recall = 0.4023, QPS = 2.667e+05, Q = 16, cut = 1.35, visited limit = 16, degree limit: 64, average visited = 16, average cmps = 619
For 10@10 recall = 0.5016, QPS = 2.014e+05, Q = 21, cut = 1.35, visited limit = 21, degree limit: 64, average visited = 21, average cmps = 799
For 10@10 recall = 0.6068, QPS = 1.424e+05, Q = 30, cut = 1.35, visited limit = 30, degree limit: 64, average visited = 30, average cmps = 1119
For 10@10 recall = 0.7058, QPS = 8.935e+04, Q = 32, cut = 1.35, visited limit = 1183514, degree limit: 64, average visited = 44, average cmps = 1663
For 10@10 recall = 0.7513, QPS = 7.003e+04, Q = 45, cut = 1.35, visited limit = 1183514, degree limit: 64, average visited = 58, average cmps = 2133
For 10@10 recall = 0.8072, QPS = 4.886e+04, Q = 70, cut = 1.35, visited limit = 1183514, degree limit: 64, average visited = 84, average cmps = 3035
For 10@10 recall = 0.8627, QPS = 3.11e+04, Q = 120, cut = 1.35, visited limit = 1183514, degree limit: 64, average visited = 136, average cmps = 4762
For 10@10 recall = 0.9052, QPS = 2.021e+04, Q = 200, cut = 1.35, visited limit = 1183514, degree limit: 64, average visited = 216, average cmps = 7239
For 10@10 recall = 0.9329, QPS = 1.438e+04, Q = 300, cut = 1.35, visited limit = 1183514, degree limit: 64, average visited = 308, average cmps = 10085
For 10@10 recall = 0.9599, QPS = 9169, Q = 500, cut = 1.35, visited limit = 1183514, degree limit: 64, average visited = 475, average cmps = 15187
For 10@10 recall = 0.9755, QPS = 5984, Q = 750, cut = 1.35, visited limit = 1183514, degree limit: 64, average visited = 670, average cmps = 20788
For 10@10 recall = 0.9838, QPS = 4818, Q = 1000, cut = 1.35, visited limit = 1183514, degree limit: 64, average visited = 842, average cmps = 25775

Parlay time: 41.1931
