Vary degree = 0
Ground truth: detected 10000 points with num results 100
Data: detected 1183514 points with dimension 100
Aligning bytes to 448
Data: detected 10000 points with dimension 100
Aligning bytes to 448
Parlay time: SketchHash construction time: 0.0276
Size of SketchHash (bytes): 56813472
Allocate = 0
Set MSTDeg to: 2 fanout: 1
Sizeof indexType = 4
Fanout scheme: 10 3 1 
Allocating: 1524366032 bytes of space for the candidates lists.
Sizeof T = 8
Cleared degree
FANOUT = 1 FANOUT_PER_LEVEL = 0
number of levels to fanout: 1
fanout per level: 1
total fanout: 1
total fanout allowance: 1
leader method: random
Parlay time: first level assign time: 0.3171
Parlay time: buckets time: 1.8140
buckets size (bytes): 143673648
Total buckets: 103469
Total points: 35504536
Computed buckets!
Building leaves:
Parlay time: build leaf time: 6.9362
Built cluster 0 of 1
Leaf count: 103469
# of comparisons during clustering: 3210336828
Allocating graph, prune_degree = 64
Average table size: 66
Parlay time: Final prune time: 1.1828
Average distance traversed: 65
PiPNN graph built with 1183514 points and parameters Trees = 1
Graph has average degree 30.73 and maximum degree 64
Graph built in 10.07 seconds
For 10@10 recall = 0.1974, QPS = 4.537e+05, Q = 10, cut = 1.35, visited limit = 10, degree limit: 50, average visited = 10, average cmps = 371
For 10@10 recall = 0.2399, QPS = 3.948e+05, Q = 11, cut = 1.35, visited limit = 11, degree limit: 55, average visited = 11, average cmps = 421
For 10@10 recall = 0.3151, QPS = 3.159e+05, Q = 13, cut = 1.35, visited limit = 13, degree limit: 64, average visited = 13, average cmps = 514
For 10@10 recall = 0.4008, QPS = 2.463e+05, Q = 16, cut = 1.35, visited limit = 16, degree limit: 64, average visited = 16, average cmps = 624
For 10@10 recall = 0.501, QPS = 1.931e+05, Q = 21, cut = 1.35, visited limit = 21, degree limit: 64, average visited = 21, average cmps = 804
For 10@10 recall = 0.6081, QPS = 1.354e+05, Q = 18, cut = 1.35, visited limit = 1183514, degree limit: 64, average visited = 29, average cmps = 1097
For 10@10 recall = 0.7049, QPS = 8.489e+04, Q = 32, cut = 1.35, visited limit = 1183514, degree limit: 64, average visited = 44, average cmps = 1666
For 10@10 recall = 0.7504, QPS = 5.775e+04, Q = 45, cut = 1.35, visited limit = 1183514, degree limit: 64, average visited = 58, average cmps = 2138
For 10@10 recall = 0.8073, QPS = 4.122e+04, Q = 70, cut = 1.35, visited limit = 1183514, degree limit: 64, average visited = 84, average cmps = 3039
For 10@10 recall = 0.8634, QPS = 2.646e+04, Q = 120, cut = 1.35, visited limit = 1183514, degree limit: 64, average visited = 136, average cmps = 4769
For 10@10 recall = 0.9059, QPS = 1.751e+04, Q = 200, cut = 1.35, visited limit = 1183514, degree limit: 64, average visited = 217, average cmps = 7250
For 10@10 recall = 0.933, QPS = 1.308e+04, Q = 300, cut = 1.35, visited limit = 1183514, degree limit: 64, average visited = 308, average cmps = 10104
For 10@10 recall = 0.9602, QPS = 8443, Q = 500, cut = 1.35, visited limit = 1183514, degree limit: 64, average visited = 475, average cmps = 15199
For 10@10 recall = 0.9755, QPS = 5651, Q = 750, cut = 1.35, visited limit = 1183514, degree limit: 64, average visited = 670, average cmps = 20791
For 10@10 recall = 0.9838, QPS = 4561, Q = 1000, cut = 1.35, visited limit = 1183514, degree limit: 64, average visited = 842, average cmps = 25785

Parlay time: 42.5153
