Vary degree = 0
Ground truth: detected 10000 points with num results 100
Data: detected 1000000 points with dimension 128
Data: detected 10000 points with dimension 128
Parlay time: SketchHash construction time: 0.0258
Size of SketchHash (bytes): 48006144
Allocate = 0
Set MSTDeg to: 2 fanout: 1
Sizeof indexType = 4
Fanout scheme: 10 3 1 
Allocating: 1288000000 bytes of space for the candidates lists.
Sizeof T = 8
Cleared degree
FANOUT = 1 FANOUT_PER_LEVEL = 0
number of levels to fanout: 1
fanout per level: 1
total fanout: 1
total fanout allowance: 1
leader method: random
Parlay time: first level assign time: 0.2983
Parlay time: buckets time: 1.4876
buckets size (bytes): 121348804
Total buckets: 85529
Total points: 29995085
Computed buckets!
Building leaves:
Parlay time: build leaf time: 6.3871
Built cluster 0 of 1
Leaf count: 85529
# of comparisons during clustering: 2198131395
Allocating graph, prune_degree = 64
Average table size: 37
Parlay time: Final prune time: 0.6539
Average distance traversed: 36
PiPNN graph built with 1000000 points and parameters Trees = 1
Graph has average degree 23.05 and maximum degree 64
Graph built in 8.839 seconds
For 10@10 recall = 0.2289, QPS = 6.084e+05, Q = 10, cut = 1.35, visited limit = 10, degree limit: 50, average visited = 10, average cmps = 282
For 10@10 recall = 0.3456, QPS = 4.764e+05, Q = 12, cut = 1.35, visited limit = 12, degree limit: 60, average visited = 12, average cmps = 341
For 10@10 recall = 0.4031, QPS = 4.328e+05, Q = 13, cut = 1.35, visited limit = 13, degree limit: 64, average visited = 13, average cmps = 368
For 10@10 recall = 0.5061, QPS = 3.694e+05, Q = 15, cut = 1.35, visited limit = 15, degree limit: 64, average visited = 15, average cmps = 418
For 10@10 recall = 0.6268, QPS = 3.046e+05, Q = 18, cut = 1.35, visited limit = 18, degree limit: 64, average visited = 18, average cmps = 492
For 10@10 recall = 0.7136, QPS = 2.608e+05, Q = 21, cut = 1.35, visited limit = 21, degree limit: 64, average visited = 21, average cmps = 563
For 10@10 recall = 0.7568, QPS = 2.381e+05, Q = 23, cut = 1.35, visited limit = 23, degree limit: 64, average visited = 23, average cmps = 610
For 10@10 recall = 0.8072, QPS = 2.073e+05, Q = 26, cut = 1.35, visited limit = 26, degree limit: 64, average visited = 26, average cmps = 680
For 10@10 recall = 0.8526, QPS = 1.847e+05, Q = 30, cut = 1.35, visited limit = 30, degree limit: 64, average visited = 30, average cmps = 772
For 10@10 recall = 0.9086, QPS = 1.451e+05, Q = 26, cut = 1.35, visited limit = 1000000, degree limit: 64, average visited = 36, average cmps = 924
For 10@10 recall = 0.9311, QPS = 1.264e+05, Q = 32, cut = 1.35, visited limit = 1000000, degree limit: 64, average visited = 42, average cmps = 1060
For 10@10 recall = 0.9505, QPS = 1.092e+05, Q = 40, cut = 1.35, visited limit = 1000000, degree limit: 64, average visited = 50, average cmps = 1236
For 10@10 recall = 0.9707, QPS = 8.668e+04, Q = 55, cut = 1.35, visited limit = 1000000, degree limit: 64, average visited = 64, average cmps = 1563
For 10@10 recall = 0.9822, QPS = 6.856e+04, Q = 70, cut = 1.35, visited limit = 1000000, degree limit: 64, average visited = 80, average cmps = 1840
For 10@10 recall = 0.9917, QPS = 5.437e+04, Q = 100, cut = 1.35, visited limit = 1000000, degree limit: 64, average visited = 108, average cmps = 2377
For 10@10 recall = 0.9963, QPS = 4.195e+04, Q = 140, cut = 1.35, visited limit = 1000000, degree limit: 64, average visited = 144, average cmps = 3012
For 10@10 recall = 0.9993, QPS = 2.823e+04, Q = 250, cut = 1.35, visited limit = 1000000, degree limit: 64, average visited = 222, average cmps = 4387
For 10@10 recall = 0.9996, QPS = 2.512e+04, Q = 300, cut = 1.35, visited limit = 1000000, degree limit: 64, average visited = 249, average cmps = 4793
For 10@10 recall = 0.9999, QPS = 1.425e+04, Q = 750, cut = 1.35, visited limit = 1000000, degree limit: 64, average visited = 373, average cmps = 6652
For 10@10 recall = 1, QPS = 1.332e+04, Q = 1000, cut = 1.35, visited limit = 1000000, degree limit: 64, average visited = 403, average cmps = 7110
For 10@10 recall = 1, QPS = 7200, Q = 1000, cut = 10, visited limit = 1000000, degree limit: 64, average visited = 1060, average cmps = 14251

Parlay time: 33.7190
