Vary degree = 0
Ground truth: detected 10000 points with num results 100
Data: detected 1000000 points with dimension 128
Data: detected 10000 points with dimension 128
Parlay time: SketchHash construction time: 0.0261
Size of SketchHash (bytes): 48006144
Allocate = 0
Set MSTDeg to: 2 fanout: 1
Sizeof indexType = 4
Fanout scheme: 10 3 1 
Allocating: 1288000000 bytes of space for the candidates lists.
Sizeof T = 8
Cleared degree
FANOUT = 1 FANOUT_PER_LEVEL = 0
number of levels to fanout: 1
fanout per level: 1
total fanout: 1
total fanout allowance: 1
leader method: random
Parlay time: first level assign time: 0.3028
Parlay time: buckets time: 1.4768
buckets size (bytes): 121348804
Total buckets: 85529
Total points: 29995085
Computed buckets!
Building leaves:
Parlay time: build leaf time: 6.3868
Built cluster 0 of 1
Leaf count: 85529
# of comparisons during clustering: 2198131395
Allocating graph, prune_degree = 64
Average table size: 37
Parlay time: Final prune time: 0.6790
Average distance traversed: 36
PiPNN graph built with 1000000 points and parameters Trees = 1
Graph has average degree 23.04 and maximum degree 64
Graph built in 8.768 seconds
For 10@10 recall = 0.2354, QPS = 5.501e+05, Q = 10, cut = 1.35, visited limit = 10, degree limit: 50, average visited = 10, average cmps = 283
For 10@10 recall = 0.3534, QPS = 4.446e+05, Q = 12, cut = 1.35, visited limit = 12, degree limit: 60, average visited = 12, average cmps = 341
For 10@10 recall = 0.4098, QPS = 4.042e+05, Q = 13, cut = 1.35, visited limit = 13, degree limit: 64, average visited = 13, average cmps = 368
For 10@10 recall = 0.5108, QPS = 3.325e+05, Q = 15, cut = 1.35, visited limit = 15, degree limit: 64, average visited = 15, average cmps = 419
For 10@10 recall = 0.6294, QPS = 2.784e+05, Q = 18, cut = 1.35, visited limit = 18, degree limit: 64, average visited = 18, average cmps = 492
For 10@10 recall = 0.7147, QPS = 2.422e+05, Q = 21, cut = 1.35, visited limit = 21, degree limit: 64, average visited = 21, average cmps = 563
For 10@10 recall = 0.7574, QPS = 2.215e+05, Q = 23, cut = 1.35, visited limit = 23, degree limit: 64, average visited = 23, average cmps = 610
For 10@10 recall = 0.8064, QPS = 1.963e+05, Q = 26, cut = 1.35, visited limit = 26, degree limit: 64, average visited = 26, average cmps = 680
For 10@10 recall = 0.8524, QPS = 1.693e+05, Q = 30, cut = 1.35, visited limit = 30, degree limit: 64, average visited = 30, average cmps = 772
For 10@10 recall = 0.9076, QPS = 1.23e+05, Q = 26, cut = 1.35, visited limit = 1000000, degree limit: 64, average visited = 36, average cmps = 922
For 10@10 recall = 0.9304, QPS = 1.078e+05, Q = 32, cut = 1.35, visited limit = 1000000, degree limit: 64, average visited = 42, average cmps = 1057
For 10@10 recall = 0.9505, QPS = 9.206e+04, Q = 40, cut = 1.35, visited limit = 1000000, degree limit: 64, average visited = 50, average cmps = 1235
For 10@10 recall = 0.971, QPS = 7.411e+04, Q = 55, cut = 1.35, visited limit = 1000000, degree limit: 64, average visited = 64, average cmps = 1562
For 10@10 recall = 0.9822, QPS = 6.231e+04, Q = 70, cut = 1.35, visited limit = 1000000, degree limit: 64, average visited = 79, average cmps = 1837
For 10@10 recall = 0.9921, QPS = 4.747e+04, Q = 100, cut = 1.35, visited limit = 1000000, degree limit: 64, average visited = 108, average cmps = 2375
For 10@10 recall = 0.9964, QPS = 3.675e+04, Q = 140, cut = 1.35, visited limit = 1000000, degree limit: 64, average visited = 144, average cmps = 3006
For 10@10 recall = 0.9992, QPS = 2.365e+04, Q = 250, cut = 1.35, visited limit = 1000000, degree limit: 64, average visited = 221, average cmps = 4386
For 10@10 recall = 0.9996, QPS = 2.054e+04, Q = 300, cut = 1.35, visited limit = 1000000, degree limit: 64, average visited = 249, average cmps = 4788
For 10@10 recall = 0.9999, QPS = 1.271e+04, Q = 750, cut = 1.35, visited limit = 1000000, degree limit: 64, average visited = 372, average cmps = 6643
For 10@10 recall = 1, QPS = 1.187e+04, Q = 1000, cut = 1.35, visited limit = 1000000, degree limit: 64, average visited = 402, average cmps = 7092
For 10@10 recall = 1, QPS = 6662, Q = 1000, cut = 10, visited limit = 1000000, degree limit: 64, average visited = 1060, average cmps = 14244

Parlay time: 34.4219
