Vary degree = 0
Ground truth: detected 10000 points with num results 100
Data: detected 1000000 points with dimension 128
Data: detected 10000 points with dimension 128
Parlay time: SketchHash construction time: 0.0271
Size of SketchHash (bytes): 48006144
Allocate = 0
Set MSTDeg to: 2 fanout: 1
Sizeof indexType = 4
Fanout scheme: 10 3 1 
Allocating: 1288000000 bytes of space for the candidates lists.
Sizeof T = 8
Cleared degree
FANOUT = 1 FANOUT_PER_LEVEL = 0
number of levels to fanout: 1
fanout per level: 1
total fanout: 1
total fanout allowance: 1
leader method: random
Parlay time: first level assign time: 0.2791
Parlay time: buckets time: 1.4481
buckets size (bytes): 121348804
Total buckets: 85529
Total points: 29995085
Computed buckets!
Building leaves:
Parlay time: build leaf time: 6.4078
Built cluster 0 of 1
Leaf count: 85529
# of comparisons during clustering: 2198131395
Allocating graph, prune_degree = 64
Average table size: 37
Parlay time: Final prune time: 0.7042
Average distance traversed: 36
PiPNN graph built with 1000000 points and parameters Trees = 1
Graph has average degree 23.05 and maximum degree 64
Graph built in 8.767 seconds
For 10@10 recall = 0.2328, QPS = 5.947e+05, Q = 10, cut = 1.35, visited limit = 10, degree limit: 50, average visited = 10, average cmps = 278
For 10@10 recall = 0.3476, QPS = 4.774e+05, Q = 12, cut = 1.35, visited limit = 12, degree limit: 60, average visited = 12, average cmps = 336
For 10@10 recall = 0.4042, QPS = 4.347e+05, Q = 13, cut = 1.35, visited limit = 13, degree limit: 64, average visited = 13, average cmps = 364
For 10@10 recall = 0.507, QPS = 3.699e+05, Q = 15, cut = 1.35, visited limit = 15, degree limit: 64, average visited = 15, average cmps = 414
For 10@10 recall = 0.627, QPS = 2.964e+05, Q = 18, cut = 1.35, visited limit = 18, degree limit: 64, average visited = 18, average cmps = 488
For 10@10 recall = 0.714, QPS = 2.615e+05, Q = 21, cut = 1.35, visited limit = 21, degree limit: 64, average visited = 21, average cmps = 559
For 10@10 recall = 0.7574, QPS = 2.389e+05, Q = 23, cut = 1.35, visited limit = 23, degree limit: 64, average visited = 23, average cmps = 606
For 10@10 recall = 0.807, QPS = 2.119e+05, Q = 26, cut = 1.35, visited limit = 26, degree limit: 64, average visited = 26, average cmps = 677
For 10@10 recall = 0.8526, QPS = 1.848e+05, Q = 30, cut = 1.35, visited limit = 30, degree limit: 64, average visited = 30, average cmps = 769
For 10@10 recall = 0.9079, QPS = 1.443e+05, Q = 26, cut = 1.35, visited limit = 1000000, degree limit: 64, average visited = 36, average cmps = 920
For 10@10 recall = 0.9316, QPS = 1.177e+05, Q = 32, cut = 1.35, visited limit = 1000000, degree limit: 64, average visited = 42, average cmps = 1057
For 10@10 recall = 0.9513, QPS = 1.093e+05, Q = 40, cut = 1.35, visited limit = 1000000, degree limit: 64, average visited = 50, average cmps = 1234
For 10@10 recall = 0.9716, QPS = 8.714e+04, Q = 55, cut = 1.35, visited limit = 1000000, degree limit: 64, average visited = 64, average cmps = 1561
For 10@10 recall = 0.9824, QPS = 7.101e+04, Q = 70, cut = 1.35, visited limit = 1000000, degree limit: 64, average visited = 80, average cmps = 1837
For 10@10 recall = 0.9923, QPS = 5.428e+04, Q = 100, cut = 1.35, visited limit = 1000000, degree limit: 64, average visited = 108, average cmps = 2373
For 10@10 recall = 0.9965, QPS = 4.198e+04, Q = 140, cut = 1.35, visited limit = 1000000, degree limit: 64, average visited = 144, average cmps = 3009
For 10@10 recall = 0.9991, QPS = 2.851e+04, Q = 225, cut = 1.35, visited limit = 1000000, degree limit: 64, average visited = 207, average cmps = 4113
For 10@10 recall = 0.9995, QPS = 2.617e+04, Q = 275, cut = 1.35, visited limit = 1000000, degree limit: 64, average visited = 237, average cmps = 4570
For 10@10 recall = 0.9999, QPS = 1.88e+04, Q = 500, cut = 1.35, visited limit = 1000000, degree limit: 64, average visited = 322, average cmps = 5954
For 10@10 recall = 1, QPS = 1.325e+04, Q = 1000, cut = 1.35, visited limit = 1000000, degree limit: 64, average visited = 402, average cmps = 7087
For 10@10 recall = 1, QPS = 7045, Q = 1000, cut = 10, visited limit = 1000000, degree limit: 64, average visited = 1060, average cmps = 14245

Parlay time: 33.9831
