Vary degree = 0
Ground truth: detected 10000 points with num results 100
Data: detected 1000000 points with dimension 128
Data: detected 10000 points with dimension 128
Parlay time: SketchHash construction time: 0.0243
Size of SketchHash (bytes): 48006144
Allocate = 0
Set MSTDeg to: 2 fanout: 1
Sizeof indexType = 4
Fanout scheme: 10 3 1 
Allocating: 1288000000 bytes of space for the candidates lists.
Sizeof T = 8
Cleared degree
FANOUT = 1 FANOUT_PER_LEVEL = 0
number of levels to fanout: 1
fanout per level: 1
total fanout: 1
total fanout allowance: 1
leader method: random
Parlay time: first level assign time: 0.3072
Parlay time: buckets time: 1.4718
buckets size (bytes): 121348804
Total buckets: 85529
Total points: 29995085
Computed buckets!
Building leaves:
Parlay time: build leaf time: 6.3898
Built cluster 0 of 1
Leaf count: 85529
# of comparisons during clustering: 2198131395
Allocating graph, prune_degree = 64
Average table size: 37
Parlay time: Final prune time: 0.6517
Average distance traversed: 37
PiPNN graph built with 1000000 points and parameters Trees = 1
Graph has average degree 23.11 and maximum degree 64
Graph built in 8.749 seconds
For 10@10 recall = 0.2329, QPS = 5.686e+05, Q = 10, cut = 1.35, visited limit = 10, degree limit: 50, average visited = 10, average cmps = 283
For 10@10 recall = 0.3478, QPS = 4.412e+05, Q = 12, cut = 1.35, visited limit = 12, degree limit: 60, average visited = 12, average cmps = 342
For 10@10 recall = 0.4045, QPS = 3.897e+05, Q = 13, cut = 1.35, visited limit = 13, degree limit: 64, average visited = 13, average cmps = 369
For 10@10 recall = 0.5089, QPS = 3.407e+05, Q = 15, cut = 1.35, visited limit = 15, degree limit: 64, average visited = 15, average cmps = 420
For 10@10 recall = 0.6284, QPS = 2.806e+05, Q = 18, cut = 1.35, visited limit = 18, degree limit: 64, average visited = 18, average cmps = 493
For 10@10 recall = 0.7148, QPS = 2.398e+05, Q = 21, cut = 1.35, visited limit = 21, degree limit: 64, average visited = 21, average cmps = 565
For 10@10 recall = 0.7553, QPS = 2.291e+05, Q = 11, cut = 1.35, visited limit = 1000000, degree limit: 64, average visited = 21, average cmps = 572
For 10@10 recall = 0.8039, QPS = 2.065e+05, Q = 14, cut = 1.35, visited limit = 1000000, degree limit: 64, average visited = 24, average cmps = 639
For 10@10 recall = 0.8541, QPS = 1.698e+05, Q = 30, cut = 1.35, visited limit = 30, degree limit: 64, average visited = 30, average cmps = 775
For 10@10 recall = 0.9098, QPS = 1.353e+05, Q = 26, cut = 1.35, visited limit = 1000000, degree limit: 64, average visited = 36, average cmps = 925
For 10@10 recall = 0.9316, QPS = 1.186e+05, Q = 32, cut = 1.35, visited limit = 1000000, degree limit: 64, average visited = 42, average cmps = 1061
For 10@10 recall = 0.951, QPS = 1.013e+05, Q = 40, cut = 1.35, visited limit = 1000000, degree limit: 64, average visited = 50, average cmps = 1238
For 10@10 recall = 0.9717, QPS = 8.158e+04, Q = 55, cut = 1.35, visited limit = 1000000, degree limit: 64, average visited = 64, average cmps = 1567
For 10@10 recall = 0.9827, QPS = 6.836e+04, Q = 70, cut = 1.35, visited limit = 1000000, degree limit: 64, average visited = 79, average cmps = 1844
For 10@10 recall = 0.9921, QPS = 5.223e+04, Q = 100, cut = 1.35, visited limit = 1000000, degree limit: 64, average visited = 109, average cmps = 2384
For 10@10 recall = 0.9964, QPS = 4.038e+04, Q = 140, cut = 1.35, visited limit = 1000000, degree limit: 64, average visited = 144, average cmps = 3021
For 10@10 recall = 0.999, QPS = 2.503e+04, Q = 225, cut = 1.35, visited limit = 1000000, degree limit: 64, average visited = 207, average cmps = 4124
For 10@10 recall = 0.9995, QPS = 2.257e+04, Q = 275, cut = 1.35, visited limit = 1000000, degree limit: 64, average visited = 236, average cmps = 4576
For 10@10 recall = 0.9999, QPS = 1.297e+04, Q = 750, cut = 1.35, visited limit = 1000000, degree limit: 64, average visited = 371, average cmps = 6637
For 10@10 recall = 1, QPS = 1.234e+04, Q = 1000, cut = 1.35, visited limit = 1000000, degree limit: 64, average visited = 401, average cmps = 7090
For 10@10 recall = 1, QPS = 6752, Q = 1000, cut = 10, visited limit = 1000000, degree limit: 64, average visited = 1060, average cmps = 14265

Parlay time: 34.7286
