Vary degree = 0
Ground truth: detected 10000 points with num results 100
Data: detected 1000000 points with dimension 128
Data: detected 10000 points with dimension 128
Parlay time: SketchHash construction time: 0.0280
Size of SketchHash (bytes): 48006144
Allocate = 0
Set MSTDeg to: 2 fanout: 1
Sizeof indexType = 4
Fanout scheme: 10 3 1 
Allocating: 1288000000 bytes of space for the candidates lists.
Sizeof T = 8
Cleared degree
FANOUT = 1 FANOUT_PER_LEVEL = 0
number of levels to fanout: 1
fanout per level: 1
total fanout: 1
total fanout allowance: 1
leader method: random
Parlay time: first level assign time: 0.3029
Parlay time: buckets time: 1.4718
buckets size (bytes): 121348804
Total buckets: 85529
Total points: 29995085
Computed buckets!
Building leaves:
Parlay time: build leaf time: 6.2928
Built cluster 0 of 1
Leaf count: 85529
# of comparisons during clustering: 2198131395
Allocating graph, prune_degree = 64
Average table size: 37
Parlay time: Final prune time: 0.7482
Average distance traversed: 36
PiPNN graph built with 1000000 points and parameters Trees = 1
Graph has average degree 23.05 and maximum degree 64
Graph built in 8.667 seconds
For 10@10 recall = 0.2315, QPS = 4.087e+05, Q = 10, cut = 1.35, visited limit = 10, degree limit: 50, average visited = 10, average cmps = 285
For 10@10 recall = 0.347, QPS = 3.301e+05, Q = 12, cut = 1.35, visited limit = 12, degree limit: 60, average visited = 12, average cmps = 344
For 10@10 recall = 0.405, QPS = 3.028e+05, Q = 13, cut = 1.35, visited limit = 13, degree limit: 64, average visited = 13, average cmps = 371
For 10@10 recall = 0.5087, QPS = 2.563e+05, Q = 15, cut = 1.35, visited limit = 15, degree limit: 64, average visited = 15, average cmps = 422
For 10@10 recall = 0.6259, QPS = 2.092e+05, Q = 18, cut = 1.35, visited limit = 18, degree limit: 64, average visited = 18, average cmps = 495
For 10@10 recall = 0.7345, QPS = 2.176e+05, Q = 10, cut = 1.35, visited limit = 1000000, degree limit: 64, average visited = 20, average cmps = 550
For 10@10 recall = 0.7538, QPS = 2.134e+05, Q = 11, cut = 1.35, visited limit = 1000000, degree limit: 64, average visited = 21, average cmps = 573
For 10@10 recall = 0.8025, QPS = 1.78e+05, Q = 14, cut = 1.35, visited limit = 1000000, degree limit: 64, average visited = 24, average cmps = 641
For 10@10 recall = 0.8546, QPS = 1.371e+05, Q = 18, cut = 1.35, visited limit = 1000000, degree limit: 64, average visited = 28, average cmps = 744
For 10@10 recall = 0.9086, QPS = 1.113e+05, Q = 26, cut = 1.35, visited limit = 1000000, degree limit: 64, average visited = 36, average cmps = 927
For 10@10 recall = 0.932, QPS = 9.713e+04, Q = 32, cut = 1.35, visited limit = 1000000, degree limit: 64, average visited = 42, average cmps = 1064
For 10@10 recall = 0.9509, QPS = 8.423e+04, Q = 40, cut = 1.35, visited limit = 1000000, degree limit: 64, average visited = 50, average cmps = 1239
For 10@10 recall = 0.9713, QPS = 6.743e+04, Q = 55, cut = 1.35, visited limit = 1000000, degree limit: 64, average visited = 64, average cmps = 1568
For 10@10 recall = 0.9825, QPS = 5.664e+04, Q = 70, cut = 1.35, visited limit = 1000000, degree limit: 64, average visited = 80, average cmps = 1844
For 10@10 recall = 0.9919, QPS = 4.33e+04, Q = 100, cut = 1.35, visited limit = 1000000, degree limit: 64, average visited = 109, average cmps = 2382
For 10@10 recall = 0.9963, QPS = 3.38e+04, Q = 140, cut = 1.35, visited limit = 1000000, degree limit: 64, average visited = 144, average cmps = 3015
For 10@10 recall = 0.999, QPS = 2.46e+04, Q = 225, cut = 1.35, visited limit = 1000000, degree limit: 64, average visited = 207, average cmps = 4118
For 10@10 recall = 0.9996, QPS = 2.071e+04, Q = 300, cut = 1.35, visited limit = 1000000, degree limit: 64, average visited = 249, average cmps = 4801
For 10@10 recall = 0.9999, QPS = 1.332e+04, Q = 500, cut = 1.35, visited limit = 1000000, degree limit: 64, average visited = 322, average cmps = 5964
For 10@10 recall = 0.9999, QPS = 1.061e+04, Q = 750, cut = 1.35, visited limit = 1000000, degree limit: 64, average visited = 372, average cmps = 6653
For 10@10 recall = 1, QPS = 5149, Q = 1000, cut = 10, visited limit = 1000000, degree limit: 64, average visited = 1060, average cmps = 14251

Parlay time: 35.2578
