Vary degree = 0
Ground truth: detected 10000 points with num results 100
Data: detected 1000000 points with dimension 128
Data: detected 10000 points with dimension 128
Parlay time: SketchHash construction time: 0.0273
Size of SketchHash (bytes): 48006144
Allocate = 0
Set MSTDeg to: 2 fanout: 1
Sizeof indexType = 4
Fanout scheme: 10 3 1 
Allocating: 1288000000 bytes of space for the candidates lists.
Sizeof T = 8
Cleared degree
FANOUT = 1 FANOUT_PER_LEVEL = 0
number of levels to fanout: 1
fanout per level: 1
total fanout: 1
total fanout allowance: 1
leader method: random
Parlay time: first level assign time: 0.2862
Parlay time: buckets time: 1.4649
buckets size (bytes): 121348804
Total buckets: 85529
Total points: 29995085
Computed buckets!
Building leaves:
Parlay time: build leaf time: 6.3681
Built cluster 0 of 1
Leaf count: 85529
# of comparisons during clustering: 2198131395
Allocating graph, prune_degree = 64
Average table size: 37
Parlay time: Final prune time: 0.7093
Average distance traversed: 36
PiPNN graph built with 1000000 points and parameters Trees = 1
Graph has average degree 23.04 and maximum degree 64
Graph built in 8.719 seconds
For 10@10 recall = 0.2302, QPS = 5.313e+05, Q = 10, cut = 1.35, visited limit = 10, degree limit: 50, average visited = 10, average cmps = 283
For 10@10 recall = 0.3471, QPS = 4.123e+05, Q = 12, cut = 1.35, visited limit = 12, degree limit: 60, average visited = 12, average cmps = 342
For 10@10 recall = 0.4051, QPS = 3.576e+05, Q = 13, cut = 1.35, visited limit = 13, degree limit: 64, average visited = 13, average cmps = 369
For 10@10 recall = 0.5094, QPS = 3.142e+05, Q = 15, cut = 1.35, visited limit = 15, degree limit: 64, average visited = 15, average cmps = 419
For 10@10 recall = 0.6303, QPS = 2.575e+05, Q = 18, cut = 1.35, visited limit = 18, degree limit: 64, average visited = 18, average cmps = 493
For 10@10 recall = 0.7347, QPS = 2.275e+05, Q = 10, cut = 1.35, visited limit = 1000000, degree limit: 64, average visited = 20, average cmps = 546
For 10@10 recall = 0.7545, QPS = 2.217e+05, Q = 11, cut = 1.35, visited limit = 1000000, degree limit: 64, average visited = 21, average cmps = 570
For 10@10 recall = 0.8073, QPS = 1.774e+05, Q = 26, cut = 1.35, visited limit = 26, degree limit: 64, average visited = 26, average cmps = 681
For 10@10 recall = 0.8529, QPS = 1.531e+05, Q = 30, cut = 1.35, visited limit = 30, degree limit: 64, average visited = 30, average cmps = 774
For 10@10 recall = 0.9081, QPS = 9.973e+04, Q = 26, cut = 1.35, visited limit = 1000000, degree limit: 64, average visited = 36, average cmps = 923
For 10@10 recall = 0.9305, QPS = 8.697e+04, Q = 32, cut = 1.35, visited limit = 1000000, degree limit: 64, average visited = 42, average cmps = 1060
For 10@10 recall = 0.9504, QPS = 7.527e+04, Q = 40, cut = 1.35, visited limit = 1000000, degree limit: 64, average visited = 50, average cmps = 1236
For 10@10 recall = 0.9711, QPS = 6.181e+04, Q = 55, cut = 1.35, visited limit = 1000000, degree limit: 64, average visited = 64, average cmps = 1564
For 10@10 recall = 0.9824, QPS = 5.238e+04, Q = 70, cut = 1.35, visited limit = 1000000, degree limit: 64, average visited = 79, average cmps = 1840
For 10@10 recall = 0.9921, QPS = 4.022e+04, Q = 100, cut = 1.35, visited limit = 1000000, degree limit: 64, average visited = 109, average cmps = 2378
For 10@10 recall = 0.9963, QPS = 3.141e+04, Q = 140, cut = 1.35, visited limit = 1000000, degree limit: 64, average visited = 144, average cmps = 3010
For 10@10 recall = 0.9992, QPS = 2.135e+04, Q = 250, cut = 1.35, visited limit = 1000000, degree limit: 64, average visited = 221, average cmps = 4388
For 10@10 recall = 0.9996, QPS = 1.908e+04, Q = 300, cut = 1.35, visited limit = 1000000, degree limit: 64, average visited = 249, average cmps = 4796
For 10@10 recall = 0.9999, QPS = 1.198e+04, Q = 750, cut = 1.35, visited limit = 1000000, degree limit: 64, average visited = 373, average cmps = 6665
For 10@10 recall = 0.9999, QPS = 1.18e+04, Q = 1000, cut = 1.35, visited limit = 1000000, degree limit: 64, average visited = 404, average cmps = 7120

Parlay time: 34.9525
