Vary degree = 0
Ground truth: detected 10000 points with num results 100
Data: detected 1000000 points with dimension 128
Data: detected 10000 points with dimension 128
Parlay time: SketchHash construction time: 0.0281
Size of SketchHash (bytes): 48006144
Allocate = 0
Set MSTDeg to: 2 fanout: 1
Sizeof indexType = 4
Fanout scheme: 10 3 1 
Allocating: 1288000000 bytes of space for the candidates lists.
Sizeof T = 8
Cleared degree
FANOUT = 1 FANOUT_PER_LEVEL = 0
number of levels to fanout: 1
fanout per level: 1
total fanout: 1
total fanout allowance: 1
leader method: random
Parlay time: first level assign time: 0.2979
Parlay time: buckets time: 1.4804
buckets size (bytes): 121348804
Total buckets: 85529
Total points: 29995085
Computed buckets!
Building leaves:
Parlay time: build leaf time: 6.2719
Built cluster 0 of 1
Leaf count: 85529
# of comparisons during clustering: 2198131395
Allocating graph, prune_degree = 64
Average table size: 37
Parlay time: Final prune time: 0.7486
Average distance traversed: 36
PiPNN graph built with 1000000 points and parameters Trees = 1
Graph has average degree 23.05 and maximum degree 64
Graph built in 8.627 seconds
For 10@10 recall = 0.2305, QPS = 5.82e+05, Q = 10, cut = 1.35, visited limit = 10, degree limit: 50, average visited = 10, average cmps = 285
For 10@10 recall = 0.3458, QPS = 4.147e+05, Q = 12, cut = 1.35, visited limit = 12, degree limit: 60, average visited = 12, average cmps = 344
For 10@10 recall = 0.4029, QPS = 4.089e+05, Q = 13, cut = 1.35, visited limit = 13, degree limit: 64, average visited = 13, average cmps = 372
For 10@10 recall = 0.5075, QPS = 3.364e+05, Q = 15, cut = 1.35, visited limit = 15, degree limit: 64, average visited = 15, average cmps = 422
For 10@10 recall = 0.6285, QPS = 2.798e+05, Q = 18, cut = 1.35, visited limit = 18, degree limit: 64, average visited = 18, average cmps = 496
For 10@10 recall = 0.7153, QPS = 2.448e+05, Q = 21, cut = 1.35, visited limit = 21, degree limit: 64, average visited = 21, average cmps = 567
For 10@10 recall = 0.7587, QPS = 2.237e+05, Q = 23, cut = 1.35, visited limit = 23, degree limit: 64, average visited = 23, average cmps = 615
For 10@10 recall = 0.8088, QPS = 1.985e+05, Q = 26, cut = 1.35, visited limit = 26, degree limit: 64, average visited = 26, average cmps = 684
For 10@10 recall = 0.8543, QPS = 1.731e+05, Q = 30, cut = 1.35, visited limit = 30, degree limit: 64, average visited = 30, average cmps = 777
For 10@10 recall = 0.9165, QPS = 9.269e+04, Q = 28, cut = 1.35, visited limit = 1000000, degree limit: 64, average visited = 38, average cmps = 968
For 10@10 recall = 0.9313, QPS = 8.489e+04, Q = 32, cut = 1.35, visited limit = 1000000, degree limit: 64, average visited = 42, average cmps = 1062
For 10@10 recall = 0.9508, QPS = 7.329e+04, Q = 40, cut = 1.35, visited limit = 1000000, degree limit: 64, average visited = 50, average cmps = 1239
For 10@10 recall = 0.9714, QPS = 5.952e+04, Q = 55, cut = 1.35, visited limit = 1000000, degree limit: 64, average visited = 64, average cmps = 1567
For 10@10 recall = 0.9824, QPS = 5.074e+04, Q = 70, cut = 1.35, visited limit = 1000000, degree limit: 64, average visited = 79, average cmps = 1843
For 10@10 recall = 0.9921, QPS = 4.327e+04, Q = 100, cut = 1.35, visited limit = 1000000, degree limit: 64, average visited = 109, average cmps = 2381
For 10@10 recall = 0.9966, QPS = 3.439e+04, Q = 140, cut = 1.35, visited limit = 1000000, degree limit: 64, average visited = 144, average cmps = 3017
For 10@10 recall = 0.999, QPS = 2.576e+04, Q = 225, cut = 1.35, visited limit = 1000000, degree limit: 64, average visited = 207, average cmps = 4123
For 10@10 recall = 0.9995, QPS = 2.294e+04, Q = 275, cut = 1.35, visited limit = 1000000, degree limit: 64, average visited = 236, average cmps = 4573
For 10@10 recall = 0.9999, QPS = 1.682e+04, Q = 500, cut = 1.35, visited limit = 1000000, degree limit: 64, average visited = 322, average cmps = 5965
For 10@10 recall = 0.9999, QPS = 1.344e+04, Q = 750, cut = 1.35, visited limit = 1000000, degree limit: 64, average visited = 373, average cmps = 6652
For 10@10 recall = 1, QPS = 6856, Q = 1000, cut = 10, visited limit = 1000000, degree limit: 64, average visited = 1060, average cmps = 14248

Parlay time: 34.6790
