Vary degree = 0
Ground truth: detected 1000 points with num results 100
Data: detected 1000000 points with dimension 960
Data: detected 1000 points with dimension 960
Graph: detected 1000000 points with max degree 240
Total edges read from file: 16983513
start index = 0
Average visited: 0, Tail visited: 0
Vamana graph built with 1000000 points and parameters R = 64, L = 128
Graph has average degree 16.9835 and maximum degree 240
Graph built in 0 seconds
BUILD_DISTANCES 0
For 10@10 recall = 0.2214, QPS = 45877.9, Q = 10, cut = 1.35, visited limit = 10, degree limit: 50, average visited = 10, average cmps = 349
For 10@10 recall = 0.3184, QPS = 34283, Q = 12, cut = 1.35, visited limit = 12, degree limit: 60, average visited = 12, average cmps = 451
For 10@10 recall = 0.4209, QPS = 26323.4, Q = 15, cut = 1.35, visited limit = 15, degree limit: 75, average visited = 15, average cmps = 571
For 10@10 recall = 0.5203, QPS = 22642.4, Q = 10, cut = 1.35, visited limit = 1000000, degree limit: 240, average visited = 18, average cmps = 715
For 10@10 recall = 0.6091, QPS = 16477.7, Q = 15, cut = 1.35, visited limit = 1000000, degree limit: 240, average visited = 23, average cmps = 895
For 10@10 recall = 0.7205, QPS = 11510.5, Q = 24, cut = 1.35, visited limit = 1000000, degree limit: 240, average visited = 34, average cmps = 1242
For 10@10 recall = 0.7735, QPS = 7903.08, Q = 32, cut = 1.35, visited limit = 1000000, degree limit: 240, average visited = 41, average cmps = 1510
For 10@10 recall = 0.8111, QPS = 7248.48, Q = 40, cut = 1.35, visited limit = 1000000, degree limit: 240, average visited = 49, average cmps = 1771
For 10@10 recall = 0.8612, QPS = 5695.6, Q = 55, cut = 1.35, visited limit = 1000000, degree limit: 240, average visited = 64, average cmps = 2244
For 10@10 recall = 0.9094, QPS = 4252.97, Q = 80, cut = 1.35, visited limit = 1000000, degree limit: 240, average visited = 89, average cmps = 2990
For 10@10 recall = 0.9314, QPS = 3626.59, Q = 100, cut = 1.35, visited limit = 1000000, degree limit: 240, average visited = 110, average cmps = 3533
For 10@10 recall = 0.9563, QPS = 2765.98, Q = 140, cut = 1.35, visited limit = 1000000, degree limit: 240, average visited = 151, average cmps = 4601
For 10@10 recall = 0.9722, QPS = 2082.65, Q = 200, cut = 1.35, visited limit = 1000000, degree limit: 240, average visited = 213, average cmps = 6104
For 10@10 recall = 0.9826, QPS = 1617.66, Q = 275, cut = 1.35, visited limit = 1000000, degree limit: 240, average visited = 290, average cmps = 7848
For 10@10 recall = 0.9927, QPS = 1018.24, Q = 500, cut = 1.35, visited limit = 1000000, degree limit: 240, average visited = 511, average cmps = 12508
For 10@10 recall = 0.9963, QPS = 756.773, Q = 750, cut = 1.35, visited limit = 1000000, degree limit: 240, average visited = 753, average cmps = 16830

Parlay time: 23.0584
