Vary degree = 0
Ground truth: detected 1000 points with num results 100
Data: detected 1000000 points with dimension 960
Data: detected 1000 points with dimension 960
Graph: detected 1000000 points with max degree 1144
Total edges read from file: 18418458
start index = 0
Average visited: 0, Tail visited: 0
Vamana graph built with 1000000 points and parameters R = 64, L = 128
Graph has average degree 18.4185 and maximum degree 1144
Graph built in 0 seconds
BUILD_DISTANCES 0
For 10@10 recall = 0.2039, QPS = 49188.4, Q = 10, cut = 1.35, visited limit = 10, degree limit: 50, average visited = 10, average cmps = 326
For 10@10 recall = 0.3401, QPS = 31773.3, Q = 13, cut = 1.35, visited limit = 13, degree limit: 65, average visited = 13, average cmps = 477
For 10@10 recall = 0.4119, QPS = 26349.1, Q = 15, cut = 1.35, visited limit = 15, degree limit: 75, average visited = 15, average cmps = 564
For 10@10 recall = 0.515, QPS = 19702.5, Q = 19, cut = 1.35, visited limit = 19, degree limit: 95, average visited = 19, average cmps = 730
For 10@10 recall = 0.6083, QPS = 15579.2, Q = 24, cut = 1.35, visited limit = 24, degree limit: 120, average visited = 24, average cmps = 927
For 10@10 recall = 0.7259, QPS = 10549.2, Q = 35, cut = 1.35, visited limit = 35, degree limit: 175, average visited = 35, average cmps = 1346
For 10@10 recall = 0.7534, QPS = 8240.69, Q = 28, cut = 1.35, visited limit = 1000000, degree limit: 1144, average visited = 38, average cmps = 1482
For 10@10 recall = 0.8075, QPS = 7006.87, Q = 38, cut = 1.35, visited limit = 1000000, degree limit: 1144, average visited = 47, average cmps = 1846
For 10@10 recall = 0.8531, QPS = 5668.61, Q = 50, cut = 1.35, visited limit = 1000000, degree limit: 1144, average visited = 59, average cmps = 2283
For 10@10 recall = 0.9152, QPS = 3996.47, Q = 80, cut = 1.35, visited limit = 1000000, degree limit: 1144, average visited = 90, average cmps = 3274
For 10@10 recall = 0.937, QPS = 3388.29, Q = 100, cut = 1.35, visited limit = 1000000, degree limit: 1144, average visited = 110, average cmps = 3860
For 10@10 recall = 0.9521, QPS = 2888.35, Q = 120, cut = 1.35, visited limit = 1000000, degree limit: 1144, average visited = 130, average cmps = 4495
For 10@10 recall = 0.9728, QPS = 2113.03, Q = 180, cut = 1.35, visited limit = 1000000, degree limit: 1144, average visited = 191, average cmps = 6191
For 10@10 recall = 0.9806, QPS = 1783.82, Q = 225, cut = 1.35, visited limit = 1000000, degree limit: 1144, average visited = 238, average cmps = 7341
For 10@10 recall = 0.9913, QPS = 1198.7, Q = 375, cut = 1.35, visited limit = 1000000, degree limit: 1144, average visited = 392, average cmps = 10900
For 10@10 recall = 0.9972, QPS = 711.081, Q = 750, cut = 1.35, visited limit = 1000000, degree limit: 1144, average visited = 757, average cmps = 18377

Parlay time: 24.0584
