Vary degree = 0
Ground truth: detected 10000 points with num results 100
Data: detected 1183514 points with dimension 100
Aligning bytes to 448
Data: detected 10000 points with dimension 100
Aligning bytes to 448
Graph: detected 1183514 points with max degree 486
Total edges read from file: 55590844
start index = 0
Average visited: 0, Tail visited: 0
Vamana graph built with 1183514 points and parameters R = 100, L = 200
Graph has average degree 46.971 and maximum degree 486
Graph built in 0 seconds
BUILD_DISTANCES 0
For 10@10 recall = 0.24737, QPS = 377729, Q = 10, cut = 1.35, visited limit = 10, degree limit: 50, average visited = 10, average cmps = 412
For 10@10 recall = 0.30752, QPS = 293738, Q = 11, cut = 1.35, visited limit = 11, degree limit: 55, average visited = 11, average cmps = 480
For 10@10 recall = 0.4061, QPS = 236278, Q = 13, cut = 1.35, visited limit = 13, degree limit: 65, average visited = 13, average cmps = 607
For 10@10 recall = 0.52339, QPS = 167656, Q = 17, cut = 1.35, visited limit = 17, degree limit: 85, average visited = 17, average cmps = 797
For 10@10 recall = 0.6145, QPS = 150714, Q = 11, cut = 1.35, visited limit = 1183514, degree limit: 486, average visited = 20, average cmps = 961
For 10@10 recall = 0.70243, QPS = 95123, Q = 30, cut = 1.35, visited limit = 30, degree limit: 150, average visited = 30, average cmps = 1377
For 10@10 recall = 0.75201, QPS = 73470, Q = 24, cut = 1.35, visited limit = 1183514, degree limit: 486, average visited = 34, average cmps = 1620
For 10@10 recall = 0.80233, QPS = 56633.8, Q = 36, cut = 1.35, visited limit = 1183514, degree limit: 486, average visited = 47, average cmps = 2160
For 10@10 recall = 0.85728, QPS = 38727.7, Q = 60, cut = 1.35, visited limit = 1183514, degree limit: 486, average visited = 71, average cmps = 3247
For 10@10 recall = 0.90226, QPS = 25798, Q = 100, cut = 1.35, visited limit = 1183514, degree limit: 486, average visited = 112, average cmps = 4781
For 10@10 recall = 0.93334, QPS = 17404.3, Q = 160, cut = 1.35, visited limit = 1183514, degree limit: 486, average visited = 172, average cmps = 7008
For 10@10 recall = 0.95162, QPS = 13134.7, Q = 225, cut = 1.35, visited limit = 1183514, degree limit: 486, average visited = 234, average cmps = 9190
For 10@10 recall = 0.97198, QPS = 8330.56, Q = 375, cut = 1.35, visited limit = 1183514, degree limit: 486, average visited = 369, average cmps = 13729
For 10@10 recall = 0.98028, QPS = 6607.18, Q = 500, cut = 1.35, visited limit = 1183514, degree limit: 486, average visited = 470, average cmps = 17282
For 10@10 recall = 0.99321, QPS = 3627.93, Q = 1000, cut = 1.35, visited limit = 1183514, degree limit: 486, average visited = 840, average cmps = 29133

Parlay time: 36.6143
