Vary degree = 0
Ground truth: detected 10000 points with num results 100
Data: detected 1183514 points with dimension 100
Aligning bytes to 448
Data: detected 10000 points with dimension 100
Aligning bytes to 448
Graph: detected 1183514 points with max degree 483
Total edges read from file: 55410282
start index = 0
Average visited: 0, Tail visited: 0
Vamana graph built with 1183514 points and parameters R = 100, L = 200
Graph has average degree 46.8184 and maximum degree 483
Graph built in 0 seconds
BUILD_DISTANCES 0
For 10@10 recall = 0.24435, QPS = 432189, Q = 10, cut = 1.35, visited limit = 10, degree limit: 50, average visited = 10, average cmps = 411
For 10@10 recall = 0.30693, QPS = 365377, Q = 11, cut = 1.35, visited limit = 11, degree limit: 55, average visited = 11, average cmps = 478
For 10@10 recall = 0.40775, QPS = 283086, Q = 13, cut = 1.35, visited limit = 13, degree limit: 65, average visited = 13, average cmps = 605
For 10@10 recall = 0.50357, QPS = 219853, Q = 16, cut = 1.35, visited limit = 16, degree limit: 80, average visited = 16, average cmps = 750
For 10@10 recall = 0.60437, QPS = 168919, Q = 21, cut = 1.35, visited limit = 21, degree limit: 105, average visited = 21, average cmps = 978
For 10@10 recall = 0.70405, QPS = 118303, Q = 30, cut = 1.35, visited limit = 30, degree limit: 150, average visited = 30, average cmps = 1379
For 10@10 recall = 0.75216, QPS = 91340.9, Q = 24, cut = 1.35, visited limit = 1183514, degree limit: 483, average visited = 34, average cmps = 1623
For 10@10 recall = 0.80445, QPS = 69827.5, Q = 36, cut = 1.35, visited limit = 1183514, degree limit: 483, average visited = 47, average cmps = 2168
For 10@10 recall = 0.85857, QPS = 48097.5, Q = 60, cut = 1.35, visited limit = 1183514, degree limit: 483, average visited = 71, average cmps = 3255
For 10@10 recall = 0.9035, QPS = 31916.4, Q = 100, cut = 1.35, visited limit = 1183514, degree limit: 483, average visited = 112, average cmps = 4801
For 10@10 recall = 0.93354, QPS = 21507, Q = 160, cut = 1.35, visited limit = 1183514, degree limit: 483, average visited = 172, average cmps = 7035
For 10@10 recall = 0.95131, QPS = 16172.2, Q = 225, cut = 1.35, visited limit = 1183514, degree limit: 483, average visited = 234, average cmps = 9231
For 10@10 recall = 0.97218, QPS = 10089.1, Q = 375, cut = 1.35, visited limit = 1183514, degree limit: 483, average visited = 369, average cmps = 13799
For 10@10 recall = 0.98045, QPS = 8018.04, Q = 500, cut = 1.35, visited limit = 1183514, degree limit: 483, average visited = 470, average cmps = 17369
For 10@10 recall = 0.99306, QPS = 4105.66, Q = 1000, cut = 1.35, visited limit = 1183514, degree limit: 483, average visited = 839, average cmps = 29246

Parlay time: 34.1369
