Vary degree = 0
Ground truth: detected 10000 points with num results 100
Data: detected 1183514 points with dimension 100
Aligning bytes to 448
Data: detected 10000 points with dimension 100
Aligning bytes to 448
Graph: detected 1183514 points with max degree 480
Total edges read from file: 55432777
start index = 0
Average visited: 0, Tail visited: 0
Vamana graph built with 1183514 points and parameters R = 100, L = 200
Graph has average degree 46.8374 and maximum degree 480
Graph built in 0 seconds
BUILD_DISTANCES 0
For 10@10 recall = 0.24155, QPS = 430663, Q = 10, cut = 1.35, visited limit = 10, degree limit: 50, average visited = 10, average cmps = 410
For 10@10 recall = 0.30391, QPS = 360946, Q = 11, cut = 1.35, visited limit = 11, degree limit: 55, average visited = 11, average cmps = 478
For 10@10 recall = 0.40536, QPS = 268536, Q = 13, cut = 1.35, visited limit = 13, degree limit: 65, average visited = 13, average cmps = 604
For 10@10 recall = 0.52402, QPS = 204328, Q = 17, cut = 1.35, visited limit = 17, degree limit: 85, average visited = 17, average cmps = 794
For 10@10 recall = 0.60043, QPS = 164064, Q = 21, cut = 1.35, visited limit = 21, degree limit: 105, average visited = 21, average cmps = 975
For 10@10 recall = 0.70144, QPS = 113877, Q = 30, cut = 1.35, visited limit = 30, degree limit: 150, average visited = 30, average cmps = 1376
For 10@10 recall = 0.75328, QPS = 90095, Q = 24, cut = 1.35, visited limit = 1183514, degree limit: 480, average visited = 35, average cmps = 1626
For 10@10 recall = 0.8026, QPS = 68078.6, Q = 36, cut = 1.35, visited limit = 1183514, degree limit: 480, average visited = 47, average cmps = 2164
For 10@10 recall = 0.85676, QPS = 47623.4, Q = 60, cut = 1.35, visited limit = 1183514, degree limit: 480, average visited = 71, average cmps = 3246
For 10@10 recall = 0.90226, QPS = 30232.3, Q = 100, cut = 1.35, visited limit = 1183514, degree limit: 480, average visited = 113, average cmps = 4789
For 10@10 recall = 0.93326, QPS = 20522.5, Q = 160, cut = 1.35, visited limit = 1183514, degree limit: 480, average visited = 172, average cmps = 7010
For 10@10 recall = 0.95114, QPS = 15551, Q = 225, cut = 1.35, visited limit = 1183514, degree limit: 480, average visited = 234, average cmps = 9185
For 10@10 recall = 0.97145, QPS = 9879.29, Q = 375, cut = 1.35, visited limit = 1183514, degree limit: 480, average visited = 369, average cmps = 13727
For 10@10 recall = 0.98885, QPS = 5151.48, Q = 750, cut = 1.35, visited limit = 1183514, degree limit: 480, average visited = 668, average cmps = 23499
For 10@10 recall = 0.99313, QPS = 4137.22, Q = 1000, cut = 1.35, visited limit = 1183514, degree limit: 480, average visited = 841, average cmps = 29099

Parlay time: 34.2177
