Vary degree = 0
Ground truth: detected 10000 points with num results 100
Data: detected 1183514 points with dimension 100
Aligning bytes to 448
Data: detected 10000 points with dimension 100
Aligning bytes to 448
Graph: detected 1183514 points with max degree 480
Total edges read from file: 55675958
start index = 0
Average visited: 0, Tail visited: 0
Vamana graph built with 1183514 points and parameters R = 100, L = 200
Graph has average degree 47.0429 and maximum degree 480
Graph built in 0 seconds
BUILD_DISTANCES 0
For 10@10 recall = 0.24372, QPS = 358770, Q = 10, cut = 1.35, visited limit = 10, degree limit: 50, average visited = 10, average cmps = 411
For 10@10 recall = 0.30464, QPS = 296930, Q = 11, cut = 1.35, visited limit = 11, degree limit: 55, average visited = 11, average cmps = 478
For 10@10 recall = 0.40666, QPS = 230107, Q = 13, cut = 1.35, visited limit = 13, degree limit: 65, average visited = 13, average cmps = 606
For 10@10 recall = 0.50136, QPS = 180479, Q = 16, cut = 1.35, visited limit = 16, degree limit: 80, average visited = 16, average cmps = 751
For 10@10 recall = 0.61702, QPS = 149167, Q = 11, cut = 1.35, visited limit = 1183514, degree limit: 480, average visited = 20, average cmps = 963
For 10@10 recall = 0.70407, QPS = 94278.3, Q = 30, cut = 1.35, visited limit = 30, degree limit: 150, average visited = 30, average cmps = 1380
For 10@10 recall = 0.75404, QPS = 60855.8, Q = 24, cut = 1.35, visited limit = 1183514, degree limit: 480, average visited = 34, average cmps = 1626
For 10@10 recall = 0.804, QPS = 47498.5, Q = 36, cut = 1.35, visited limit = 1183514, degree limit: 480, average visited = 47, average cmps = 2165
For 10@10 recall = 0.85865, QPS = 33056.4, Q = 60, cut = 1.35, visited limit = 1183514, degree limit: 480, average visited = 71, average cmps = 3253
For 10@10 recall = 0.90313, QPS = 22539.8, Q = 100, cut = 1.35, visited limit = 1183514, degree limit: 480, average visited = 112, average cmps = 4794
For 10@10 recall = 0.93372, QPS = 15257.8, Q = 160, cut = 1.35, visited limit = 1183514, degree limit: 480, average visited = 172, average cmps = 7029
For 10@10 recall = 0.9517, QPS = 11590.7, Q = 225, cut = 1.35, visited limit = 1183514, degree limit: 480, average visited = 234, average cmps = 9222
For 10@10 recall = 0.97219, QPS = 7400.55, Q = 375, cut = 1.35, visited limit = 1183514, degree limit: 480, average visited = 369, average cmps = 13780
For 10@10 recall = 0.98039, QPS = 5841.32, Q = 500, cut = 1.35, visited limit = 1183514, degree limit: 480, average visited = 470, average cmps = 17341
For 10@10 recall = 0.99332, QPS = 3364.34, Q = 1000, cut = 1.35, visited limit = 1183514, degree limit: 480, average visited = 840, average cmps = 29221

Parlay time: 39.1365
