Vary degree = 0
Ground truth: detected 10000 points with num results 100
Data: detected 1183514 points with dimension 100
Aligning bytes to 448
Data: detected 10000 points with dimension 100
Aligning bytes to 448
Graph: detected 1183514 points with max degree 487
Total edges read from file: 55579088
start index = 0
Average visited: 0, Tail visited: 0
Vamana graph built with 1183514 points and parameters R = 100, L = 200
Graph has average degree 46.9611 and maximum degree 487
Graph built in 0 seconds
BUILD_DISTANCES 0
For 10@10 recall = 0.24632, QPS = 409551, Q = 10, cut = 1.35, visited limit = 10, degree limit: 50, average visited = 10, average cmps = 413
For 10@10 recall = 0.30663, QPS = 364285, Q = 11, cut = 1.35, visited limit = 11, degree limit: 55, average visited = 11, average cmps = 480
For 10@10 recall = 0.40463, QPS = 282710, Q = 13, cut = 1.35, visited limit = 13, degree limit: 65, average visited = 13, average cmps = 607
For 10@10 recall = 0.52325, QPS = 210283, Q = 17, cut = 1.35, visited limit = 17, degree limit: 85, average visited = 17, average cmps = 798
For 10@10 recall = 0.6007, QPS = 168870, Q = 21, cut = 1.35, visited limit = 21, degree limit: 105, average visited = 21, average cmps = 979
For 10@10 recall = 0.703, QPS = 118118, Q = 30, cut = 1.35, visited limit = 30, degree limit: 150, average visited = 30, average cmps = 1378
For 10@10 recall = 0.75213, QPS = 92767, Q = 24, cut = 1.35, visited limit = 1183514, degree limit: 487, average visited = 34, average cmps = 1622
For 10@10 recall = 0.80244, QPS = 70397.8, Q = 36, cut = 1.35, visited limit = 1183514, degree limit: 487, average visited = 47, average cmps = 2161
For 10@10 recall = 0.85672, QPS = 48134.3, Q = 60, cut = 1.35, visited limit = 1183514, degree limit: 487, average visited = 71, average cmps = 3245
For 10@10 recall = 0.90155, QPS = 31944.4, Q = 100, cut = 1.35, visited limit = 1183514, degree limit: 487, average visited = 112, average cmps = 4776
For 10@10 recall = 0.93299, QPS = 21496.4, Q = 160, cut = 1.35, visited limit = 1183514, degree limit: 487, average visited = 172, average cmps = 7008
For 10@10 recall = 0.95132, QPS = 16119.3, Q = 225, cut = 1.35, visited limit = 1183514, degree limit: 487, average visited = 234, average cmps = 9188
For 10@10 recall = 0.97196, QPS = 10065.1, Q = 375, cut = 1.35, visited limit = 1183514, degree limit: 487, average visited = 369, average cmps = 13724
For 10@10 recall = 0.98009, QPS = 7755.77, Q = 500, cut = 1.35, visited limit = 1183514, degree limit: 487, average visited = 470, average cmps = 17271
For 10@10 recall = 0.9932, QPS = 4186.89, Q = 1000, cut = 1.35, visited limit = 1183514, degree limit: 487, average visited = 839, average cmps = 29113

Parlay time: 34.4554
