Vary degree = 0
Ground truth: detected 10000 points with num results 100
Data: detected 1183514 points with dimension 100
Aligning bytes to 448
Data: detected 10000 points with dimension 100
Aligning bytes to 448
Building graph...
number of passes = 2
Pass 10% complete
Pass 20% complete
Pass 30% complete
Pass 40% complete
Pass 50% complete
Pass 60% complete
Pass 70% complete
Pass 80% complete
Pass 90% complete
Pass 100% complete
beam search time: total: 82.1850
bidirect time: total: 0.4374
prune time: total: 5.4557
Pass 10% complete
Pass 20% complete
Pass 30% complete
Pass 40% complete
Pass 50% complete
Pass 60% complete
Pass 70% complete
Pass 80% complete
Pass 90% complete
Pass 100% complete
beam search time: total: 124.0427
bidirect time: total: 0.8328
prune time: total: 16.0267
start index = 0
Average visited: 426, Tail visited: 500
Vamana graph built with 1183514 points and parameters R = 100, L = 200
Graph has average degree 51.13 and maximum degree 100
Graph built in 232.3 seconds
BUILD_DISTANCES 31557567971
For 10@10 recall = 0.3054, QPS = 2.289e+05, Q = 10, cut = 1.35, visited limit = 10, degree limit: 50, average visited = 10, average cmps = 444
For 10@10 recall = 0.421, QPS = 1.95e+05, Q = 12, cut = 1.35, visited limit = 12, degree limit: 60, average visited = 12, average cmps = 596
For 10@10 recall = 0.5039, QPS = 1.44e+05, Q = 14, cut = 1.35, visited limit = 14, degree limit: 70, average visited = 14, average cmps = 751
For 10@10 recall = 0.624, QPS = 1.132e+05, Q = 19, cut = 1.35, visited limit = 19, degree limit: 95, average visited = 19, average cmps = 1116
For 10@10 recall = 0.7066, QPS = 7.012e+04, Q = 26, cut = 1.35, visited limit = 26, degree limit: 100, average visited = 26, average cmps = 1485
For 10@10 recall = 0.7668, QPS = 5.239e+04, Q = 35, cut = 1.35, visited limit = 35, degree limit: 100, average visited = 35, average cmps = 1947
For 10@10 recall = 0.8005, QPS = 3.138e+04, Q = 32, cut = 1.35, visited limit = 1183514, degree limit: 100, average visited = 40, average cmps = 2254
For 10@10 recall = 0.8603, QPS = 1.903e+04, Q = 55, cut = 1.35, visited limit = 1183514, degree limit: 100, average visited = 63, average cmps = 3431
For 10@10 recall = 0.9037, QPS = 1.339e+04, Q = 90, cut = 1.35, visited limit = 1183514, degree limit: 100, average visited = 98, average cmps = 5145
For 10@10 recall = 0.9344, QPS = 8604, Q = 140, cut = 1.35, visited limit = 1183514, degree limit: 100, average visited = 149, average cmps = 7274
For 10@10 recall = 0.9545, QPS = 5212, Q = 200, cut = 1.35, visited limit = 1183514, degree limit: 100, average visited = 208, average cmps = 9753
For 10@10 recall = 0.9709, QPS = 3902, Q = 300, cut = 1.35, visited limit = 1183514, degree limit: 100, average visited = 296, average cmps = 13508
For 10@10 recall = 0.9855, QPS = 1949, Q = 500, cut = 1.35, visited limit = 1183514, degree limit: 100, average visited = 458, average cmps = 20213
For 10@10 recall = 0.9926, QPS = 1581, Q = 750, cut = 1.35, visited limit = 1183514, degree limit: 100, average visited = 650, average cmps = 27469
For 10@10 recall = 0.9954, QPS = 1971, Q = 1000, cut = 10, visited limit = 1183514, degree limit: 100, average visited = 1053, average cmps = 39688

Parlay time: 300.6343
