Vary degree = 0
Ground truth: detected 10000 points with num results 100
Data: detected 10000000 points with dimension 96
Data: detected 10000 points with dimension 96
Graph: detected 10000000 points with max degree 80
Total edges read from file: 452402910
start index = 0
Average visited: 0, Tail visited: 0
Vamana graph built with 10000000 points and parameters R = 64, L = 128
Graph has average degree 45.2403 and maximum degree 80
Graph built in 0 seconds
BUILD_DISTANCES 0
For 10@10 recall = 0.35459, QPS = 351395, Q = 10, cut = 1.35, visited limit = 10, degree limit: 50, average visited = 10, average cmps = 442
For 10@10 recall = 0.44104, QPS = 294325, Q = 11, cut = 1.35, visited limit = 11, degree limit: 55, average visited = 11, average cmps = 505
For 10@10 recall = 0.50663, QPS = 265929, Q = 12, cut = 1.35, visited limit = 12, degree limit: 60, average visited = 12, average cmps = 560
For 10@10 recall = 0.63663, QPS = 211198, Q = 15, cut = 1.35, visited limit = 15, degree limit: 75, average visited = 15, average cmps = 694
For 10@10 recall = 0.71686, QPS = 176988, Q = 18, cut = 1.35, visited limit = 18, degree limit: 80, average visited = 18, average cmps = 817
For 10@10 recall = 0.75444, QPS = 158965, Q = 20, cut = 1.35, visited limit = 20, degree limit: 80, average visited = 20, average cmps = 899
For 10@10 recall = 0.80947, QPS = 133138, Q = 24, cut = 1.35, visited limit = 24, degree limit: 80, average visited = 24, average cmps = 1061
For 10@10 recall = 0.86261, QPS = 105264, Q = 30, cut = 1.35, visited limit = 30, degree limit: 80, average visited = 30, average cmps = 1301
For 10@10 recall = 0.91658, QPS = 81450.5, Q = 32, cut = 1.35, visited limit = 10000000, degree limit: 80, average visited = 39, average cmps = 1706
For 10@10 recall = 0.93789, QPS = 69553.6, Q = 40, cut = 1.35, visited limit = 10000000, degree limit: 80, average visited = 47, average cmps = 2016
For 10@10 recall = 0.95384, QPS = 58219.4, Q = 50, cut = 1.35, visited limit = 10000000, degree limit: 80, average visited = 57, average cmps = 2401
For 10@10 recall = 0.97224, QPS = 43060.9, Q = 70, cut = 1.35, visited limit = 10000000, degree limit: 80, average visited = 77, average cmps = 3071
For 10@10 recall = 0.9816, QPS = 36494.5, Q = 90, cut = 1.35, visited limit = 10000000, degree limit: 80, average visited = 95, average cmps = 3797
For 10@10 recall = 0.99199, QPS = 25537.8, Q = 140, cut = 1.35, visited limit = 10000000, degree limit: 80, average visited = 141, average cmps = 5139
For 10@10 recall = 0.99598, QPS = 19222.1, Q = 200, cut = 1.35, visited limit = 10000000, degree limit: 80, average visited = 191, average cmps = 6630
For 10@10 recall = 0.99941, QPS = 9823.61, Q = 500, cut = 1.35, visited limit = 10000000, degree limit: 80, average visited = 371, average cmps = 11786
For 10@10 recall = 0.99977, QPS = 7384.28, Q = 750, cut = 1.35, visited limit = 10000000, degree limit: 80, average visited = 463, average cmps = 14087

Parlay time: 35.1275
