Vary degree = 0
Ground truth: detected 1000 points with num results 100
Data: detected 1000000 points with dimension 960
Data: detected 1000 points with dimension 960
Graph: detected 1000000 points with max degree 80
Total edges read from file: 35657963
start index = 0
Average visited: 0, Tail visited: 0
Vamana graph built with 1000000 points and parameters R = 64, L = 128
Graph has average degree 35.658 and maximum degree 80
Graph built in 0 seconds
BUILD_DISTANCES 0
For 10@10 recall = 0.2684, QPS = 33414.6, Q = 10, cut = 1.35, visited limit = 10, degree limit: 50, average visited = 10, average cmps = 429
For 10@10 recall = 0.328, QPS = 28598.4, Q = 11, cut = 1.35, visited limit = 11, degree limit: 55, average visited = 11, average cmps = 495
For 10@10 recall = 0.4179, QPS = 22828.4, Q = 13, cut = 1.35, visited limit = 13, degree limit: 65, average visited = 13, average cmps = 616
For 10@10 recall = 0.5008, QPS = 18176.5, Q = 16, cut = 1.35, visited limit = 16, degree limit: 80, average visited = 16, average cmps = 756
For 10@10 recall = 0.6176, QPS = 14331, Q = 13, cut = 1.35, visited limit = 1000000, degree limit: 80, average visited = 21, average cmps = 994
For 10@10 recall = 0.704, QPS = 10204.6, Q = 28, cut = 1.35, visited limit = 28, degree limit: 80, average visited = 28, average cmps = 1291
For 10@10 recall = 0.7621, QPS = 8198.94, Q = 35, cut = 1.35, visited limit = 35, degree limit: 80, average visited = 35, average cmps = 1599
For 10@10 recall = 0.8086, QPS = 5512.28, Q = 32, cut = 1.35, visited limit = 1000000, degree limit: 80, average visited = 41, average cmps = 1875
For 10@10 recall = 0.8583, QPS = 4470.49, Q = 45, cut = 1.35, visited limit = 1000000, degree limit: 80, average visited = 53, average cmps = 2413
For 10@10 recall = 0.9083, QPS = 3359.12, Q = 65, cut = 1.35, visited limit = 1000000, degree limit: 80, average visited = 73, average cmps = 3213
For 10@10 recall = 0.9322, QPS = 2838.8, Q = 80, cut = 1.35, visited limit = 1000000, degree limit: 80, average visited = 88, average cmps = 3819
For 10@10 recall = 0.9508, QPS = 2415.23, Q = 100, cut = 1.35, visited limit = 1000000, degree limit: 80, average visited = 108, average cmps = 4515
For 10@10 recall = 0.9705, QPS = 1835.69, Q = 140, cut = 1.35, visited limit = 1000000, degree limit: 80, average visited = 148, average cmps = 5898
For 10@10 recall = 0.9803, QPS = 1527.97, Q = 180, cut = 1.35, visited limit = 1000000, degree limit: 80, average visited = 187, average cmps = 7304
For 10@10 recall = 0.9916, QPS = 1154.18, Q = 275, cut = 1.35, visited limit = 1000000, degree limit: 80, average visited = 284, average cmps = 10053
For 10@10 recall = 0.9957, QPS = 920.565, Q = 375, cut = 1.35, visited limit = 1000000, degree limit: 80, average visited = 384, average cmps = 12803
For 10@10 recall = 0.9997, QPS = 550.089, Q = 750, cut = 1.35, visited limit = 1000000, degree limit: 80, average visited = 743, average cmps = 21556
For 10@10 recall = 0.9999, QPS = 449.615, Q = 1000, cut = 1.35, visited limit = 1000000, degree limit: 80, average visited = 961, average cmps = 26532

Parlay time: 30.1699
