Vary degree = 0
Ground truth: detected 1000 points with num results 100
Data: detected 1000000 points with dimension 960
Data: detected 1000 points with dimension 960
Graph: detected 1000000 points with max degree 80
Total edges read from file: 37456333
start index = 0
Average visited: 0, Tail visited: 0
Vamana graph built with 1000000 points and parameters R = 64, L = 128
Graph has average degree 37.4563 and maximum degree 80
Graph built in 0 seconds
BUILD_DISTANCES 0
For 10@10 recall = 0.2415, QPS = 33277.9, Q = 10, cut = 1.35, visited limit = 10, degree limit: 50, average visited = 10, average cmps = 434
For 10@10 recall = 0.3016, QPS = 28965.4, Q = 11, cut = 1.35, visited limit = 11, degree limit: 55, average visited = 11, average cmps = 508
For 10@10 recall = 0.4039, QPS = 22464.3, Q = 13, cut = 1.35, visited limit = 13, degree limit: 65, average visited = 13, average cmps = 645
For 10@10 recall = 0.5493, QPS = 17355.4, Q = 10, cut = 1.35, visited limit = 1000000, degree limit: 80, average visited = 18, average cmps = 901
For 10@10 recall = 0.6087, QPS = 13350.6, Q = 13, cut = 1.35, visited limit = 1000000, degree limit: 80, average visited = 21, average cmps = 1053
For 10@10 recall = 0.7132, QPS = 9115.52, Q = 30, cut = 1.35, visited limit = 30, degree limit: 80, average visited = 30, average cmps = 1458
For 10@10 recall = 0.7564, QPS = 7929.08, Q = 35, cut = 1.35, visited limit = 35, degree limit: 80, average visited = 35, average cmps = 1693
For 10@10 recall = 0.8002, QPS = 6294.61, Q = 32, cut = 1.35, visited limit = 1000000, degree limit: 80, average visited = 41, average cmps = 1995
For 10@10 recall = 0.8529, QPS = 4830.47, Q = 45, cut = 1.35, visited limit = 1000000, degree limit: 80, average visited = 53, average cmps = 2579
For 10@10 recall = 0.9069, QPS = 3612.94, Q = 65, cut = 1.35, visited limit = 1000000, degree limit: 80, average visited = 73, average cmps = 3440
For 10@10 recall = 0.9385, QPS = 2748.26, Q = 90, cut = 1.35, visited limit = 1000000, degree limit: 80, average visited = 98, average cmps = 4534
For 10@10 recall = 0.9635, QPS = 2171.94, Q = 120, cut = 1.35, visited limit = 1000000, degree limit: 80, average visited = 128, average cmps = 5694
For 10@10 recall = 0.972, QPS = 1935.58, Q = 140, cut = 1.35, visited limit = 1000000, degree limit: 80, average visited = 149, average cmps = 6360
For 10@10 recall = 0.9815, QPS = 1556.54, Q = 180, cut = 1.35, visited limit = 1000000, degree limit: 80, average visited = 188, average cmps = 7895
For 10@10 recall = 0.9918, QPS = 1116.99, Q = 275, cut = 1.35, visited limit = 1000000, degree limit: 80, average visited = 285, average cmps = 10930
For 10@10 recall = 0.996, QPS = 886.636, Q = 375, cut = 1.35, visited limit = 1000000, degree limit: 80, average visited = 384, average cmps = 13933
For 10@10 recall = 0.9995, QPS = 519.661, Q = 750, cut = 1.35, visited limit = 1000000, degree limit: 80, average visited = 744, average cmps = 23683
For 10@10 recall = 0.9995, QPS = 519.661, Q = 750, cut = 1.35, visited limit = 1000000, degree limit: 80, average visited = 744, average cmps = 23683
For 10@10 recall = 0.9999, QPS = 427.423, Q = 1000, cut = 1.35, visited limit = 1000000, degree limit: 80, average visited = 961, average cmps = 29214

Parlay time: 29.5442
