Vary degree = 0
Ground truth: detected 10000 points with num results 100
Data: detected 100000000 points with dimension 96
Data: detected 10000 points with dimension 96
Graph: detected 100000000 points with max degree 80
Total edges read from file: 6369240591
start index = 0
Average visited: 0, Tail visited: 0
Vamana graph built with 100000000 points and parameters R = 64, L = 128
Graph has average degree 63.6924 and maximum degree 80
Graph built in 0 seconds
BUILD_DISTANCES 0
For 10@10 recall = 0.18209, QPS = 334538, Q = 10, cut = 1.35, visited limit = 10, degree limit: 50, average visited = 10, average cmps = 471
For 10@10 recall = 0.27839, QPS = 273778, Q = 11, cut = 1.35, visited limit = 11, degree limit: 55, average visited = 11, average cmps = 566
For 10@10 recall = 0.37104, QPS = 229600, Q = 12, cut = 1.35, visited limit = 12, degree limit: 60, average visited = 12, average cmps = 667
For 10@10 recall = 0.46015, QPS = 199450, Q = 13, cut = 1.35, visited limit = 13, degree limit: 65, average visited = 13, average cmps = 765
For 10@10 recall = 0.50524, QPS = 180832, Q = 14, cut = 1.35, visited limit = 14, degree limit: 70, average visited = 14, average cmps = 828
For 10@10 recall = 0.60266, QPS = 145728, Q = 17, cut = 1.35, visited limit = 17, degree limit: 80, average visited = 17, average cmps = 1004
For 10@10 recall = 0.70862, QPS = 115169, Q = 23, cut = 1.35, visited limit = 23, degree limit: 80, average visited = 23, average cmps = 1303
For 10@10 recall = 0.76118, QPS = 95683.7, Q = 28, cut = 1.35, visited limit = 28, degree limit: 80, average visited = 28, average cmps = 1550
For 10@10 recall = 0.80223, QPS = 82540.3, Q = 22, cut = 1.35, visited limit = 100000000, degree limit: 80, average visited = 32, average cmps = 1758
For 10@10 recall = 0.85421, QPS = 60776.2, Q = 34, cut = 1.35, visited limit = 100000000, degree limit: 80, average visited = 44, average cmps = 2357
For 10@10 recall = 0.90461, QPS = 41915.4, Q = 60, cut = 1.35, visited limit = 100000000, degree limit: 80, average visited = 69, average cmps = 3650
For 10@10 recall = 0.93307, QPS = 31453.3, Q = 90, cut = 1.35, visited limit = 100000000, degree limit: 80, average visited = 99, average cmps = 4854
For 10@10 recall = 0.95594, QPS = 22290.3, Q = 140, cut = 1.35, visited limit = 100000000, degree limit: 80, average visited = 148, average cmps = 6323
For 10@10 recall = 0.9718, QPS = 15321.7, Q = 225, cut = 1.35, visited limit = 100000000, degree limit: 80, average visited = 222, average cmps = 8842
For 10@10 recall = 0.9834, QPS = 10296.7, Q = 375, cut = 1.35, visited limit = 100000000, degree limit: 80, average visited = 337, average cmps = 12190
For 10@10 recall = 0.99163, QPS = 6006.62, Q = 750, cut = 1.35, visited limit = 100000000, degree limit: 80, average visited = 546, average cmps = 18338

Parlay time: 72.1038
