Vary degree = 0
Ground truth: detected 10000 points with num results 100
Data: detected 100000000 points with dimension 96
Data: detected 10000 points with dimension 96
Graph: detected 100000000 points with max degree 64
Total edges read from file: 6145930736
start index = 0
Average visited: 0, Tail visited: 0
Vamana graph built with 100000000 points and parameters R = 64, L = 128
Graph has average degree 61.4593 and maximum degree 64
Graph built in 0 seconds
BUILD_DISTANCES 0
For 100@100 recall = 0.103919, QPS = 245272, Q = 100, cut = 1.35, visited limit = 10, degree limit: 50, average visited = 10, average cmps = 480
For 100@100 recall = 0.222652, QPS = 170864, Q = 100, cut = 1.35, visited limit = 12, degree limit: 60, average visited = 12, average cmps = 679
For 100@100 recall = 0.316788, QPS = 138870, Q = 100, cut = 1.35, visited limit = 14, degree limit: 64, average visited = 14, average cmps = 831
For 100@100 recall = 0.413285, QPS = 125186, Q = 100, cut = 1.35, visited limit = 17, degree limit: 64, average visited = 17, average cmps = 990
For 100@100 recall = 0.508238, QPS = 103990, Q = 100, cut = 1.35, visited limit = 21, degree limit: 64, average visited = 21, average cmps = 1196
For 100@100 recall = 0.618473, QPS = 82951.1, Q = 100, cut = 1.35, visited limit = 28, degree limit: 64, average visited = 28, average cmps = 1544
For 100@100 recall = 0.926256, QPS = 20832.7, Q = 120, cut = 1.35, visited limit = 100000000, degree limit: 64, average visited = 129, average cmps = 6322
For 100@100 recall = 0.938101, QPS = 18487.2, Q = 140, cut = 1.35, visited limit = 100000000, degree limit: 64, average visited = 150, average cmps = 6942
For 100@100 recall = 0.952975, QPS = 15339.5, Q = 180, cut = 1.35, visited limit = 100000000, degree limit: 64, average visited = 190, average cmps = 8636
For 100@100 recall = 0.971968, QPS = 10872.4, Q = 275, cut = 1.35, visited limit = 100000000, degree limit: 64, average visited = 287, average cmps = 11673
For 100@100 recall = 0.980931, QPS = 8138.05, Q = 375, cut = 1.35, visited limit = 100000000, degree limit: 64, average visited = 389, average cmps = 14866
For 100@100 recall = 0.992076, QPS = 4272.16, Q = 750, cut = 1.35, visited limit = 100000000, degree limit: 64, average visited = 767, average cmps = 25905

Parlay time: 65.9533
