Vary degree = 0
Ground truth: detected 10000 points with num results 100
Data: detected 6350000 points with dimension 1024
Data: detected 10000 points with dimension 1024
Graph: detected 6350000 points with max degree 80
Total edges read from file: 299395756
start index = 0
Average visited: 0, Tail visited: 0
Vamana graph built with 6350000 points and parameters R = 64, L = 128
Graph has average degree 47.1489 and maximum degree 80
Graph built in 0 seconds
BUILD_DISTANCES 0
For 100@100 recall = 0.195295, QPS = 39766.5, Q = 100, cut = 1.35, visited limit = 10, degree limit: 50, average visited = 10, average cmps = 445
For 100@100 recall = 0.254826, QPS = 33922.6, Q = 100, cut = 1.35, visited limit = 11, degree limit: 55, average visited = 11, average cmps = 518
For 100@100 recall = 0.313435, QPS = 29519.5, Q = 100, cut = 1.35, visited limit = 12, degree limit: 60, average visited = 12, average cmps = 588
For 100@100 recall = 0.413016, QPS = 22572.4, Q = 100, cut = 1.35, visited limit = 15, degree limit: 75, average visited = 15, average cmps = 746
For 100@100 recall = 0.516246, QPS = 17557.4, Q = 100, cut = 1.35, visited limit = 20, degree limit: 80, average visited = 20, average cmps = 953
For 100@100 recall = 0.618761, QPS = 12984, Q = 100, cut = 1.35, visited limit = 28, degree limit: 80, average visited = 28, average cmps = 1264
For 100@100 recall = 0.899943, QPS = 3097.5, Q = 120, cut = 1.35, visited limit = 6350000, degree limit: 80, average visited = 129, average cmps = 5020
For 100@100 recall = 0.913883, QPS = 2834.39, Q = 140, cut = 1.35, visited limit = 6350000, degree limit: 80, average visited = 150, average cmps = 5563
For 100@100 recall = 0.932285, QPS = 2277.34, Q = 180, cut = 1.35, visited limit = 6350000, degree limit: 80, average visited = 190, average cmps = 6931
For 100@100 recall = 0.951993, QPS = 1719.75, Q = 250, cut = 1.35, visited limit = 6350000, degree limit: 80, average visited = 262, average cmps = 8998
For 100@100 recall = 0.977395, QPS = 962.635, Q = 500, cut = 1.35, visited limit = 6350000, degree limit: 80, average visited = 523, average cmps = 15844
For 100@100 recall = 0.985457, QPS = 700.237, Q = 750, cut = 1.35, visited limit = 6350000, degree limit: 80, average visited = 794, average cmps = 21999

Parlay time: 139.9537
