Vary degree = 0
Ground truth: detected 10000 points with num results 100
Data: detected 6350000 points with dimension 1024
Data: detected 10000 points with dimension 1024
Graph: detected 6350000 points with max degree 80
Total edges read from file: 180217056
start index = 0
Average visited: 0, Tail visited: 0
Vamana graph built with 6350000 points and parameters R = 64, L = 128
Graph has average degree 28.3806 and maximum degree 80
Graph built in 0 seconds
BUILD_DISTANCES 0
For 100@100 recall = 0.142096, QPS = 52333, Q = 100, cut = 1.35, visited limit = 10, degree limit: 50, average visited = 10, average cmps = 352
For 100@100 recall = 0.208419, QPS = 42332.7, Q = 100, cut = 1.35, visited limit = 12, degree limit: 60, average visited = 12, average cmps = 427
For 100@100 recall = 0.311409, QPS = 31830.3, Q = 100, cut = 1.35, visited limit = 16, degree limit: 80, average visited = 16, average cmps = 546
For 100@100 recall = 0.406108, QPS = 24546.6, Q = 100, cut = 1.35, visited limit = 21, degree limit: 80, average visited = 21, average cmps = 685
For 100@100 recall = 0.500784, QPS = 18571, Q = 100, cut = 1.35, visited limit = 28, degree limit: 80, average visited = 28, average cmps = 875
For 100@100 recall = 0.835103, QPS = 4230.61, Q = 100, cut = 1.35, visited limit = 6350000, degree limit: 80, average visited = 113, average cmps = 3064
For 100@100 recall = 0.859055, QPS = 4409.64, Q = 120, cut = 1.35, visited limit = 6350000, degree limit: 80, average visited = 133, average cmps = 3580
For 100@100 recall = 0.903484, QPS = 3184.83, Q = 180, cut = 1.35, visited limit = 6350000, degree limit: 80, average visited = 195, average cmps = 5022
For 100@100 recall = 0.931114, QPS = 2360.46, Q = 250, cut = 1.35, visited limit = 6350000, degree limit: 80, average visited = 270, average cmps = 6640
For 100@100 recall = 0.956083, QPS = 1658.32, Q = 375, cut = 1.35, visited limit = 6350000, degree limit: 80, average visited = 407, average cmps = 9381
For 100@100 recall = 0.979729, QPS = 908.607, Q = 750, cut = 1.35, visited limit = 6350000, degree limit: 80, average visited = 811, average cmps = 16994
For 100@100 recall = 0.984957, QPS = 703.546, Q = 1000, cut = 1.35, visited limit = 6350000, degree limit: 80, average visited = 1074, average cmps = 21695

Parlay time: 106.2314
