Vary degree = 0
Ground truth: detected 10000 points with num results 100
Data: detected 6350000 points with dimension 1024
Data: detected 10000 points with dimension 1024
Graph: detected 6350000 points with max degree 80
Total edges read from file: 401349476
start index = 0
Average visited: 0, Tail visited: 0
Vamana graph built with 6350000 points and parameters R = 64, L = 128
Graph has average degree 63.2046 and maximum degree 80
Graph built in 0 seconds
BUILD_DISTANCES 0
For 100@100 recall = 0.17651, QPS = 38601.5, Q = 100, cut = 1.35, visited limit = 10, degree limit: 50, average visited = 10, average cmps = 459
For 100@100 recall = 0.245212, QPS = 31932.2, Q = 100, cut = 1.35, visited limit = 11, degree limit: 55, average visited = 11, average cmps = 550
For 100@100 recall = 0.321608, QPS = 26178.1, Q = 100, cut = 1.35, visited limit = 12, degree limit: 60, average visited = 12, average cmps = 646
For 100@100 recall = 0.418561, QPS = 21436.5, Q = 100, cut = 1.35, visited limit = 14, degree limit: 70, average visited = 14, average cmps = 793
For 100@100 recall = 0.51877, QPS = 16804.4, Q = 100, cut = 1.35, visited limit = 18, degree limit: 80, average visited = 18, average cmps = 996
For 100@100 recall = 0.601084, QPS = 13461, Q = 100, cut = 1.35, visited limit = 23, degree limit: 80, average visited = 23, average cmps = 1225
For 100@100 recall = 0.716995, QPS = 9304.52, Q = 100, cut = 1.35, visited limit = 35, degree limit: 80, average visited = 35, average cmps = 1750
For 100@100 recall = 0.914316, QPS = 2695.68, Q = 120, cut = 1.35, visited limit = 6350000, degree limit: 80, average visited = 129, average cmps = 5697
For 100@100 recall = 0.933844, QPS = 2280.29, Q = 160, cut = 1.35, visited limit = 6350000, degree limit: 80, average visited = 170, average cmps = 6937
For 100@100 recall = 0.951649, QPS = 1730.35, Q = 225, cut = 1.35, visited limit = 6350000, degree limit: 80, average visited = 237, average cmps = 8911
For 100@100 recall = 0.970439, QPS = 1184.76, Q = 375, cut = 1.35, visited limit = 6350000, degree limit: 80, average visited = 394, average cmps = 12978
For 100@100 recall = 0.984415, QPS = 683.743, Q = 750, cut = 1.35, visited limit = 6350000, degree limit: 80, average visited = 790, average cmps = 22447

Parlay time: 148.0622
