Vary degree = 0
Ground truth: detected 10000 points with num results 100
Data: detected 6350000 points with dimension 1024
Data: detected 10000 points with dimension 1024
Graph: detected 6350000 points with max degree 64
Total edges read from file: 255978697
start index = 0
Average visited: 0, Tail visited: 0
Vamana graph built with 6350000 points and parameters R = 64, L = 128
Graph has average degree 40.3116 and maximum degree 64
Graph built in 0 seconds
BUILD_DISTANCES 0
For 100@100 recall = 0.182533, QPS = 43028.1, Q = 100, cut = 1.35, visited limit = 10, degree limit: 50, average visited = 10, average cmps = 417
For 100@100 recall = 0.231317, QPS = 37128.1, Q = 100, cut = 1.35, visited limit = 11, degree limit: 55, average visited = 11, average cmps = 478
For 100@100 recall = 0.305769, QPS = 29030.4, Q = 100, cut = 1.35, visited limit = 13, degree limit: 64, average visited = 13, average cmps = 581
For 100@100 recall = 0.408035, QPS = 22812.5, Q = 100, cut = 1.35, visited limit = 17, degree limit: 64, average visited = 17, average cmps = 731
For 100@100 recall = 0.513771, QPS = 17246, Q = 100, cut = 1.35, visited limit = 23, degree limit: 64, average visited = 23, average cmps = 948
For 100@100 recall = 0.63953, QPS = 11715.4, Q = 100, cut = 1.35, visited limit = 35, degree limit: 64, average visited = 35, average cmps = 1365
For 100@100 recall = 0.886883, QPS = 3503.84, Q = 120, cut = 1.35, visited limit = 6350000, degree limit: 64, average visited = 130, average cmps = 4555
For 100@100 recall = 0.902792, QPS = 3027.47, Q = 140, cut = 1.35, visited limit = 6350000, degree limit: 64, average visited = 152, average cmps = 5071
For 100@100 recall = 0.931627, QPS = 2318.45, Q = 200, cut = 1.35, visited limit = 6350000, degree limit: 64, average visited = 214, average cmps = 6782
For 100@100 recall = 0.951193, QPS = 1768.22, Q = 275, cut = 1.35, visited limit = 6350000, degree limit: 64, average visited = 294, average cmps = 8812
For 100@100 recall = 0.974176, QPS = 1049.72, Q = 500, cut = 1.35, visited limit = 6350000, degree limit: 64, average visited = 528, average cmps = 14585
For 100@100 recall = 0.983418, QPS = 758.847, Q = 750, cut = 1.35, visited limit = 6350000, degree limit: 64, average visited = 801, average cmps = 20337

Parlay time: 128.3593
