Vary degree = 0
Ground truth: detected 10000 points with num results 100
Data: detected 6350000 points with dimension 1024
Data: detected 10000 points with dimension 1024
Graph: detected 6350000 points with max degree 80
Total edges read from file: 291236849
start index = 0
Average visited: 0, Tail visited: 0
Vamana graph built with 6350000 points and parameters R = 64, L = 128
Graph has average degree 45.8641 and maximum degree 80
Graph built in 0 seconds
BUILD_DISTANCES 0
For 100@100 recall = 0.191148, QPS = 38735.1, Q = 100, cut = 1.35, visited limit = 10, degree limit: 50, average visited = 10, average cmps = 454
For 100@100 recall = 0.244955, QPS = 33358.5, Q = 100, cut = 1.35, visited limit = 11, degree limit: 55, average visited = 11, average cmps = 523
For 100@100 recall = 0.331555, QPS = 26827.8, Q = 100, cut = 1.35, visited limit = 13, degree limit: 65, average visited = 13, average cmps = 641
For 100@100 recall = 0.413419, QPS = 21638.5, Q = 100, cut = 1.35, visited limit = 16, degree limit: 80, average visited = 16, average cmps = 782
For 100@100 recall = 0.509233, QPS = 16632.7, Q = 100, cut = 1.35, visited limit = 21, degree limit: 80, average visited = 21, average cmps = 993
For 100@100 recall = 0.600722, QPS = 12708.7, Q = 100, cut = 1.35, visited limit = 28, degree limit: 80, average visited = 28, average cmps = 1282
For 100@100 recall = 0.882803, QPS = 2805.11, Q = 100, cut = 1.35, visited limit = 6350000, degree limit: 80, average visited = 108, average cmps = 4461
For 100@100 recall = 0.901447, QPS = 2977.61, Q = 120, cut = 1.35, visited limit = 6350000, degree limit: 80, average visited = 128, average cmps = 5239
For 100@100 recall = 0.934823, QPS = 2142.28, Q = 180, cut = 1.35, visited limit = 6350000, degree limit: 80, average visited = 189, average cmps = 7326
For 100@100 recall = 0.954715, QPS = 1618.98, Q = 250, cut = 1.35, visited limit = 6350000, degree limit: 80, average visited = 262, average cmps = 9605
For 100@100 recall = 0.97188, QPS = 1150.6, Q = 375, cut = 1.35, visited limit = 6350000, degree limit: 80, average visited = 395, average cmps = 13390
For 100@100 recall = 0.98697, QPS = 637.419, Q = 750, cut = 1.35, visited limit = 6350000, degree limit: 80, average visited = 792, average cmps = 23974

Parlay time: 149.3884
