Vary degree = 0
Ground truth: detected 10000 points with num results 100
Data: detected 6350000 points with dimension 1024
Data: detected 10000 points with dimension 1024
Graph: detected 6350000 points with max degree 80
Total edges read from file: 299395756
start index = 0
Average visited: 0, Tail visited: 0
Vamana graph built with 6350000 points and parameters R = 64, L = 128
Graph has average degree 47.1489 and maximum degree 80
Graph built in 0 seconds
BUILD_DISTANCES 0
For 10@10 recall = 0.36646, QPS = 43094.5, Q = 10, cut = 1.35, visited limit = 10, degree limit: 50, average visited = 10, average cmps = 447
For 10@10 recall = 0.46277, QPS = 36495.2, Q = 11, cut = 1.35, visited limit = 11, degree limit: 55, average visited = 11, average cmps = 520
For 10@10 recall = 0.54876, QPS = 31765.9, Q = 12, cut = 1.35, visited limit = 12, degree limit: 60, average visited = 12, average cmps = 592
For 10@10 recall = 0.603, QPS = 28456.5, Q = 13, cut = 1.35, visited limit = 13, degree limit: 65, average visited = 13, average cmps = 655
For 10@10 recall = 0.71284, QPS = 21890, Q = 17, cut = 1.35, visited limit = 17, degree limit: 80, average visited = 17, average cmps = 842
For 10@10 recall = 0.76116, QPS = 18719.2, Q = 20, cut = 1.35, visited limit = 20, degree limit: 80, average visited = 20, average cmps = 967
For 10@10 recall = 0.80586, QPS = 16791.8, Q = 14, cut = 1.35, visited limit = 6350000, degree limit: 80, average visited = 22, average cmps = 1062
For 10@10 recall = 0.85501, QPS = 12483, Q = 22, cut = 1.35, visited limit = 6350000, degree limit: 80, average visited = 30, average cmps = 1398
For 10@10 recall = 0.90174, QPS = 8305.76, Q = 38, cut = 1.35, visited limit = 6350000, degree limit: 80, average visited = 46, average cmps = 2061
For 10@10 recall = 0.93096, QPS = 5670.81, Q = 60, cut = 1.35, visited limit = 6350000, degree limit: 80, average visited = 68, average cmps = 2981
For 10@10 recall = 0.95456, QPS = 3829.53, Q = 100, cut = 1.35, visited limit = 6350000, degree limit: 80, average visited = 109, average cmps = 4281
For 10@10 recall = 0.9711, QPS = 2313.76, Q = 180, cut = 1.35, visited limit = 6350000, degree limit: 80, average visited = 190, average cmps = 6922
For 10@10 recall = 0.98085, QPS = 1511.71, Q = 300, cut = 1.35, visited limit = 6350000, degree limit: 80, average visited = 311, average cmps = 10235
For 10@10 recall = 0.99061, QPS = 578.588, Q = 1000, cut = 1.35, visited limit = 6350000, degree limit: 80, average visited = 955, average cmps = 26127

Parlay time: 223.9497
