Vary degree = 0
Ground truth: detected 10000 points with num results 100
Data: detected 6350000 points with dimension 1024
Data: detected 10000 points with dimension 1024
Graph: detected 6350000 points with max degree 80
Total edges read from file: 401349476
start index = 0
Average visited: 0, Tail visited: 0
Vamana graph built with 6350000 points and parameters R = 64, L = 128
Graph has average degree 63.2046 and maximum degree 80
Graph built in 0 seconds
BUILD_DISTANCES 0
For 10@10 recall = 0.28785, QPS = 33797, Q = 10, cut = 1.35, visited limit = 10, degree limit: 50, average visited = 10, average cmps = 461
For 10@10 recall = 0.39331, QPS = 27592.6, Q = 11, cut = 1.35, visited limit = 11, degree limit: 55, average visited = 11, average cmps = 553
For 10@10 recall = 0.50389, QPS = 22902, Q = 12, cut = 1.35, visited limit = 12, degree limit: 60, average visited = 12, average cmps = 651
For 10@10 recall = 0.62494, QPS = 18140.3, Q = 14, cut = 1.35, visited limit = 14, degree limit: 70, average visited = 14, average cmps = 803
For 10@10 recall = 0.7052, QPS = 14779.9, Q = 17, cut = 1.35, visited limit = 17, degree limit: 80, average visited = 17, average cmps = 966
For 10@10 recall = 0.75263, QPS = 12716.7, Q = 20, cut = 1.35, visited limit = 20, degree limit: 80, average visited = 20, average cmps = 1115
For 10@10 recall = 0.82905, QPS = 10856.7, Q = 16, cut = 1.35, visited limit = 6350000, degree limit: 80, average visited = 24, average cmps = 1354
For 10@10 recall = 0.85265, QPS = 8798.56, Q = 20, cut = 1.35, visited limit = 6350000, degree limit: 80, average visited = 28, average cmps = 1550
For 10@10 recall = 0.90326, QPS = 5672.96, Q = 36, cut = 1.35, visited limit = 6350000, degree limit: 80, average visited = 45, average cmps = 2343
For 10@10 recall = 0.934, QPS = 3609.5, Q = 60, cut = 1.35, visited limit = 6350000, degree limit: 80, average visited = 69, average cmps = 3537
For 10@10 recall = 0.95167, QPS = 2663.44, Q = 90, cut = 1.35, visited limit = 6350000, degree limit: 80, average visited = 99, average cmps = 4711
For 10@10 recall = 0.9715, QPS = 1582.15, Q = 180, cut = 1.35, visited limit = 6350000, degree limit: 80, average visited = 190, average cmps = 7679
For 10@10 recall = 0.9804, QPS = 1086.35, Q = 300, cut = 1.35, visited limit = 6350000, degree limit: 80, average visited = 311, average cmps = 10920
For 10@10 recall = 0.99026, QPS = 443.365, Q = 1000, cut = 1.35, visited limit = 6350000, degree limit: 80, average visited = 959, average cmps = 26598

Parlay time: 298.9714
