Vary degree = 0
Ground truth: detected 10000 points with num results 100
Data: detected 10000000 points with dimension 96
Data: detected 10000 points with dimension 96
Graph: detected 10000000 points with max degree 80
Total edges read from file: 636042798
start index = 0
Average visited: 0, Tail visited: 0
Vamana graph built with 10000000 points and parameters R = 64, L = 128
Graph has average degree 63.6043 and maximum degree 80
Graph built in 0 seconds
BUILD_DISTANCES 0
For 10@10 recall = 0.33483, QPS = 339086, Q = 10, cut = 1.35, visited limit = 10, degree limit: 50, average visited = 10, average cmps = 461
For 10@10 recall = 0.44215, QPS = 279345, Q = 11, cut = 1.35, visited limit = 11, degree limit: 55, average visited = 11, average cmps = 552
For 10@10 recall = 0.54959, QPS = 230155, Q = 12, cut = 1.35, visited limit = 12, degree limit: 60, average visited = 12, average cmps = 648
For 10@10 recall = 0.63373, QPS = 201450, Q = 13, cut = 1.35, visited limit = 13, degree limit: 65, average visited = 13, average cmps = 741
For 10@10 recall = 0.70482, QPS = 177073, Q = 15, cut = 1.35, visited limit = 15, degree limit: 75, average visited = 15, average cmps = 857
For 10@10 recall = 0.75076, QPS = 157181, Q = 17, cut = 1.35, visited limit = 17, degree limit: 80, average visited = 17, average cmps = 962
For 10@10 recall = 0.80902, QPS = 129988, Q = 21, cut = 1.35, visited limit = 21, degree limit: 80, average visited = 21, average cmps = 1150
For 10@10 recall = 0.85056, QPS = 108044, Q = 16, cut = 1.35, visited limit = 10000000, degree limit: 80, average visited = 23, average cmps = 1296
For 10@10 recall = 0.90033, QPS = 79980.8, Q = 26, cut = 1.35, visited limit = 10000000, degree limit: 80, average visited = 33, average cmps = 1747
For 10@10 recall = 0.9332, QPS = 53918.8, Q = 40, cut = 1.35, visited limit = 10000000, degree limit: 80, average visited = 47, average cmps = 2391
For 10@10 recall = 0.95055, QPS = 46604.4, Q = 55, cut = 1.35, visited limit = 10000000, degree limit: 80, average visited = 62, average cmps = 3081
For 10@10 recall = 0.97094, QPS = 32822, Q = 90, cut = 1.35, visited limit = 10000000, degree limit: 80, average visited = 96, average cmps = 4361
For 10@10 recall = 0.98318, QPS = 23620.5, Q = 140, cut = 1.35, visited limit = 10000000, degree limit: 80, average visited = 143, average cmps = 5480
For 10@10 recall = 0.99084, QPS = 16516.7, Q = 225, cut = 1.35, visited limit = 10000000, degree limit: 80, average visited = 213, average cmps = 7449
For 10@10 recall = 0.99507, QPS = 11861.1, Q = 375, cut = 1.35, visited limit = 10000000, degree limit: 80, average visited = 312, average cmps = 9747

Parlay time: 36.5757
