Vary degree = 0
Ground truth: detected 10000 points with num results 100
Data: detected 1183514 points with dimension 100
Aligning bytes to 448
Data: detected 10000 points with dimension 100
Aligning bytes to 448
Graph: detected 1183514 points with max degree 80
Total edges read from file: 64806280
start index = 0
Average visited: 0, Tail visited: 0
Vamana graph built with 1183514 points and parameters R = 100, L = 200
Graph has average degree 54.7575 and maximum degree 80
Graph built in 0 seconds
BUILD_DISTANCES 0
For 10@10 recall = 0.2667, QPS = 369426, Q = 10, cut = 1.35, visited limit = 10, degree limit: 50, average visited = 10, average cmps = 468
For 10@10 recall = 0.33945, QPS = 298143, Q = 11, cut = 1.35, visited limit = 11, degree limit: 55, average visited = 11, average cmps = 557
For 10@10 recall = 0.40752, QPS = 247831, Q = 12, cut = 1.35, visited limit = 12, degree limit: 60, average visited = 12, average cmps = 648
For 10@10 recall = 0.52202, QPS = 180904, Q = 15, cut = 1.35, visited limit = 15, degree limit: 75, average visited = 15, average cmps = 839
For 10@10 recall = 0.61336, QPS = 149107, Q = 10, cut = 1.35, visited limit = 1183514, degree limit: 80, average visited = 18, average cmps = 1014
For 10@10 recall = 0.7, QPS = 108344, Q = 17, cut = 1.35, visited limit = 1183514, degree limit: 80, average visited = 26, average cmps = 1407
For 10@10 recall = 0.75778, QPS = 70006.4, Q = 26, cut = 1.35, visited limit = 1183514, degree limit: 80, average visited = 35, average cmps = 1874
For 10@10 recall = 0.80216, QPS = 54302.7, Q = 38, cut = 1.35, visited limit = 1183514, degree limit: 80, average visited = 47, average cmps = 2476
For 10@10 recall = 0.8556, QPS = 36028.1, Q = 65, cut = 1.35, visited limit = 1183514, degree limit: 80, average visited = 75, average cmps = 3740
For 10@10 recall = 0.90183, QPS = 21807.8, Q = 120, cut = 1.35, visited limit = 1183514, degree limit: 80, average visited = 131, average cmps = 6144
For 10@10 recall = 0.93489, QPS = 14204.6, Q = 200, cut = 1.35, visited limit = 1183514, degree limit: 80, average visited = 210, average cmps = 9097
For 10@10 recall = 0.95181, QPS = 10848.5, Q = 275, cut = 1.35, visited limit = 1183514, degree limit: 80, average visited = 280, average cmps = 11678
For 10@10 recall = 0.97408, QPS = 6560.63, Q = 500, cut = 1.35, visited limit = 1183514, degree limit: 80, average visited = 468, average cmps = 18768
For 10@10 recall = 0.98543, QPS = 4435.91, Q = 750, cut = 1.35, visited limit = 1183514, degree limit: 80, average visited = 664, average cmps = 25449
For 10@10 recall = 0.99062, QPS = 3558.85, Q = 1000, cut = 1.35, visited limit = 1183514, degree limit: 80, average visited = 834, average cmps = 31536

Parlay time: 37.3752
