Vary degree = 0
Ground truth: detected 1000 points with num results 100
Data: detected 1000000 points with dimension 960
Data: detected 1000 points with dimension 960
Graph: detected 1000000 points with max degree 80
Total edges read from file: 57769578
start index = 0
Average visited: 0, Tail visited: 0
Vamana graph built with 1000000 points and parameters R = 64, L = 128
Graph has average degree 57.7696 and maximum degree 80
Graph built in 0 seconds
BUILD_DISTANCES 0
For 10@10 recall = 0.2846, QPS = 35782, Q = 10, cut = 1.35, visited limit = 10, degree limit: 50, average visited = 10, average cmps = 465
For 10@10 recall = 0.3573, QPS = 30308.5, Q = 11, cut = 1.35, visited limit = 11, degree limit: 55, average visited = 11, average cmps = 552
For 10@10 recall = 0.4325, QPS = 25670, Q = 12, cut = 1.35, visited limit = 12, degree limit: 60, average visited = 12, average cmps = 645
For 10@10 recall = 0.5277, QPS = 20642, Q = 14, cut = 1.35, visited limit = 14, degree limit: 70, average visited = 14, average cmps = 789
For 10@10 recall = 0.601, QPS = 16829.6, Q = 17, cut = 1.35, visited limit = 17, degree limit: 80, average visited = 17, average cmps = 945
For 10@10 recall = 0.7096, QPS = 11978.9, Q = 24, cut = 1.35, visited limit = 24, degree limit: 80, average visited = 24, average cmps = 1299
For 10@10 recall = 0.7511, QPS = 10240.2, Q = 28, cut = 1.35, visited limit = 28, degree limit: 80, average visited = 28, average cmps = 1500
For 10@10 recall = 0.8009, QPS = 8216.79, Q = 35, cut = 1.35, visited limit = 35, degree limit: 80, average visited = 35, average cmps = 1848
For 10@10 recall = 0.8548, QPS = 5471.75, Q = 38, cut = 1.35, visited limit = 1000000, degree limit: 80, average visited = 45, average cmps = 2387
For 10@10 recall = 0.905, QPS = 3766.98, Q = 60, cut = 1.35, visited limit = 1000000, degree limit: 80, average visited = 66, average cmps = 3477
For 10@10 recall = 0.9326, QPS = 3088.95, Q = 80, cut = 1.35, visited limit = 1000000, degree limit: 80, average visited = 87, average cmps = 4223
For 10@10 recall = 0.9564, QPS = 2284.88, Q = 120, cut = 1.35, visited limit = 1000000, degree limit: 80, average visited = 126, average cmps = 5667
For 10@10 recall = 0.9727, QPS = 1677.05, Q = 180, cut = 1.35, visited limit = 1000000, degree limit: 80, average visited = 186, average cmps = 7575
For 10@10 recall = 0.9814, QPS = 1466.64, Q = 225, cut = 1.35, visited limit = 1000000, degree limit: 80, average visited = 231, average cmps = 8684
For 10@10 recall = 0.9927, QPS = 915.325, Q = 375, cut = 1.35, visited limit = 1000000, degree limit: 80, average visited = 381, average cmps = 12189
For 10@10 recall = 0.9977, QPS = 695.679, Q = 750, cut = 1.35, visited limit = 1000000, degree limit: 80, average visited = 741, average cmps = 19601

Parlay time: 27.2483
