Vary degree = 0
Ground truth: detected 1000 points with num results 100
Data: detected 1000000 points with dimension 960
Data: detected 1000 points with dimension 960
Graph: detected 1000000 points with max degree 80
Total edges read from file: 28524573
start index = 0
Average visited: 0, Tail visited: 0
Vamana graph built with 1000000 points and parameters R = 64, L = 128
Graph has average degree 28.5246 and maximum degree 80
Graph built in 0 seconds
BUILD_DISTANCES 0
For 10@10 recall = 0.1967, QPS = 32527.7, Q = 10, cut = 1.35, visited limit = 10, degree limit: 50, average visited = 10, average cmps = 397
For 10@10 recall = 0.257, QPS = 26931.7, Q = 11, cut = 1.35, visited limit = 11, degree limit: 55, average visited = 11, average cmps = 464
For 10@10 recall = 0.3135, QPS = 22931.6, Q = 12, cut = 1.35, visited limit = 12, degree limit: 60, average visited = 12, average cmps = 530
For 10@10 recall = 0.4222, QPS = 17186.9, Q = 15, cut = 1.35, visited limit = 15, degree limit: 75, average visited = 15, average cmps = 684
For 10@10 recall = 0.522, QPS = 18507.9, Q = 10, cut = 1.35, visited limit = 1000000, degree limit: 80, average visited = 18, average cmps = 853
For 10@10 recall = 0.6374, QPS = 11803.3, Q = 16, cut = 1.35, visited limit = 1000000, degree limit: 80, average visited = 25, average cmps = 1157
For 10@10 recall = 0.723, QPS = 7063.64, Q = 35, cut = 1.35, visited limit = 35, degree limit: 80, average visited = 35, average cmps = 1553
For 10@10 recall = 0.7508, QPS = 5536.36, Q = 28, cut = 1.35, visited limit = 1000000, degree limit: 80, average visited = 37, average cmps = 1675
For 10@10 recall = 0.8038, QPS = 4382.45, Q = 38, cut = 1.35, visited limit = 1000000, degree limit: 80, average visited = 47, average cmps = 2107
For 10@10 recall = 0.8615, QPS = 3361.16, Q = 55, cut = 1.35, visited limit = 1000000, degree limit: 80, average visited = 64, average cmps = 2816
For 10@10 recall = 0.9106, QPS = 2660.95, Q = 80, cut = 1.35, visited limit = 1000000, degree limit: 80, average visited = 89, average cmps = 3798
For 10@10 recall = 0.9358, QPS = 2205.95, Q = 100, cut = 1.35, visited limit = 1000000, degree limit: 80, average visited = 110, average cmps = 4531
For 10@10 recall = 0.9512, QPS = 1895.84, Q = 120, cut = 1.35, visited limit = 1000000, degree limit: 80, average visited = 130, average cmps = 5288
For 10@10 recall = 0.9703, QPS = 1490.86, Q = 160, cut = 1.35, visited limit = 1000000, degree limit: 80, average visited = 171, average cmps = 6646
For 10@10 recall = 0.9821, QPS = 1138.49, Q = 225, cut = 1.35, visited limit = 1000000, degree limit: 80, average visited = 236, average cmps = 8726
For 10@10 recall = 0.991, QPS = 900.392, Q = 300, cut = 1.35, visited limit = 1000000, degree limit: 80, average visited = 312, average cmps = 10976
For 10@10 recall = 0.9976, QPS = 598.414, Q = 500, cut = 1.35, visited limit = 1000000, degree limit: 80, average visited = 506, average cmps = 16469
For 10@10 recall = 0.9993, QPS = 441.944, Q = 750, cut = 1.35, visited limit = 1000000, degree limit: 80, average visited = 749, average cmps = 22290
For 10@10 recall = 0.9999, QPS = 358.173, Q = 1000, cut = 1.35, visited limit = 1000000, degree limit: 80, average visited = 968, average cmps = 27513
For 10@10 recall = 0.9999, QPS = 358.173, Q = 1000, cut = 1.35, visited limit = 1000000, degree limit: 80, average visited = 968, average cmps = 27513

Parlay time: 34.0390
