Vary degree = 0
Ground truth: detected 10000 points with num results 100
Data: detected 1000000 points with dimension 128
Data: detected 10000 points with dimension 128
Graph: detected 1000000 points with max degree 80
Total edges read from file: 35205051
start index = 0
Average visited: 0, Tail visited: 0
Vamana graph built with 1000000 points and parameters R = 64, L = 128
Graph has average degree 35.2051 and maximum degree 80
Graph built in 0 seconds
BUILD_DISTANCES 0
For 10@10 recall = 0.42944, QPS = 354925, Q = 10, cut = 1.35, visited limit = 10, degree limit: 50, average visited = 10, average cmps = 403
For 10@10 recall = 0.51436, QPS = 308709, Q = 11, cut = 1.35, visited limit = 11, degree limit: 55, average visited = 11, average cmps = 451
For 10@10 recall = 0.63493, QPS = 245918, Q = 13, cut = 1.35, visited limit = 13, degree limit: 65, average visited = 13, average cmps = 530
For 10@10 recall = 0.71907, QPS = 216544, Q = 15, cut = 1.35, visited limit = 15, degree limit: 75, average visited = 15, average cmps = 596
For 10@10 recall = 0.75119, QPS = 198267, Q = 16, cut = 1.35, visited limit = 16, degree limit: 80, average visited = 16, average cmps = 628
For 10@10 recall = 0.81233, QPS = 197675, Q = 10, cut = 1.35, visited limit = 1000000, degree limit: 80, average visited = 17, average cmps = 684
For 10@10 recall = 0.87018, QPS = 165303, Q = 14, cut = 1.35, visited limit = 1000000, degree limit: 80, average visited = 21, average cmps = 803
For 10@10 recall = 0.90574, QPS = 126333, Q = 26, cut = 1.35, visited limit = 26, degree limit: 80, average visited = 26, average cmps = 943
For 10@10 recall = 0.94949, QPS = 95629.7, Q = 35, cut = 1.35, visited limit = 35, degree limit: 80, average visited = 35, average cmps = 1222
For 10@10 recall = 0.95302, QPS = 71712.3, Q = 28, cut = 1.35, visited limit = 1000000, degree limit: 80, average visited = 35, average cmps = 1229
For 10@10 recall = 0.97013, QPS = 60457.3, Q = 36, cut = 1.35, visited limit = 1000000, degree limit: 80, average visited = 43, average cmps = 1468
For 10@10 recall = 0.98098, QPS = 51782.9, Q = 45, cut = 1.35, visited limit = 1000000, degree limit: 80, average visited = 51, average cmps = 1736
For 10@10 recall = 0.99006, QPS = 42021, Q = 60, cut = 1.35, visited limit = 1000000, degree limit: 80, average visited = 66, average cmps = 2191
For 10@10 recall = 0.99624, QPS = 32876.2, Q = 90, cut = 1.35, visited limit = 1000000, degree limit: 80, average visited = 95, average cmps = 2954
For 10@10 recall = 0.99923, QPS = 21751.3, Q = 160, cut = 1.35, visited limit = 1000000, degree limit: 80, average visited = 155, average cmps = 4318
For 10@10 recall = 0.99969, QPS = 18812.4, Q = 200, cut = 1.35, visited limit = 1000000, degree limit: 80, average visited = 183, average cmps = 4910
For 10@10 recall = 0.99991, QPS = 14707.5, Q = 300, cut = 1.35, visited limit = 1000000, degree limit: 80, average visited = 239, average cmps = 6141
For 10@10 recall = 0.99997, QPS = 12825.4, Q = 375, cut = 1.35, visited limit = 1000000, degree limit: 80, average visited = 273, average cmps = 6814
For 10@10 recall = 1, QPS = 9613.54, Q = 750, cut = 1.35, visited limit = 1000000, degree limit: 80, average visited = 355, average cmps = 8416

Parlay time: 30.1765
