Vary degree = 0
Ground truth: detected 10000 points with num results 100
Data: detected 1183514 points with dimension 100
Aligning bytes to 448
Data: detected 10000 points with dimension 100
Aligning bytes to 448
Graph: detected 1183514 points with max degree 80
Total edges read from file: 63961208
start index = 0
Average visited: 0, Tail visited: 0
Vamana graph built with 1183514 points and parameters R = 100, L = 200
Graph has average degree 54.0435 and maximum degree 80
Graph built in 0 seconds
BUILD_DISTANCES 0
For 10@10 recall = 0.26362, QPS = 374981, Q = 10, cut = 1.35, visited limit = 10, degree limit: 50, average visited = 10, average cmps = 477
For 10@10 recall = 0.32928, QPS = 314110, Q = 11, cut = 1.35, visited limit = 11, degree limit: 55, average visited = 11, average cmps = 563
For 10@10 recall = 0.43539, QPS = 240217, Q = 13, cut = 1.35, visited limit = 13, degree limit: 65, average visited = 13, average cmps = 722
For 10@10 recall = 0.52036, QPS = 195408, Q = 16, cut = 1.35, visited limit = 16, degree limit: 80, average visited = 16, average cmps = 882
For 10@10 recall = 0.6085, QPS = 148666, Q = 21, cut = 1.35, visited limit = 21, degree limit: 80, average visited = 21, average cmps = 1134
For 10@10 recall = 0.70415, QPS = 94332.5, Q = 20, cut = 1.35, visited limit = 1183514, degree limit: 80, average visited = 29, average cmps = 1562
For 10@10 recall = 0.75166, QPS = 75651.5, Q = 28, cut = 1.35, visited limit = 1183514, degree limit: 80, average visited = 37, average cmps = 1984
For 10@10 recall = 0.811, QPS = 53459.6, Q = 45, cut = 1.35, visited limit = 1183514, degree limit: 80, average visited = 54, average cmps = 2861
For 10@10 recall = 0.8513, QPS = 39853.5, Q = 65, cut = 1.35, visited limit = 1183514, degree limit: 80, average visited = 75, average cmps = 3831
For 10@10 recall = 0.90408, QPS = 24100.1, Q = 120, cut = 1.35, visited limit = 1183514, degree limit: 80, average visited = 131, average cmps = 6380
For 10@10 recall = 0.93225, QPS = 17135.4, Q = 180, cut = 1.35, visited limit = 1183514, degree limit: 80, average visited = 190, average cmps = 8888
For 10@10 recall = 0.95073, QPS = 13011.9, Q = 250, cut = 1.35, visited limit = 1183514, degree limit: 80, average visited = 255, average cmps = 11532
For 10@10 recall = 0.97848, QPS = 7101.58, Q = 500, cut = 1.35, visited limit = 1183514, degree limit: 80, average visited = 467, average cmps = 19857
For 10@10 recall = 0.98868, QPS = 4749.28, Q = 750, cut = 1.35, visited limit = 1183514, degree limit: 80, average visited = 660, average cmps = 26916
For 10@10 recall = 0.99339, QPS = 3799.88, Q = 1000, cut = 1.35, visited limit = 1183514, degree limit: 80, average visited = 832, average cmps = 33373

Parlay time: 36.3466
