Vary degree = 0
Ground truth: detected 10000 points with num results 100
Data: detected 1183514 points with dimension 100
Aligning bytes to 448
Data: detected 10000 points with dimension 100
Aligning bytes to 448
Graph: detected 1183514 points with max degree 80
Total edges read from file: 61493185
start index = 0
Average visited: 0, Tail visited: 0
Vamana graph built with 1183514 points and parameters R = 100, L = 200
Graph has average degree 51.9581 and maximum degree 80
Graph built in 0 seconds
BUILD_DISTANCES 0
For 10@10 recall = 0.26475, QPS = 299922, Q = 10, cut = 1.35, visited limit = 10, degree limit: 50, average visited = 10, average cmps = 464
For 10@10 recall = 0.33129, QPS = 253492, Q = 11, cut = 1.35, visited limit = 11, degree limit: 55, average visited = 11, average cmps = 538
For 10@10 recall = 0.4304, QPS = 197546, Q = 13, cut = 1.35, visited limit = 13, degree limit: 65, average visited = 13, average cmps = 671
For 10@10 recall = 0.5163, QPS = 156981, Q = 16, cut = 1.35, visited limit = 16, degree limit: 80, average visited = 16, average cmps = 820
For 10@10 recall = 0.6062, QPS = 145406, Q = 11, cut = 1.35, visited limit = 1183514, degree limit: 80, average visited = 19, average cmps = 1004
For 10@10 recall = 0.72888, QPS = 70961.2, Q = 35, cut = 1.35, visited limit = 35, degree limit: 80, average visited = 35, average cmps = 1714
For 10@10 recall = 0.75414, QPS = 53253.2, Q = 28, cut = 1.35, visited limit = 1183514, degree limit: 80, average visited = 37, average cmps = 1875
For 10@10 recall = 0.80068, QPS = 41789.6, Q = 40, cut = 1.35, visited limit = 1183514, degree limit: 80, average visited = 50, average cmps = 2473
For 10@10 recall = 0.85142, QPS = 28902.5, Q = 65, cut = 1.35, visited limit = 1183514, degree limit: 80, average visited = 76, average cmps = 3598
For 10@10 recall = 0.90256, QPS = 17540.3, Q = 120, cut = 1.35, visited limit = 1183514, degree limit: 80, average visited = 132, average cmps = 5964
For 10@10 recall = 0.93073, QPS = 12384.3, Q = 180, cut = 1.35, visited limit = 1183514, degree limit: 80, average visited = 190, average cmps = 8285
For 10@10 recall = 0.95467, QPS = 8828.37, Q = 275, cut = 1.35, visited limit = 1183514, degree limit: 80, average visited = 279, average cmps = 11525
For 10@10 recall = 0.97745, QPS = 5249.76, Q = 500, cut = 1.35, visited limit = 1183514, degree limit: 80, average visited = 468, average cmps = 18600
For 10@10 recall = 0.98742, QPS = 3600.09, Q = 750, cut = 1.35, visited limit = 1183514, degree limit: 80, average visited = 663, average cmps = 25267
For 10@10 recall = 0.99239, QPS = 2916.23, Q = 1000, cut = 1.35, visited limit = 1183514, degree limit: 80, average visited = 834, average cmps = 31331

Parlay time: 41.8936
