Vary degree = 0
Ground truth: detected 10000 points with num results 100
Data: detected 1183514 points with dimension 100
Aligning bytes to 448
Data: detected 10000 points with dimension 100
Aligning bytes to 448
Graph: detected 1183514 points with max degree 80
Total edges read from file: 63734648
start index = 0
Average visited: 0, Tail visited: 0
Vamana graph built with 1183514 points and parameters R = 100, L = 200
Graph has average degree 53.852 and maximum degree 80
Graph built in 0 seconds
BUILD_DISTANCES 0
For 10@10 recall = 0.2754, QPS = 342290, Q = 10, cut = 1.35, visited limit = 10, degree limit: 50, average visited = 10, average cmps = 470
For 10@10 recall = 0.34451, QPS = 290301, Q = 11, cut = 1.35, visited limit = 11, degree limit: 55, average visited = 11, average cmps = 551
For 10@10 recall = 0.40291, QPS = 254065, Q = 12, cut = 1.35, visited limit = 12, degree limit: 60, average visited = 12, average cmps = 630
For 10@10 recall = 0.50707, QPS = 190665, Q = 15, cut = 1.35, visited limit = 15, degree limit: 75, average visited = 15, average cmps = 801
For 10@10 recall = 0.60595, QPS = 144841, Q = 20, cut = 1.35, visited limit = 20, degree limit: 80, average visited = 20, average cmps = 1046
For 10@10 recall = 0.70999, QPS = 96027.3, Q = 30, cut = 1.35, visited limit = 30, degree limit: 80, average visited = 30, average cmps = 1530
For 10@10 recall = 0.75671, QPS = 72194.9, Q = 26, cut = 1.35, visited limit = 1183514, degree limit: 80, average visited = 35, average cmps = 1827
For 10@10 recall = 0.8049, QPS = 55924.3, Q = 38, cut = 1.35, visited limit = 1183514, degree limit: 80, average visited = 47, average cmps = 2417
For 10@10 recall = 0.85376, QPS = 39426.6, Q = 60, cut = 1.35, visited limit = 1183514, degree limit: 80, average visited = 70, average cmps = 3510
For 10@10 recall = 0.91205, QPS = 22262.9, Q = 120, cut = 1.35, visited limit = 1183514, degree limit: 80, average visited = 131, average cmps = 6125
For 10@10 recall = 0.93166, QPS = 17481.1, Q = 160, cut = 1.35, visited limit = 1183514, degree limit: 80, average visited = 171, average cmps = 7702
For 10@10 recall = 0.95108, QPS = 13208.9, Q = 225, cut = 1.35, visited limit = 1183514, degree limit: 80, average visited = 232, average cmps = 10105
For 10@10 recall = 0.97295, QPS = 8445.61, Q = 375, cut = 1.35, visited limit = 1183514, degree limit: 80, average visited = 365, average cmps = 15074
For 10@10 recall = 0.98173, QPS = 6615.47, Q = 500, cut = 1.35, visited limit = 1183514, degree limit: 80, average visited = 466, average cmps = 19003
For 10@10 recall = 0.99052, QPS = 4466.05, Q = 750, cut = 1.35, visited limit = 1183514, degree limit: 80, average visited = 660, average cmps = 25802

Parlay time: 37.0215
