Vary degree = 0
Ground truth: detected 10000 points with num results 100
Data: detected 100000000 points with dimension 96
Data: detected 10000 points with dimension 96
Graph: detected 100000000 points with max degree 80
Total edges read from file: 3432119611
start index = 0
Average visited: 0, Tail visited: 0
Vamana graph built with 100000000 points and parameters R = 64, L = 128
Graph has average degree 34.3212 and maximum degree 80
Graph built in 0 seconds
BUILD_DISTANCES 0
For 10@10 recall = 0.18738, QPS = 396024, Q = 10, cut = 1.35, visited limit = 10, degree limit: 50, average visited = 10, average cmps = 409
For 10@10 recall = 0.25635, QPS = 321792, Q = 11, cut = 1.35, visited limit = 11, degree limit: 55, average visited = 11, average cmps = 466
For 10@10 recall = 0.32049, QPS = 289310, Q = 12, cut = 1.35, visited limit = 12, degree limit: 60, average visited = 12, average cmps = 520
For 10@10 recall = 0.4195, QPS = 258592, Q = 14, cut = 1.35, visited limit = 14, degree limit: 70, average visited = 14, average cmps = 604
For 10@10 recall = 0.53252, QPS = 207930, Q = 17, cut = 1.35, visited limit = 17, degree limit: 80, average visited = 17, average cmps = 719
For 10@10 recall = 0.61356, QPS = 179498, Q = 20, cut = 1.35, visited limit = 20, degree limit: 80, average visited = 20, average cmps = 833
For 10@10 recall = 0.71592, QPS = 136748, Q = 26, cut = 1.35, visited limit = 26, degree limit: 80, average visited = 26, average cmps = 1056
For 10@10 recall = 0.76069, QPS = 120087, Q = 30, cut = 1.35, visited limit = 30, degree limit: 80, average visited = 30, average cmps = 1203
For 10@10 recall = 0.81112, QPS = 95166.5, Q = 24, cut = 1.35, visited limit = 100000000, degree limit: 80, average visited = 35, average cmps = 1402
For 10@10 recall = 0.85185, QPS = 76326.6, Q = 32, cut = 1.35, visited limit = 100000000, degree limit: 80, average visited = 43, average cmps = 1690
For 10@10 recall = 0.90212, QPS = 56243.3, Q = 50, cut = 1.35, visited limit = 100000000, degree limit: 80, average visited = 60, average cmps = 2334
For 10@10 recall = 0.93229, QPS = 44973.1, Q = 70, cut = 1.35, visited limit = 100000000, degree limit: 80, average visited = 80, average cmps = 2986
For 10@10 recall = 0.95629, QPS = 36545.8, Q = 100, cut = 1.35, visited limit = 100000000, degree limit: 80, average visited = 110, average cmps = 3922
For 10@10 recall = 0.97193, QPS = 27630.2, Q = 140, cut = 1.35, visited limit = 100000000, degree limit: 80, average visited = 148, average cmps = 5075
For 10@10 recall = 0.98297, QPS = 20415.2, Q = 200, cut = 1.35, visited limit = 100000000, degree limit: 80, average visited = 201, average cmps = 6673
For 10@10 recall = 0.9905, QPS = 14645.5, Q = 300, cut = 1.35, visited limit = 100000000, degree limit: 80, average visited = 282, average cmps = 9040
For 10@10 recall = 0.99569, QPS = 9805.63, Q = 500, cut = 1.35, visited limit = 100000000, degree limit: 80, average visited = 416, average cmps = 12881

Parlay time: 55.1187
