Vary degree = 0
Ground truth: detected 10000 points with num results 100
Data: detected 10000000 points with dimension 96
Data: detected 10000 points with dimension 96
Graph: detected 10000000 points with max degree 80
Total edges read from file: 322416508
start index = 0
Average visited: 0, Tail visited: 0
Vamana graph built with 10000000 points and parameters R = 64, L = 128
Graph has average degree 32.2417 and maximum degree 80
Graph built in 0 seconds
BUILD_DISTANCES 0
For 100@100 recall = 0.180538, QPS = 304627, Q = 100, cut = 1.35, visited limit = 10, degree limit: 50, average visited = 10, average cmps = 381
For 100@100 recall = 0.226186, QPS = 285250, Q = 100, cut = 1.35, visited limit = 11, degree limit: 55, average visited = 11, average cmps = 425
For 100@100 recall = 0.305791, QPS = 243315, Q = 100, cut = 1.35, visited limit = 13, degree limit: 65, average visited = 13, average cmps = 501
For 100@100 recall = 0.401701, QPS = 198989, Q = 100, cut = 1.35, visited limit = 16, degree limit: 80, average visited = 16, average cmps = 602
For 100@100 recall = 0.518531, QPS = 154261, Q = 100, cut = 1.35, visited limit = 21, degree limit: 80, average visited = 21, average cmps = 763
For 100@100 recall = 0.601494, QPS = 120623, Q = 100, cut = 1.35, visited limit = 26, degree limit: 80, average visited = 26, average cmps = 920
For 100@100 recall = 0.701669, QPS = 94784, Q = 100, cut = 1.35, visited limit = 35, degree limit: 80, average visited = 35, average cmps = 1192
For 100@100 recall = 0.927289, QPS = 5358.02, Q = 100, cut = 1.35, visited limit = 10000000, degree limit: 80, average visited = 109, average cmps = 3275
For 100@100 recall = 0.942815, QPS = 27847.4, Q = 120, cut = 1.35, visited limit = 10000000, degree limit: 80, average visited = 128, average cmps = 3817
For 100@100 recall = 0.954173, QPS = 24961.4, Q = 140, cut = 1.35, visited limit = 10000000, degree limit: 80, average visited = 149, average cmps = 4239
For 100@100 recall = 0.973244, QPS = 18782.9, Q = 200, cut = 1.35, visited limit = 10000000, degree limit: 80, average visited = 211, average cmps = 5610
For 100@100 recall = 0.980917, QPS = 15505.4, Q = 250, cut = 1.35, visited limit = 10000000, degree limit: 80, average visited = 261, average cmps = 6754
For 100@100 recall = 0.990411, QPS = 10781.7, Q = 375, cut = 1.35, visited limit = 10000000, degree limit: 80, average visited = 392, average cmps = 9225
For 100@100 recall = 0.99713, QPS = 5975.52, Q = 750, cut = 1.35, visited limit = 10000000, degree limit: 80, average visited = 768, average cmps = 15935

Parlay time: 27.2874
