Vary degree = 0
Ground truth: detected 1000 points with num results 100
Data: detected 1000000 points with dimension 960
Data: detected 1000 points with dimension 960
Graph: detected 1000000 points with max degree 80
Total edges read from file: 16897747
start index = 0
Average visited: 0, Tail visited: 0
Vamana graph built with 1000000 points and parameters R = 64, L = 128
Graph has average degree 16.8977 and maximum degree 80
Graph built in 0 seconds
BUILD_DISTANCES 0
For 10@10 recall = 0.2186, QPS = 33263.5, Q = 10, cut = 1.35, visited limit = 10, degree limit: 50, average visited = 10, average cmps = 346
For 10@10 recall = 0.319, QPS = 24115.6, Q = 12, cut = 1.35, visited limit = 12, degree limit: 60, average visited = 12, average cmps = 442
For 10@10 recall = 0.4188, QPS = 18485.3, Q = 15, cut = 1.35, visited limit = 15, degree limit: 75, average visited = 15, average cmps = 558
For 10@10 recall = 0.5185, QPS = 23052.1, Q = 10, cut = 1.35, visited limit = 1000000, degree limit: 80, average visited = 18, average cmps = 687
For 10@10 recall = 0.6298, QPS = 15613, Q = 16, cut = 1.35, visited limit = 1000000, degree limit: 80, average visited = 25, average cmps = 926
For 10@10 recall = 0.7192, QPS = 7704.81, Q = 35, cut = 1.35, visited limit = 35, degree limit: 80, average visited = 35, average cmps = 1238
For 10@10 recall = 0.7583, QPS = 6339.63, Q = 30, cut = 1.35, visited limit = 1000000, degree limit: 80, average visited = 39, average cmps = 1386
For 10@10 recall = 0.8038, QPS = 5357.02, Q = 38, cut = 1.35, visited limit = 1000000, degree limit: 80, average visited = 47, average cmps = 1653
For 10@10 recall = 0.8608, QPS = 4042.04, Q = 55, cut = 1.35, visited limit = 1000000, degree limit: 80, average visited = 64, average cmps = 2199
For 10@10 recall = 0.9085, QPS = 3049.4, Q = 80, cut = 1.35, visited limit = 1000000, degree limit: 80, average visited = 89, average cmps = 2934
For 10@10 recall = 0.9307, QPS = 2533.53, Q = 100, cut = 1.35, visited limit = 1000000, degree limit: 80, average visited = 110, average cmps = 3474
For 10@10 recall = 0.9564, QPS = 1935.58, Q = 140, cut = 1.35, visited limit = 1000000, degree limit: 80, average visited = 151, average cmps = 4531
For 10@10 recall = 0.9721, QPS = 1455.04, Q = 200, cut = 1.35, visited limit = 1000000, degree limit: 80, average visited = 213, average cmps = 6016
For 10@10 recall = 0.9827, QPS = 1128.5, Q = 275, cut = 1.35, visited limit = 1000000, degree limit: 80, average visited = 290, average cmps = 7741
For 10@10 recall = 0.9927, QPS = 707.166, Q = 500, cut = 1.35, visited limit = 1000000, degree limit: 80, average visited = 511, average cmps = 12340
For 10@10 recall = 0.9962, QPS = 520.917, Q = 750, cut = 1.35, visited limit = 1000000, degree limit: 80, average visited = 755, average cmps = 16627

Parlay time: 30.3868
