Vary degree = 0
Ground truth: detected 10000 points with num results 100
Data: detected 1183514 points with dimension 100
Aligning bytes to 448
Data: detected 10000 points with dimension 100
Aligning bytes to 448
Graph: detected 1183514 points with max degree 80
Total edges read from file: 53840497
start index = 0
Average visited: 0, Tail visited: 0
Vamana graph built with 1183514 points and parameters R = 100, L = 200
Graph has average degree 45.4921 and maximum degree 80
Graph built in 0 seconds
BUILD_DISTANCES 0
For 10@10 recall = 0.25567, QPS = 395538, Q = 10, cut = 1.35, visited limit = 10, degree limit: 50, average visited = 10, average cmps = 425
For 10@10 recall = 0.31613, QPS = 336995, Q = 11, cut = 1.35, visited limit = 11, degree limit: 55, average visited = 11, average cmps = 491
For 10@10 recall = 0.41203, QPS = 259410, Q = 13, cut = 1.35, visited limit = 13, degree limit: 65, average visited = 13, average cmps = 610
For 10@10 recall = 0.50181, QPS = 209661, Q = 16, cut = 1.35, visited limit = 16, degree limit: 80, average visited = 16, average cmps = 746
For 10@10 recall = 0.60101, QPS = 158667, Q = 21, cut = 1.35, visited limit = 21, degree limit: 80, average visited = 21, average cmps = 962
For 10@10 recall = 0.70126, QPS = 100685, Q = 18, cut = 1.35, visited limit = 1183514, degree limit: 80, average visited = 28, average cmps = 1285
For 10@10 recall = 0.75899, QPS = 79964.2, Q = 26, cut = 1.35, visited limit = 1183514, degree limit: 80, average visited = 36, average cmps = 1661
For 10@10 recall = 0.80056, QPS = 64572.8, Q = 36, cut = 1.35, visited limit = 1183514, degree limit: 80, average visited = 47, average cmps = 2102
For 10@10 recall = 0.85627, QPS = 43865, Q = 60, cut = 1.35, visited limit = 1183514, degree limit: 80, average visited = 71, average cmps = 3149
For 10@10 recall = 0.90124, QPS = 29041.3, Q = 100, cut = 1.35, visited limit = 1183514, degree limit: 80, average visited = 112, average cmps = 4642
For 10@10 recall = 0.93156, QPS = 19841.6, Q = 160, cut = 1.35, visited limit = 1183514, degree limit: 80, average visited = 172, average cmps = 6792
For 10@10 recall = 0.95425, QPS = 13658.4, Q = 250, cut = 1.35, visited limit = 1183514, degree limit: 80, average visited = 255, average cmps = 9720
For 10@10 recall = 0.97128, QPS = 9410.25, Q = 375, cut = 1.35, visited limit = 1183514, degree limit: 80, average visited = 369, average cmps = 13328
For 10@10 recall = 0.98837, QPS = 5029.48, Q = 750, cut = 1.35, visited limit = 1183514, degree limit: 80, average visited = 666, average cmps = 22790
For 10@10 recall = 0.99272, QPS = 4028.05, Q = 1000, cut = 1.35, visited limit = 1183514, degree limit: 80, average visited = 839, average cmps = 28241

Parlay time: 34.3341
