Vary degree = 0
Ground truth: detected 10000 points with num results 100
Data: detected 1000000 points with dimension 128
Data: detected 10000 points with dimension 128
Graph: detected 1000000 points with max degree 80
Total edges read from file: 25869333
start index = 0
Average visited: 0, Tail visited: 0
Vamana graph built with 1000000 points and parameters R = 64, L = 128
Graph has average degree 25.8693 and maximum degree 80
Graph built in 0 seconds
BUILD_DISTANCES 0
For 100@100 recall = 0.180639, QPS = 400914, Q = 100, cut = 1.35, visited limit = 10, degree limit: 50, average visited = 10, average cmps = 317
For 100@100 recall = 0.211683, QPS = 373539, Q = 100, cut = 1.35, visited limit = 11, degree limit: 55, average visited = 11, average cmps = 348
For 100@100 recall = 0.318489, QPS = 293427, Q = 100, cut = 1.35, visited limit = 14, degree limit: 70, average visited = 14, average cmps = 430
For 100@100 recall = 0.411358, QPS = 246324, Q = 100, cut = 1.35, visited limit = 17, degree limit: 80, average visited = 17, average cmps = 506
For 100@100 recall = 0.51129, QPS = 204830, Q = 100, cut = 1.35, visited limit = 21, degree limit: 80, average visited = 21, average cmps = 604
For 100@100 recall = 0.607091, QPS = 170439, Q = 100, cut = 1.35, visited limit = 26, degree limit: 80, average visited = 26, average cmps = 723
For 100@100 recall = 0.72333, QPS = 132291, Q = 100, cut = 1.35, visited limit = 35, degree limit: 80, average visited = 35, average cmps = 931
For 100@100 recall = 0.962567, QPS = 46194.1, Q = 100, cut = 1.35, visited limit = 1000000, degree limit: 80, average visited = 109, average cmps = 2505
For 100@100 recall = 0.97382, QPS = 40731.2, Q = 120, cut = 1.35, visited limit = 1000000, degree limit: 80, average visited = 129, average cmps = 2908
For 100@100 recall = 0.986187, QPS = 33551.6, Q = 160, cut = 1.35, visited limit = 1000000, degree limit: 80, average visited = 171, average cmps = 3598
For 100@100 recall = 0.991865, QPS = 27430.1, Q = 200, cut = 1.35, visited limit = 1000000, degree limit: 80, average visited = 212, average cmps = 4240
For 100@100 recall = 0.995249, QPS = 22637.4, Q = 250, cut = 1.35, visited limit = 1000000, degree limit: 80, average visited = 262, average cmps = 5079
For 100@100 recall = 0.99922, QPS = 13192.2, Q = 500, cut = 1.35, visited limit = 1000000, degree limit: 80, average visited = 515, average cmps = 8584
For 100@100 recall = 0.9997, QPS = 8884.25, Q = 750, cut = 1.35, visited limit = 1000000, degree limit: 80, average visited = 759, average cmps = 11531

Parlay time: 19.2749
