Vary degree = 0
Ground truth: detected 10000 points with num results 100
Data: detected 6350000 points with dimension 1024
Data: detected 10000 points with dimension 1024
Graph: detected 6350000 points with max degree 80
Total edges read from file: 241269167
start index = 0
Average visited: 0, Tail visited: 0
Vamana graph built with 6350000 points and parameters R = 64, L = 128
Graph has average degree 37.9951 and maximum degree 80
Graph built in 0 seconds
BUILD_DISTANCES 0
For 10@10 recall = 0.35012, QPS = 44988.1, Q = 10, cut = 1.35, visited limit = 10, degree limit: 50, average visited = 10, average cmps = 418
For 10@10 recall = 0.42648, QPS = 39594.9, Q = 11, cut = 1.35, visited limit = 11, degree limit: 55, average visited = 11, average cmps = 477
For 10@10 recall = 0.5404, QPS = 32054.2, Q = 13, cut = 1.35, visited limit = 13, degree limit: 65, average visited = 13, average cmps = 580
For 10@10 recall = 0.61111, QPS = 27712, Q = 15, cut = 1.35, visited limit = 15, degree limit: 75, average visited = 15, average cmps = 657
For 10@10 recall = 0.70132, QPS = 22005.1, Q = 19, cut = 1.35, visited limit = 19, degree limit: 80, average visited = 19, average cmps = 806
For 10@10 recall = 0.75862, QPS = 19294.8, Q = 12, cut = 1.35, visited limit = 6350000, degree limit: 80, average visited = 20, average cmps = 873
For 10@10 recall = 0.80044, QPS = 15037.7, Q = 28, cut = 1.35, visited limit = 28, degree limit: 80, average visited = 28, average cmps = 1134
For 10@10 recall = 0.85143, QPS = 12188.4, Q = 24, cut = 1.35, visited limit = 6350000, degree limit: 80, average visited = 33, average cmps = 1341
For 10@10 recall = 0.90614, QPS = 7655.55, Q = 45, cut = 1.35, visited limit = 6350000, degree limit: 80, average visited = 55, average cmps = 2103
For 10@10 recall = 0.93133, QPS = 5726.91, Q = 65, cut = 1.35, visited limit = 6350000, degree limit: 80, average visited = 76, average cmps = 2766
For 10@10 recall = 0.95029, QPS = 4029.53, Q = 100, cut = 1.35, visited limit = 6350000, degree limit: 80, average visited = 111, average cmps = 3857
For 10@10 recall = 0.97041, QPS = 2256.93, Q = 200, cut = 1.35, visited limit = 6350000, degree limit: 80, average visited = 215, average cmps = 6676
For 10@10 recall = 0.98258, QPS = 1085.9, Q = 500, cut = 1.35, visited limit = 6350000, degree limit: 80, average visited = 511, average cmps = 13869

Parlay time: 214.6339
